Component: ARM Compiler 5.06 update 5 (build 528) Tool: armlink [4d35e2]

==============================================================================

Section Cross References

    main.o(i.DIS) refers to lcd.o(i.LCD_ShowString) for LCD_ShowString
    main.o(i.DIS) refers to lcd.o(i.LCD_ShowxNum) for LCD_ShowxNum
    main.o(i.DIS) refers to usart3.o(.data) for pos_x
    main.o(i.DIS) refers to main.o(.data) for .data
    main.o(i.back) refers to can.o(i.CAN_RoboModule_DRV_Velocity_Mode) for CAN_RoboModule_DRV_Velocity_Mode
    main.o(i.back) refers to delay.o(i.delay_ms) for delay_ms
    main.o(i.back) refers to main.o(.data) for .data
    main.o(i.back) refers to usart3.o(.data) for pos_y
    main.o(i.dw) refers to delay.o(i.delay_ms) for delay_ms
    main.o(i.dw) refers to can.o(i.CAN_RoboModule_DRV_Velocity_Mode) for CAN_RoboModule_DRV_Velocity_Mode
    main.o(i.dw) refers to usart3.o(.data) for pos_x
    main.o(i.dw) refers to main.o(.data) for .data
    main.o(i.fly) refers to can.o(i.CAN_RoboModule_DRV_Velocity_Mode) for CAN_RoboModule_DRV_Velocity_Mode
    main.o(i.fly) refers to delay.o(i.delay_ms) for delay_ms
    main.o(i.fly) refers to main.o(i.dw) for dw
    main.o(i.fly) refers to main.o(.data) for .data
    main.o(i.fly) refers to usart3.o(.data) for pos_y
    main.o(i.fly2) refers to can.o(i.CAN_RoboModule_DRV_Velocity_Mode) for CAN_RoboModule_DRV_Velocity_Mode
    main.o(i.fly2) refers to delay.o(i.delay_ms) for delay_ms
    main.o(i.fly2) refers to main.o(.data) for .data
    main.o(i.fly2) refers to usart3.o(.data) for pos_x
    main.o(i.flydw) refers to delay.o(i.delay_ms) for delay_ms
    main.o(i.flydw) refers to can.o(i.CAN_RoboModule_DRV_Velocity_Mode) for CAN_RoboModule_DRV_Velocity_Mode
    main.o(i.flydw) refers to usart3.o(.data) for pos_x
    main.o(i.flydw) refers to main.o(.data) for .data
    main.o(i.getb) refers to delay.o(i.delay_ms) for delay_ms
    main.o(i.getb) refers to can.o(i.CAN_RoboModule_DRV_Velocity_Mode) for CAN_RoboModule_DRV_Velocity_Mode
    main.o(i.getb) refers to main.o(.data) for .data
    main.o(i.getb) refers to usart3.o(.data) for pos_x
    main.o(i.judge) refers to stm32f4xx_hal_gpio.o(i.HAL_GPIO_ReadPin) for HAL_GPIO_ReadPin
    main.o(i.judge) refers to main.o(i.lg) for lg
    main.o(i.judge) refers to delay.o(i.delay_ms) for delay_ms
    main.o(i.judge) refers to stm32f4xx_hal_gpio.o(i.HAL_GPIO_WritePin) for HAL_GPIO_WritePin
    main.o(i.judge) refers to main.o(i.rg) for rg
    main.o(i.jzdw) refers to delay.o(i.delay_ms) for delay_ms
    main.o(i.jzdw) refers to can.o(i.CAN_RoboModule_DRV_Velocity_Mode) for CAN_RoboModule_DRV_Velocity_Mode
    main.o(i.jzdw) refers to main.o(i.zxfun) for zxfun
    main.o(i.jzdw) refers to usart3.o(.data) for pos_x
    main.o(i.jzdw) refers to main.o(.data) for .data
    main.o(i.jzzx) refers to delay.o(i.delay_ms) for delay_ms
    main.o(i.jzzx) refers to can.o(i.CAN_RoboModule_DRV_Velocity_Mode) for CAN_RoboModule_DRV_Velocity_Mode
    main.o(i.jzzx) refers to usart3.o(.data) for zangle
    main.o(i.jzzx) refers to main.o(.data) for .data
    main.o(i.ksdw) refers to delay.o(i.delay_ms) for delay_ms
    main.o(i.ksdw) refers to can.o(i.CAN_RoboModule_DRV_Velocity_Mode) for CAN_RoboModule_DRV_Velocity_Mode
    main.o(i.ksdw) refers to usart3.o(.data) for pos_x
    main.o(i.ksdw) refers to main.o(.data) for .data
    main.o(i.kszx) refers to delay.o(i.delay_ms) for delay_ms
    main.o(i.kszx) refers to can.o(i.CAN_RoboModule_DRV_Velocity_Mode) for CAN_RoboModule_DRV_Velocity_Mode
    main.o(i.kszx) refers to main.o(i.jdz) for jdz
    main.o(i.kszx) refers to main.o(.data) for .data
    main.o(i.kszx) refers to usart3.o(.data) for zangle
    main.o(i.lb) refers to stm32f4xx_hal_gpio.o(i.HAL_GPIO_WritePin) for HAL_GPIO_WritePin
    main.o(i.lb) refers to delay.o(i.delay_ms) for delay_ms
    main.o(i.lg) refers to stm32f4xx_hal_gpio.o(i.HAL_GPIO_WritePin) for HAL_GPIO_WritePin
    main.o(i.lg) refers to delay.o(i.delay_ms) for delay_ms
    main.o(i.lt) refers to stm32f4xx_hal_gpio.o(i.HAL_GPIO_WritePin) for HAL_GPIO_WritePin
    main.o(i.lt) refers to delay.o(i.delay_ms) for delay_ms
    main.o(i.main) refers to stm32f4xx_hal.o(i.HAL_Init) for HAL_Init
    main.o(i.main) refers to sys.o(i.Stm32_Clock_Init) for Stm32_Clock_Init
    main.o(i.main) refers to delay.o(i.delay_init) for delay_init
    main.o(i.main) refers to led.o(i.LED_Init) for LED_Init
    main.o(i.main) refers to key.o(i.KEY_Init) for KEY_Init
    main.o(i.main) refers to usart.o(i.uart_init) for uart_init
    main.o(i.main) refers to usart3.o(i.uart3_init) for uart3_init
    main.o(i.main) refers to sdram.o(i.SDRAM_Init) for SDRAM_Init
    main.o(i.main) refers to lcd.o(i.LCD_Init) for LCD_Init
    main.o(i.main) refers to exti.o(i.EXTI_Init) for EXTI_Init
    main.o(i.main) refers to can.o(i.CAN1_Mode_Init) for CAN1_Mode_Init
    main.o(i.main) refers to delay.o(i.delay_ms) for delay_ms
[...]
    i.FMC_NORSRAM_Init                       0x08000b48   Section        0  stm32f4xx_ll_fmc.o(i.FMC_NORSRAM_Init)
    i.FMC_NORSRAM_Timing_Init                0x08000bc0   Section        0  stm32f4xx_ll_fmc.o(i.FMC_NORSRAM_Timing_Init)
    i.FMC_SDRAM_Init                         0x08000c1c   Section        0  stm32f4xx_ll_fmc.o(i.FMC_SDRAM_Init)
    i.FMC_SDRAM_ProgramRefreshRate           0x08000c68   Section        0  stm32f4xx_ll_fmc.o(i.FMC_SDRAM_ProgramRefreshRate)
    i.FMC_SDRAM_SendCommand                  0x08000c74   Section        0  stm32f4xx_ll_fmc.o(i.FMC_SDRAM_SendCommand)
    i.FMC_SDRAM_Timing_Init                  0x08000cbc   Section        0  stm32f4xx_ll_fmc.o(i.FMC_SDRAM_Timing_Init)
    i.HAL_CAN_ConfigFilter                   0x08000d38   Section        0  stm32f4xx_hal_can.o(i.HAL_CAN_ConfigFilter)
    i.HAL_CAN_Init                           0x08000e1c   Section        0  stm32f4xx_hal_can.o(i.HAL_CAN_Init)
    i.HAL_CAN_MspInit                        0x08000f60   Section        0  can.o(i.HAL_CAN_MspInit)
    i.HAL_CAN_Receive                        0x08000fb4   Section        0  stm32f4xx_hal_can.o(i.HAL_CAN_Receive)
    i.HAL_CAN_Transmit                       0x080010f4   Section        0  stm32f4xx_hal_can.o(i.HAL_CAN_Transmit)
    i.HAL_GPIO_EXTI_Callback                 0x08001268   Section        0  exti.o(i.HAL_GPIO_EXTI_Callback)
    i.HAL_GPIO_EXTI_IRQHandler               0x080012e4   Section        0  stm32f4xx_hal_gpio.o(i.HAL_GPIO_EXTI_IRQHandler)
    i.HAL_GPIO_Init                          0x080012fc   Section        0  stm32f4xx_hal_gpio.o(i.HAL_GPIO_Init)
    i.HAL_GPIO_ReadPin                       0x080014d8   Section        0  stm32f4xx_hal_gpio.o(i.HAL_GPIO_ReadPin)
    i.HAL_GPIO_WritePin                      0x080014e2   Section        0  stm32f4xx_hal_gpio.o(i.HAL_GPIO_WritePin)
    i.HAL_GetTick                            0x080014ec   Section        0  stm32f4xx_hal.o(i.HAL_GetTick)
    i.HAL_IncTick                            0x080014f8   Section        0  stm32f4xx_hal.o(i.HAL_IncTick)
    i.HAL_Init                               0x08001508   Section        0  stm32f4xx_hal.o(i.HAL_Init)
    i.HAL_InitTick                           0x0800153c   Section        0  stm32f4xx_hal.o(i.HAL_InitTick)
    i.HAL_LTDC_ConfigLayer                   0x0800155e   Section        0  stm32f4xx_hal_ltdc.o(i.HAL_LTDC_ConfigLayer)
    i.HAL_LTDC_Init                          0x080015b0   Section        0  stm32f4xx_hal_ltdc.o(i.HAL_LTDC_Init)
    i.HAL_LTDC_MspInit                       0x080016ac   Section        0  ltdc.o(i.HAL_LTDC_MspInit)
    i.HAL_LTDC_SetWindowPosition             0x080017a0   Section        0  stm32f4xx_hal_ltdc.o(i.HAL_LTDC_SetWindowPosition)
    i.HAL_LTDC_SetWindowSize                 0x080017f4   Section        0  stm32f4xx_hal_ltdc.o(i.HAL_LTDC_SetWindowSize)
    i.HAL_MspInit                            0x08001848   Section        0  stm32f4xx_hal.o(i.HAL_MspInit)
    i.HAL_NVIC_EnableIRQ                     0x08001850   Section        0  stm32f4xx_hal_cortex.o(i.HAL_NVIC_EnableIRQ)
    i.HAL_NVIC_SetPriority                   0x08001868   Section        0  stm32f4xx_hal_cortex.o(i.HAL_NVIC_SetPriority)
    i.HAL_NVIC_SetPriorityGrouping           0x080018a8   Section        0  stm32f4xx_hal_cortex.o(i.HAL_NVIC_SetPriorityGrouping)
    i.HAL_PWREx_EnableOverDrive              0x080018cc   Section        0  stm32f4xx_hal_pwr_ex.o(i.HAL_PWREx_EnableOverDrive)
    i.HAL_RCCEx_PeriphCLKConfig              0x08001954   Section        0  stm32f4xx_hal_rcc_ex.o(i.HAL_RCCEx_PeriphCLKConfig)
    i.HAL_RCC_ClockConfig                    0x08001bfc   Section        0  stm32f4xx_hal_rcc.o(i.HAL_RCC_ClockConfig)
    i.HAL_RCC_GetHCLKFreq                    0x08001e04   Section        0  stm32f4xx_hal_rcc.o(i.HAL_RCC_GetHCLKFreq)
    i.HAL_RCC_GetPCLK1Freq                   0x08001e38   Section        0  stm32f4xx_hal_rcc.o(i.HAL_RCC_GetPCLK1Freq)
    i.HAL_RCC_GetPCLK2Freq                   0x08001e64   Section        0  stm32f4xx_hal_rcc.o(i.HAL_RCC_GetPCLK2Freq)
    i.HAL_RCC_GetSysClockFreq                0x08001e90   Section        0  stm32f4xx_hal_rcc.o(i.HAL_RCC_GetSysClockFreq)
    i.HAL_RCC_OscConfig                      0x08001f04   Section        0  stm32f4xx_hal_rcc.o(i.HAL_RCC_OscConfig)
    i.HAL_SDRAM_Init                         0x08002220   Section        0  stm32f4xx_hal_sdram.o(i.HAL_SDRAM_Init)
    i.HAL_SDRAM_MspInit                      0x08002264   Section        0  sdram.o(i.HAL_SDRAM_MspInit)
    i.HAL_SDRAM_ProgramRefreshRate           0x08002340   Section        0  stm32f4xx_hal_sdram.o(i.HAL_SDRAM_ProgramRefreshRate)
    i.HAL_SDRAM_SendCommand                  0x08002362   Section        0  stm32f4xx_hal_sdram.o(i.HAL_SDRAM_SendCommand)
    i.HAL_SRAM_Init                          0x08002390   Section        0  stm32f4xx_hal_sram.o(i.HAL_SRAM_Init)
    i.HAL_SRAM_MspInit                       0x080023e8   Section        0  lcd.o(i.HAL_SRAM_MspInit)
    i.HAL_SYSTICK_CLKSourceConfig            0x08002460   Section        0  stm32f4xx_hal_cortex.o(i.HAL_SYSTICK_CLKSourceConfig)
    i.HAL_SYSTICK_Config                     0x08002478   Section        0  stm32f4xx_hal_cortex.o(i.HAL_SYSTICK_Config)
    i.HAL_UART_ErrorCallback                 0x080024a0   Section        0  stm32f4xx_hal_uart.o(i.HAL_UART_ErrorCallback)
    i.HAL_UART_GetState                      0x080024a2   Section        0  stm32f4xx_hal_uart.o(i.HAL_UART_GetState)
    i.HAL_UART_IRQHandler                    0x080024a8   Section        0  stm32f4xx_hal_uart.o(i.HAL_UART_IRQHandler)
    i.HAL_UART_Init                          0x0800259c   Section        0  stm32f4xx_hal_uart.o(i.HAL_UART_Init)
    i.HAL_UART_MspInit                       0x080025fc   Section        0  usart.o(i.HAL_UART_MspInit)
    i.HAL_UART_Receive_IT                    0x08002678   Section        0  stm32f4xx_hal_uart.o(i.HAL_UART_Receive_IT)
    i.HAL_UART_RxCpltCallback                0x080026e0   Section        0  usart.o(i.HAL_UART_RxCpltCallback)
    i.HAL_UART_TxCpltCallback                0x08002738   Section        0  stm32f4xx_hal_uart.o(i.HAL_UART_TxCpltCallback)
    i.HardFault_Handler                      0x0800273a   Section        0  stm32f4xx_it.o(i.HardFault_Handler)
    i.KEY_Init                               0x0800273c   Section        0  key.o(i.KEY_Init)
    i.LCD_Clear                              0x080027bc   Section        0  lcd.o(i.LCD_Clear)
    i.LCD_Display_Dir                        0x08002804   Section        0  lcd.o(i.LCD_Display_Dir)
    i.LCD_Fast_DrawPoint                     0x080028f8   Section        0  lcd.o(i.LCD_Fast_DrawPoint)
    i.LCD_Init                               0x080029f4   Section        0  lcd.o(i.LCD_Init)
    i.LCD_Pow                                0x08004d80   Section        0  lcd.o(i.LCD_Pow)
    i.LCD_RD_DATA                            0x08004d90   Section        0  lcd.o(i.LCD_RD_DATA)
    i.LCD_SSD_BackLightSet                   0x08004da4   Section        0  lcd.o(i.LCD_SSD_BackLightSet)
    i.LCD_Scan_Dir                           0x08004df4   Section        0  lcd.o(i.LCD_Scan_Dir)
    i.LCD_SetCursor                          0x08004fac   Section        0  lcd.o(i.LCD_SetCursor)
    i.LCD_ShowChar                           0x080050b0   Section        0  lcd.o(i.LCD_ShowChar)
    i.LCD_ShowString                         0x0800518c   Section        0  lcd.o(i.LCD_ShowString)
    i.LCD_ShowxNum                           0x080051e0   Section        0  lcd.o(i.LCD_ShowxNum)
    i.LCD_WR_DATA                            0x08005268   Section        0  lcd.o(i.LCD_WR_DATA)
    i.LCD_WR_REG                             0x08005280   Section        0  lcd.o(i.LCD_WR_REG)
    i.LCD_WriteRAM_Prepare                   0x08005298   Section        0  lcd.o(i.LCD_WriteRAM_Prepare)
    i.LCD_WriteReg                           0x080052ac   Section        0  lcd.o(i.LCD_WriteReg)
    i.LED_Init                               0x080052bc   Section        0  led.o(i.LED_Init)
    i.LTDC_Clear                             0x08005344   Section        0  ltdc.o(i.LTDC_Clear)
    i.LTDC_Clk_Set                           0x08005364   Section        0  ltdc.o(i.LTDC_Clk_Set)
    i.LTDC_Display_Dir                       0x08005384   Section        0  ltdc.o(i.LTDC_Display_Dir)
    i.LTDC_Draw_Point                        0x080053ac   Section        0  ltdc.o(i.LTDC_Draw_Point)
    i.LTDC_Fill                              0x080053e8   Section        0  ltdc.o(i.LTDC_Fill)
    i.LTDC_Init                              0x0800549c   Section        0  ltdc.o(i.LTDC_Init)
    i.LTDC_Layer_Parameter_Config            0x08005650   Section        0  ltdc.o(i.LTDC_Layer_Parameter_Config)
    i.LTDC_Layer_Window_Config               0x080056ac   Section        0  ltdc.o(i.LTDC_Layer_Window_Config)
    i.LTDC_PanelID_Read                      0x080056d0   Section        0  ltdc.o(i.LTDC_PanelID_Read)
    i.LTDC_SetConfig                         0x08005788   Section        0  stm32f4xx_hal_ltdc.o(i.LTDC_SetConfig)
    LTDC_SetConfig                           0x08005789   Thumb Code   354  stm32f4xx_hal_ltdc.o(i.LTDC_SetConfig)
    i.MemManage_Handler                      0x080058ea   Section        0  stm32f4xx_it.o(i.MemManage_Handler)
    i.NMI_Handler                            0x080058ec   Section        0  stm32f4xx_it.o(i.NMI_Handler)
    i.NVIC_SetPriority                       0x080058ee   Section        0  stm32f4xx_hal_cortex.o(i.NVIC_SetPriority)
    NVIC_SetPriority                         0x080058ef   Thumb Code    32  stm32f4xx_hal_cortex.o(i.NVIC_SetPriority)
    i.PendSV_Handler                         0x0800590e   Section        0  stm32f4xx_it.o(i.PendSV_Handler)
    i.SDRAM_Init                             0x08005910   Section        0  sdram.o(i.SDRAM_Init)
    i.SDRAM_Initialization_Sequence          0x08005970   Section        0  sdram.o(i.SDRAM_Initialization_Sequence)
    i.SDRAM_Send_Cmd                         0x080059c0   Section        0  sdram.o(i.SDRAM_Send_Cmd)
    i.SVC_Handler                            0x080059f4   Section        0  stm32f4xx_it.o(i.SVC_Handler)
    i.Stm32_Clock_Init                       0x080059f8   Section        0  sys.o(i.Stm32_Clock_Init)
    i.SysTick_Handler                        0x08005a7c   Section        0  stm32f4xx_it.o(i.SysTick_Handler)
    i.SystemInit                             0x08005a80   Section        0  system_stm32f4xx.o(i.SystemInit)
    i.UART_Receive_IT                        0x08005ad4   Section        0  stm32f4xx_hal_uart.o(i.UART_Receive_IT)
    UART_Receive_IT                          0x08005ad5   Thumb Code   166  stm32f4xx_hal_uart.o(i.UART_Receive_IT)
    i.UART_SetConfig                         0x08005b7c   Section        0  stm32f4xx_hal_uart.o(i.UART_SetConfig)
    UART_SetConfig                           0x08005b7d   Thumb Code   364  stm32f4xx_hal_uart.o(i.UART_SetConfig)
    i.UART_Transmit_IT                       0x08005cf0   Section        0  stm32f4xx_hal_uart.o(i.UART_Transmit_IT)
    UART_Transmit_IT                         0x08005cf1   Thumb Code   102  stm32f4xx_hal_uart.o(i.UART_Transmit_IT)
    i.USART1_IRQHandler                      0x08005d58   Section        0  usart.o(i.USART1_IRQHandler)
    i.USART3_IRQHandler                      0x08005d84   Section        0  usart3.o(i.USART3_IRQHandler)
    i.UsageFault_Handler                     0x08005e3c   Section        0  stm32f4xx_it.o(i.UsageFault_Handler)
    i._sys_exit                              0x08005e3e   Section        0  usart.o(i._sys_exit)
    i.back                                   0x08005e40   Section        0  main.o(i.back)
    i.delay_init                             0x08006034   Section        0  delay.o(i.delay_init)
    i.delay_ms                               0x08006048   Section        0  delay.o(i.delay_ms)
    i.delay_us                               0x08006064   Section        0  delay.o(i.delay_us)
    i.dw                                     0x08006098   Section        0  main.o(i.dw)
    i.fly2                                   0x08006318   Section        0  main.o(i.fly2)
    i.flydw                                  0x080065c0   Section        0  main.o(i.flydw)
    i.fputc                                  0x08006824   Section        0  usart.o(i.fputc)
    i.jdz                                    0x08006838   Section        0  main.o(i.jdz)
    i.jzdw                                   0x0800684c   Section        0  main.o(i.jzdw)
    i.jzzx                                   0x08006aa4   Section        0  main.o(i.jzzx)
    i.ksdw                                   0x08006bc8   Section        0  main.o(i.ksdw)
    i.kszx                                   0x08006e48   Section        0  main.o(i.kszx)
    i.lb                                     0x080072ac   Section        0  main.o(i.lb)
    i.lg                                     0x080072e4   Section        0  main.o(i.lg)
    i.lt                                     0x08007300   Section        0  main.o(i.lt)
    i.main                                   0x0800734c   Section        0  main.o(i.main)
    i.move3                                  0x080079b4   Section        0  main.o(i.move3)
    i.rg                                     0x08007d08   Section        0  main.o(i.rg)
    i.rt                                     0x08007d34   Section        0  main.o(i.rt)
    i.start                                  0x08007d9c   Section        0  main.o(i.start)
    i.uart3_init                             0x08007fe0   Section        0  usart3.o(i.uart3_init)
    i.uart_init                              0x08008084   Section        0  usart.o(i.uart_init)
    i.zxfun                                  0x080080bc   Section        0  main.o(i.zxfun)
    x$fpl$dfixu                              0x0800835c   Section       90  dfixu.o(x$fpl$dfixu)
    $v0                                      0x0800835c   Number         0  dfixu.o(x$fpl$dfixu)
    x$fpl$dfltu                              0x080083b6   Section       38  dflt_clz.o(x$fpl$dfltu)
    $v0                                      0x080083b6   Number         0  dflt_clz.o(x$fpl$dfltu)
    x$fpl$dmul                               0x080083dc   Section      340  dmul.o(x$fpl$dmul)
    $v0                                      0x080083dc   Number         0  dmul.o(x$fpl$dmul)
    x$fpl$dnaninf                            0x08008530   Section      156  dnaninf.o(x$fpl$dnaninf)
    $v0                                      0x08008530   Number         0  dnaninf.o(x$fpl$dnaninf)
    x$fpl$dretinf                            0x080085cc   Section       12  dretinf.o(x$fpl$dretinf)
    $v0                                      0x080085cc   Number         0  dretinf.o(x$fpl$dretinf)
    x$fpl$fpinit                             0x080085d8   Section       10  fpinit.o(x$fpl$fpinit)
    $v0                                      0x080085d8   Number         0  fpinit.o(x$fpl$fpinit)
    .constdata                               0x080085e2   Section       16  stm32f4xx_hal_rcc.o(.constdata)
    x$fpl$usenofp                            0x080085e2   Section        0  usenofp.o(x$fpl$usenofp)
    .constdata                               0x080085f2   Section    18240  lcd.o(.constdata)
    .constdata                               0x0800cd32   Section       40  _printf_hex_int.o(.constdata)
    uc_hextab                                0x0800cd32   Data          20  _printf_hex_int.o(.constdata)
    lc_hextab                                0x0800cd46   Data          20  _printf_hex_int.o(.constdata)
    .data                                    0x20000000   Section        4  main.o(.data)
    .data                                    0x20000004   Section       16  main.o(.data)
    .data                                    0x20000014   Section       20  system_stm32f4xx.o(.data)
    .data                                    0x20000028   Section        4  stm32f4xx_hal.o(.data)
    uwTick                                   0x20000028   Data           4  stm32f4xx_hal.o(.data)
    .data                                    0x2000002c   Section        4  delay.o(.data)
    fac_us                                   0x2000002c   Data           4  delay.o(.data)
    .data                                    0x20000030   Section        4  usart.o(.data)
    .data                                    0x20000034   Section        4  usart.o(.data)
    .data                                    0x20000038   Section       28  usart3.o(.data)
    ch                                       0x20000038   Data           1  usart3.o(.data)
    count                                    0x20000039   Data           1  usart3.o(.data)
    i                                        0x2000003a   Data           1  usart3.o(.data)
    .data                                    0x20000054   Section        8  lcd.o(.data)
    .data                                    0x2000005c   Section        8  ltdc.o(.data)
    .data                                    0x20000064   Section       36  can.o(.data)
    .data                                    0x20000088   Section        4  exti.o(.data)
    .bss                                     0x2000008c   Section      264  usart.o(.bss)
    .bss                                     0x20000194   Section       88  usart3.o(.bss)
    posture                                  0x20000194   Data          24  usart3.o(.bss)
    .bss                                     0x200001ec   Section       94  lcd.o(.bss)
    .bss                                     0x2000024c   Section      200  ltdc.o(.bss)
    .bss                                     0x20000314   Section       52  sdram.o(.bss)
    .bss                                     0x20000348   Section      144  can.o(.bss)
    .bss                                     0x200003d8   Section       96  libspace.o(.bss)
    HEAP                                     0x20000438   Section      512  startup_stm32f429xx.o(HEAP)
    Heap_Mem                                 0x20000438   Data         512  startup_stm32f429xx.o(HEAP)
    STACK                                    0x20000638   Section     1024  startup_stm32f429xx.o(STACK)
    Stack_Mem                                0x20000638   Data        1024  startup_stm32f429xx.o(STACK)
    __initial_sp                             0x20000a38   Data           0  startup_stm32f429xx.o(STACK)
    .ARM.__AT_0xC0000000                     0xc0000000   Section    2048000  ltdc.o(.ARM.__AT_0xC0000000)

    Global Symbols

    Symbol Name                              Value     Ov Type        Size  Object(Section)

    BuildAttributes$$THM_ISAv4$E$P$D$K$B$S$7EM$VFPi3$EXTD16$VFPS$VFMA$PE$A:L22UL41UL21$X:L11$S22US41US21$IEEE1$IW$USESV6$~STKCKD$USESV7$~SHL$OSPACE$ROPI$EBA8$UX$STANDARDLIB$REQ8$PRES8$EABIv2 0x00000000   Number         0  anon$$obj.o ABSOLUTE
    __ARM_use_no_argv                        0x00000000   Number         0  main.o ABSOLUTE
    __ARM_exceptions_init                     - Undefined Weak Reference
    __alloca_initialize                       - Undefined Weak Reference
    __arm_preinit_                            - Undefined Weak Reference
    __cpp_initialize__aeabi_                  - Undefined Weak Reference
    __cxa_finalize                            - Undefined Weak Reference
    __rt_locale                               - Undefined Weak Reference
    __sigvec_lookup                           - Undefined Weak Reference
    _atexit_init                              - Undefined Weak Reference
    _call_atexit_fns                          - Undefined Weak Reference
    _clock_init                               - Undefined Weak Reference
    _fp_trap_init                             - Undefined Weak Reference
    _fp_trap_shutdown                         - Undefined Weak Reference
    _get_lc_collate                           - Undefined Weak Reference
    _get_lc_ctype                             - Undefined Weak Reference
    _get_lc_monetary                          - Undefined Weak Reference
    _get_lc_numeric                           - Undefined Weak Reference
    _get_lc_time                              - Undefined Weak Reference
    _getenv_init                              - Undefined Weak Reference
    _handle_redirection                       - Undefined Weak Reference
    _init_alloc                               - Undefined Weak Reference
    _init_user_alloc                          - Undefined Weak Reference
    _initio                                   - Undefined Weak Reference
    _mutex_acquire                            - Undefined Weak Reference
    _mutex_release                            - Undefined Weak Reference
    _printf_post_padding                      - Undefined Weak Reference
    _printf_pre_padding                       - Undefined Weak Reference
    _printf_truncate_unsigned                 - Undefined Weak Reference
    _rand_init                                - Undefined Weak Reference
    _signal_finish                            - Undefined Weak Reference
    _signal_init                              - Undefined Weak Reference
    _terminate_alloc                          - Undefined Weak Reference
    _terminate_user_alloc                     - Undefined Weak Reference
    _terminateio                              - Undefined Weak Reference
    __Vectors_Size                           0x000001ac   Number         0  startup_stm32f429xx.o ABSOLUTE
    __Vectors                                0x08000000   Data           4  startup_stm32f429xx.o(RESET)
    __Vectors_End                            0x080001ac   Data           0  startup_stm32f429xx.o(RESET)
    __main                                   0x080001ad   Thumb Code     8  __main.o(!!!main)
    __scatterload                            0x080001b5   Thumb Code     0  __scatter.o(!!!scatter)
    __scatterload_rt2                        0x080001b5   Thumb Code    44  __scatter.o(!!!scatter)
    __scatterload_rt2_thumb_only             0x080001b5   Thumb Code     0  __scatter.o(!!!scatter)
    __scatterload_null                       0x080001c3   Thumb Code     0  __scatter.o(!!!scatter)
    __scatterload_copy                       0x080001e9   Thumb Code    26  __scatter_copy.o(!!handler_copy)
    __scatterload_zeroinit                   0x08000205   Thumb Code    28  __scatter_zi.o(!!handler_zi)
    _printf_percent                          0x08000221   Thumb Code     0  _printf_percent.o(.ARM.Collect$$_printf_percent$$00000000)
    _printf_x                                0x08000221   Thumb Code     0  _printf_x.o(.ARM.Collect$$_printf_percent$$0000000C)
    _printf_percent_end                      0x08000227   Thumb Code     0  _printf_percent_end.o(.ARM.Collect$$_printf_percent$$00000017)
    __rt_lib_init                            0x0800022b   Thumb Code     0  libinit.o(.ARM.Collect$$libinit$$00000000)
    __rt_lib_init_fp_1                       0x0800022d   Thumb Code     0  libinit2.o(.ARM.Collect$$libinit$$00000001)
    __rt_lib_init_alloca_1                   0x08000231   Thumb Code     0  libinit2.o(.ARM.Collect$$libinit$$0000002E)
    __rt_lib_init_argv_1                     0x08000231   Thumb Code     0  libinit2.o(.ARM.Collect$$libinit$$0000002C)
    __rt_lib_init_atexit_1                   0x08000231   Thumb Code     0  libinit2.o(.ARM.Collect$$libinit$$0000001B)
    __rt_lib_init_clock_1                    0x08000231   Thumb Code     0  libinit2.o(.ARM.Collect$$libinit$$00000021)
    __rt_lib_init_cpp_1                      0x08000231   Thumb Code     0  libinit2.o(.ARM.Collect$$libinit$$00000032)
    __rt_lib_init_exceptions_1               0x08000231   Thumb Code     0  libinit2.o(.ARM.Collect$$libinit$$00000030)
    __rt_lib_init_fp_trap_1                  0x08000231   Thumb Code     0  libinit2.o(.ARM.Collect$$libinit$$0000001F)
    __rt_lib_init_getenv_1                   0x08000231   Thumb Code     0  libinit2.o(.ARM.Collect$$libinit$$00000023)
    __rt_lib_init_heap_1                     0x08000231   Thumb Code     0  libinit2.o(.ARM.Collect$$libinit$$0000000A)
    __rt_lib_init_lc_collate_1               0x08000231   Thumb Code     0  libinit2.o(.ARM.Collect$$libinit$$00000011)
    __rt_lib_init_lc_ctype_1                 0x08000231   Thumb Code     0  libinit2.o(.ARM.Collect$$libinit$$00000013)
    __rt_lib_init_lc_monetary_1              0x08000231   Thumb Code     0  libinit2.o(.ARM.Collect$$libinit$$00000015)
    __rt_lib_init_lc_numeric_1               0x08000231   Thumb Code     0  libinit2.o(.ARM.Collect$$libinit$$00000017)
    __rt_lib_init_lc_time_1                  0x08000231   Thumb Code     0  libinit2.o(.ARM.Collect$$libinit$$00000019)
    __rt_lib_init_preinit_1                  0x08000231   Thumb Code     0  libinit2.o(.ARM.Collect$$libinit$$00000004)
    __rt_lib_init_rand_1                     0x08000231   Thumb Code     0  libinit2.o(.ARM.Collect$$libinit$$0000000E)
    __rt_lib_init_return                     0x08000231   Thumb Code     0  libinit2.o(.ARM.Collect$$libinit$$00000033)
    __rt_lib_init_signal_1                   0x08000231   Thumb Code     0  libinit2.o(.ARM.Collect$$libinit$$0000001D)
    __rt_lib_init_stdio_1                    0x08000231   Thumb Code     0  libinit2.o(.ARM.Collect$$libinit$$00000025)
    __rt_lib_init_user_alloc_1               0x08000231   Thumb Code     0  libinit2.o(.ARM.Collect$$libinit$$0000000C)
    __rt_lib_shutdown                        0x08000233   Thumb Code     0  libshutdown.o(.ARM.Collect$$libshutdown$$00000000)
    __rt_lib_shutdown_cpp_1                  0x08000235   Thumb Code     0  libshutdown2.o(.ARM.Collect$$libshutdown$$00000002)
    __rt_lib_shutdown_fp_trap_1              0x08000235   Thumb Code     0  libshutdown2.o(.ARM.Collect$$libshutdown$$00000007)
    __rt_lib_shutdown_heap_1                 0x08000235   Thumb Code     0  libshutdown2.o(.ARM.Collect$$libshutdown$$0000000F)
    __rt_lib_shutdown_return                 0x08000235   Thumb Code     0  libshutdown2.o(.ARM.Collect$$libshutdown$$00000010)
    __rt_lib_shutdown_signal_1               0x08000235   Thumb Code     0  libshutdown2.o(.ARM.Collect$$libshutdown$$0000000A)
    __rt_lib_shutdown_stdio_1                0x08000235   Thumb Code     0  libshutdown2.o(.ARM.Collect$$libshutdown$$00000004)
    __rt_lib_shutdown_user_alloc_1           0x08000235   Thumb Code     0  libshutdown2.o(.ARM.Collect$$libshutdown$$0000000C)
    __rt_entry                               0x08000237   Thumb Code     0  __rtentry.o(.ARM.Collect$$rtentry$$00000000)
    __rt_entry_presh_1                       0x08000237   Thumb Code     0  __rtentry2.o(.ARM.Collect$$rtentry$$00000002)
    __rt_entry_sh                            0x08000237   Thumb Code     0  __rtentry4.o(.ARM.Collect$$rtentry$$00000004)
    __rt_entry_li                            0x0800023d   Thumb Code     0  __rtentry2.o(.ARM.Collect$$rtentry$$0000000A)
    __rt_entry_postsh_1                      0x0800023d   Thumb Code     0  __rtentry2.o(.ARM.Collect$$rtentry$$00000009)
    __rt_entry_main                          0x08000241   Thumb Code     0  __rtentry2.o(.ARM.Collect$$rtentry$$0000000D)
    __rt_entry_postli_1                      0x08000241   Thumb Code     0  __rtentry2.o(.ARM.Collect$$rtentry$$0000000C)
    __rt_exit                                0x08000249   Thumb Code     0  rtexit.o(.ARM.Collect$$rtexit$$00000000)
    __rt_exit_ls                             0x0800024b   Thumb Code     0  rtexit2.o(.ARM.Collect$$rtexit$$00000003)
    __rt_exit_prels_1                        0x0800024b   Thumb Code     0  rtexit2.o(.ARM.Collect$$rtexit$$00000002)
    __rt_exit_exit                           0x0800024f   Thumb Code     0  rtexit2.o(.ARM.Collect$$rtexit$$00000004)
    Reset_Handler                            0x08000255   Thumb Code     8  startup_stm32f429xx.o(.text)
    ADC_IRQHandler                           0x0800026f   Thumb Code     0  startup_stm32f429xx.o(.text)
    CAN1_RX1_IRQHandler                      0x0800026f   Thumb Code     0  startup_stm32f429xx.o(.text)
    CAN1_SCE_IRQHandler                      0x0800026f   Thumb Code     0  startup_stm32f429xx.o(.text)
    CAN2_RX0_IRQHandler                      0x0800026f   Thumb Code     0  startup_stm32f429xx.o(.text)
    CAN2_RX1_IRQHandler                      0x0800026f   Thumb Code     0  startup_stm32f429xx.o(.text)
    CAN2_SCE_IRQHandler                      0x0800026f   Thumb Code     0  startup_stm32f429xx.o(.text)
    CAN2_TX_IRQHandler                       0x0800026f   Thumb Code     0  startup_stm32f429xx.o(.text)
    DCMI_IRQHandler                          0x0800026f   Thumb Code     0  startup_stm32f429xx.o(.text)
    DMA1_Stream0_IRQHandler                  0x0800026f   Thumb Code     0  startup_stm32f429xx.o(.text)
    DMA1_Stream1_IRQHandler                  0x0800026f   Thumb Code     0  startup_stm32f429xx.o(.text)
    DMA1_Stream2_IRQHandler                  0x0800026f   Thumb Code     0  startup_stm32f429xx.o(.text)
    DMA1_Stream3_IRQHandler                  0x0800026f   Thumb Code     0  startup_stm32f429xx.o(.text)
    DMA1_Stream4_IRQHandler                  0x0800026f   Thumb Code     0  startup_stm32f429xx.o(.text)
    DMA1_Stream5_IRQHandler                  0x0800026f   Thumb Code     0  startup_stm32f429xx.o(.text)
    DMA1_Stream6_IRQHandler                  0x0800026f   Thumb Code     0  startup_stm32f429xx.o(.text)
    DMA1_Stream7_IRQHandler                  0x0800026f   Thumb Code     0  startup_stm32f429xx.o(.text)
    DMA2D_IRQHandler                         0x0800026f   Thumb Code     0  startup_stm32f429xx.o(.text)
    DMA2_Stream0_IRQHandler                  0x0800026f   Thumb Code     0  startup_stm32f429xx.o(.text)
    DMA2_Stream1_IRQHandler                  0x0800026f   Thumb Code     0  startup_stm32f429xx.o(.text)
    DMA2_Stream2_IRQHandler                  0x0800026f   Thumb Code     0  startup_stm32f429xx.o(.text)
    DMA2_Stream3_IRQHandler                  0x0800026f   Thumb Code     0  startup_stm32f429xx.o(.text)
    DMA2_Stream4_IRQHandler                  0x0800026f   Thumb Code     0  startup_stm32f429xx.o(.text)
    DMA2_Stream5_IRQHandler                  0x0800026f   Thumb Code     0  startup_stm32f429xx.o(.text)
    DMA2_Stream6_IRQHandler                  0x0800026f   Thumb Code     0  startup_stm32f429xx.o(.text)
    DMA2_Stream7_IRQHandler                  0x0800026f   Thumb Code     0  startup_stm32f429xx.o(.text)
    ETH_IRQHandler                           0x0800026f   Thumb Code     0  startup_stm32f429xx.o(.text)
    ETH_WKUP_IRQHandler                      0x0800026f   Thumb Code     0  startup_stm32f429xx.o(.text)
    EXTI0_IRQHandler                         0x0800026f   Thumb Code     0  startup_stm32f429xx.o(.text)
    EXTI1_IRQHandler                         0x0800026f   Thumb Code     0  startup_stm32f429xx.o(.text)
    FLASH_IRQHandler                         0x0800026f   Thumb Code     0  startup_stm32f429xx.o(.text)
    FMC_IRQHandler                           0x0800026f   Thumb Code     0  startup_stm32f429xx.o(.text)
    FPU_IRQHandler                           0x0800026f   Thumb Code     0  startup_stm32f429xx.o(.text)
    HASH_RNG_IRQHandler                      0x0800026f   Thumb Code     0  startup_stm32f429xx.o(.text)
    I2C1_ER_IRQHandler                       0x0800026f   Thumb Code     0  startup_stm32f429xx.o(.text)
    I2C1_EV_IRQHandler                       0x0800026f   Thumb Code     0  startup_stm32f429xx.o(.text)
    I2C2_ER_IRQHandler                       0x0800026f   Thumb Code     0  startup_stm32f429xx.o(.text)
    I2C2_EV_IRQHandler                       0x0800026f   Thumb Code     0  startup_stm32f429xx.o(.text)
    I2C3_ER_IRQHandler                       0x0800026f   Thumb Code     0  startup_stm32f429xx.o(.text)
    I2C3_EV_IRQHandler                       0x0800026f   Thumb Code     0  startup_stm32f429xx.o(.text)
    LTDC_ER_IRQHandler                       0x0800026f   Thumb Code     0  startup_stm32f429xx.o(.text)
    LTDC_IRQHandler                          0x0800026f   Thumb Code     0  startup_stm32f429xx.o(.text)
    OTG_FS_IRQHandler                        0x0800026f   Thumb Code     0  startup_stm32f429xx.o(.text)
    OTG_FS_WKUP_IRQHandler                   0x0800026f   Thumb Code     0  startup_stm32f429xx.o(.text)
    OTG_HS_EP1_IN_IRQHandler                 0x0800026f   Thumb Code     0  startup_stm32f429xx.o(.text)
    OTG_HS_EP1_OUT_IRQHandler                0x0800026f   Thumb Code     0  startup_stm32f429xx.o(.text)
    OTG_HS_IRQHandler                        0x0800026f   Thumb Code     0  startup_stm32f429xx.o(.text)
    OTG_HS_WKUP_IRQHandler                   0x0800026f   Thumb Code     0  startup_stm32f429xx.o(.text)
    PVD_IRQHandler                           0x0800026f   Thumb Code     0  startup_stm32f429xx.o(.text)
    RCC_IRQHandler                           0x0800026f   Thumb Code     0  startup_stm32f429xx.o(.text)
    RTC_Alarm_IRQHandler                     0x0800026f   Thumb Code     0  startup_stm32f429xx.o(.text)
    RTC_WKUP_IRQHandler                      0x0800026f   Thumb Code     0  startup_stm32f429xx.o(.text)
    SAI1_IRQHandler                          0x0800026f   Thumb Code     0  startup_stm32f429xx.o(.text)
    SDIO_IRQHandler                          0x0800026f   Thumb Code     0  startup_stm32f429xx.o(.text)
    SPI1_IRQHandler                          0x0800026f   Thumb Code     0  startup_stm32f429xx.o(.text)
    SPI2_IRQHandler                          0x0800026f   Thumb Code     0  startup_stm32f429xx.o(.text)
    SPI3_IRQHandler                          0x0800026f   Thumb Code     0  startup_stm32f429xx.o(.text)
    SPI4_IRQHandler                          0x0800026f   Thumb Code     0  startup_stm32f429xx.o(.text)
    SPI5_IRQHandler                          0x0800026f   Thumb Code     0  startup_stm32f429xx.o(.text)
    SPI6_IRQHandler                          0x0800026f   Thumb Code     0  startup_stm32f429xx.o(.text)
    TAMP_STAMP_IRQHandler                    0x0800026f   Thumb Code     0  startup_stm32f429xx.o(.text)
    TIM1_BRK_TIM9_IRQHandler                 0x0800026f   Thumb Code     0  startup_stm32f429xx.o(.text)
    TIM1_CC_IRQHandler                       0x0800026f   Thumb Code     0  startup_stm32f429xx.o(.text)
    TIM1_TRG_COM_TIM11_IRQHandler            0x0800026f   Thumb Code     0  startup_stm32f429xx.o(.text)
    TIM1_UP_TIM10_IRQHandler                 0x0800026f   Thumb Code     0  startup_stm32f429xx.o(.text)
    TIM2_IRQHandler                          0x0800026f   Thumb Code     0  startup_stm32f429xx.o(.text)
    TIM3_IRQHandler                          0x0800026f   Thumb Code     0  startup_stm32f429xx.o(.text)
    TIM4_IRQHandler                          0x0800026f   Thumb Code     0  startup_stm32f429xx.o(.text)
    TIM5_IRQHandler                          0x0800026f   Thumb Code     0  startup_stm32f429xx.o(.text)
    TIM6_DAC_IRQHandler                      0x0800026f   Thumb Code     0  startup_stm32f429xx.o(.text)
    TIM7_IRQHandler                          0x0800026f   Thumb Code     0  startup_stm32f429xx.o(.text)
    TIM8_BRK_TIM12_IRQHandler                0x0800026f   Thumb Code     0  startup_stm32f429xx.o(.text)
    TIM8_CC_IRQHandler                       0x0800026f   Thumb Code     0  startup_stm32f429xx.o(.text)
    TIM8_TRG_COM_TIM14_IRQHandler            0x0800026f   Thumb Code     0  startup_stm32f429xx.o(.text)
    TIM8_UP_TIM13_IRQHandler                 0x0800026f   Thumb Code     0  startup_stm32f429xx.o(.text)
    UART4_IRQHandler                         0x0800026f   Thumb Code     0  startup_stm32f429xx.o(.text)
    UART5_IRQHandler                         0x0800026f   Thumb Code     0  startup_stm32f429xx.o(.text)
    UART7_IRQHandler                         0x0800026f   Thumb Code     0  startup_stm32f429xx.o(.text)
    UART8_IRQHandler                         0x0800026f   Thumb Code     0  startup_stm32f429xx.o(.text)
    USART2_IRQHandler                        0x0800026f   Thumb Code     0  startup_stm32f429xx.o(.text)
    USART6_IRQHandler                        0x0800026f   Thumb Code     0  startup_stm32f429xx.o(.text)
    WWDG_IRQHandler                          0x0800026f   Thumb Code     0  startup_stm32f429xx.o(.text)
    __user_initial_stackheap                 0x08000271   Thumb Code     0  startup_stm32f429xx.o(.text)
    __use_no_semihosting                     0x08000295   Thumb Code     2  use_no_semi_2.o(.text)
    __2printf                                0x08000299   Thumb Code    20  noretval__2printf.o(.text)
    __printf                                 0x080002b1   Thumb Code   104  __printf.o(.text)
    _printf_int_hex                          0x08000319   Thumb Code    84  _printf_hex_int.o(.text)
    _printf_longlong_hex                     0x08000319   Thumb Code     0  _printf_hex_int.o(.text)
    __aeabi_memcpy4                          0x08000371   Thumb Code     0  rt_memcpy_w.o(.text)
    __aeabi_memcpy8                          0x08000371   Thumb Code     0  rt_memcpy_w.o(.text)
    __rt_memcpy_w                            0x08000371   Thumb Code   100  rt_memcpy_w.o(.text)
    _memcpy_lastbytes_aligned                0x080003b9   Thumb Code     0  rt_memcpy_w.o(.text)
    __use_two_region_memory                  0x080003d5   Thumb Code     2  heapauxi.o(.text)
    __rt_heap_escrow$2region                 0x080003d7   Thumb Code     2  heapauxi.o(.text)
    __rt_heap_expand$2region                 0x080003d9   Thumb Code     2  heapauxi.o(.text)
    __I$use$semihosting                      0x080003db   Thumb Code     0  use_no_semi.o(.text)
    __use_no_semihosting_swi                 0x080003db   Thumb Code     2  use_no_semi.o(.text)
    _printf_int_common                       0x080003dd   Thumb Code   178  _printf_intcommon.o(.text)
    _printf_char_file                        0x08000491   Thumb Code    32  _printf_char_file.o(.text)
    _printf_char_common                      0x080004bf   Thumb Code    32  _printf_char_common.o(.text)
    ferror                                   0x080004e5   Thumb Code     8  ferror.o(.text)
    __user_setup_stackheap                   0x080004ed   Thumb Code    74  sys_stackheap_outer.o(.text)
    exit                                     0x08000537   Thumb Code    18  exit.o(.text)
    __user_libspace                          0x08000549   Thumb Code     8  libspace.o(.text)
    __user_perproc_libspace                  0x08000549   Thumb Code     0  libspace.o(.text)
    __user_perthread_libspace                0x08000549   Thumb Code     0  libspace.o(.text)
    BusFault_Handler                         0x08000551   Thumb Code     2  stm32f4xx_it.o(i.BusFault_Handler)
    CAN1_ID_Receive_Msg                      0x08000555   Thumb Code    56  can.o(i.CAN1_ID_Receive_Msg)
    CAN1_ID_Send_Msg                         0x08000591   Thumb Code    64  can.o(i.CAN1_ID_Send_Msg)
    CAN1_Mode_Init                           0x080005d5   Thumb Code   100  can.o(i.CAN1_Mode_Init)
    CAN1_RX0_IRQHandler                      0x08000641   Thumb Code    28  can.o(i.CAN1_RX0_IRQHandler)
    CAN1_TX_IRQHandler                       0x08000661   Thumb Code    24  can.o(i.CAN1_TX_IRQHandler)
    CAN_RoboModule_DRV_Config                0x08000695   Thumb Code    88  can.o(i.CAN_RoboModule_DRV_Config)
    CAN_RoboModule_DRV_Mode_Choice           0x080006f9   Thumb Code    76  can.o(i.CAN_RoboModule_DRV_Mode_Choice)
    CAN_RoboModule_DRV_Reset                 0x08000751   Thumb Code    72  can.o(i.CAN_RoboModule_DRV_Reset)
    CAN_RoboModule_DRV_Velocity_Mode         0x080007a5   Thumb Code   122  can.o(i.CAN_RoboModule_DRV_Velocity_Mode)
    DIS                                      0x08000831   Thumb Code   436  main.o(i.DIS)
    DebugMon_Handler                         0x08000a39   Thumb Code     2  stm32f4xx_it.o(i.DebugMon_Handler)
    EXTI15_10_IRQHandler                     0x08000a3b   Thumb Code     8  exti.o(i.EXTI15_10_IRQHandler)
    EXTI2_IRQHandler                         0x08000a43   Thumb Code     6  exti.o(i.EXTI2_IRQHandler)
    EXTI3_IRQHandler                         0x08000a49   Thumb Code     6  exti.o(i.EXTI3_IRQHandler)
    EXTI4_IRQHandler                         0x08000a4f   Thumb Code     6  exti.o(i.EXTI4_IRQHandler)
    EXTI9_5_IRQHandler                       0x08000a55   Thumb Code     6  exti.o(i.EXTI9_5_IRQHandler)
    EXTI_Init                                0x08000a5d   Thumb Code   156  exti.o(i.EXTI_Init)
    FMC_NORSRAM_Extended_Timing_Init         0x08000b09   Thumb Code    60  stm32f4xx_ll_fmc.o(i.FMC_NORSRAM_Extended_Timing_Init)
    FMC_NORSRAM_Init                         0x08000b49   Thumb Code   110  stm32f4xx_ll_fmc.o(i.FMC_NORSRAM_Init)
    FMC_NORSRAM_Timing_Init                  0x08000bc1   Thumb Code    86  stm32f4xx_ll_fmc.o(i.FMC_NORSRAM_Timing_Init)
    FMC_SDRAM_Init                           0x08000c1d   Thumb Code    76  stm32f4xx_ll_fmc.o(i.FMC_SDRAM_Init)
    FMC_SDRAM_ProgramRefreshRate             0x08000c69   Thumb Code    12  stm32f4xx_ll_fmc.o(i.FMC_SDRAM_ProgramRefreshRate)
    FMC_SDRAM_SendCommand                    0x08000c75   Thumb Code    72  stm32f4xx_ll_fmc.o(i.FMC_SDRAM_SendCommand)
    FMC_SDRAM_Timing_Init                    0x08000cbd   Thumb Code   124  stm32f4xx_ll_fmc.o(i.FMC_SDRAM_Timing_Init)
    HAL_CAN_ConfigFilter                     0x08000d39   Thumb Code   218  stm32f4xx_hal_can.o(i.HAL_CAN_ConfigFilter)
    HAL_CAN_Init                             0x08000e1d   Thumb Code   324  stm32f4xx_hal_can.o(i.HAL_CAN_Init)
    HAL_CAN_MspInit                          0x08000f61   Thumb Code    74  can.o(i.HAL_CAN_MspInit)
    HAL_CAN_Receive                          0x08000fb5   Thumb Code   320  stm32f4xx_hal_can.o(i.HAL_CAN_Receive)
    HAL_CAN_Transmit                         0x080010f5   Thumb Code   360  stm32f4xx_hal_can.o(i.HAL_CAN_Transmit)
    HAL_GPIO_EXTI_Callback                   0x08001269   Thumb Code   110  exti.o(i.HAL_GPIO_EXTI_Callback)
    HAL_GPIO_EXTI_IRQHandler                 0x080012e5   Thumb Code    18  stm32f4xx_hal_gpio.o(i.HAL_GPIO_EXTI_IRQHandler)
    HAL_GPIO_Init                            0x080012fd   Thumb Code   422  stm32f4xx_hal_gpio.o(i.HAL_GPIO_Init)
    HAL_GPIO_ReadPin                         0x080014d9   Thumb Code    10  stm32f4xx_hal_gpio.o(i.HAL_GPIO_ReadPin)
    HAL_GPIO_WritePin                        0x080014e3   Thumb Code    10  stm32f4xx_hal_gpio.o(i.HAL_GPIO_WritePin)
    HAL_GetTick                              0x080014ed   Thumb Code     6  stm32f4xx_hal.o(i.HAL_GetTick)
    HAL_IncTick                              0x080014f9   Thumb Code    10  stm32f4xx_hal.o(i.HAL_IncTick)
    HAL_Init                                 0x08001509   Thumb Code    48  stm32f4xx_hal.o(i.HAL_Init)
    HAL_InitTick                             0x0800153d   Thumb Code    34  stm32f4xx_hal.o(i.HAL_InitTick)
    HAL_LTDC_ConfigLayer                     0x0800155f   Thumb Code    82  stm32f4xx_hal_ltdc.o(i.HAL_LTDC_ConfigLayer)
    HAL_LTDC_Init                            0x080015b1   Thumb Code   248  stm32f4xx_hal_ltdc.o(i.HAL_LTDC_Init)
    HAL_LTDC_MspInit                         0x080016ad   Thumb Code   218  ltdc.o(i.HAL_LTDC_MspInit)
    HAL_LTDC_SetWindowPosition               0x080017a1   Thumb Code    84  stm32f4xx_hal_ltdc.o(i.HAL_LTDC_SetWindowPosition)
    HAL_LTDC_SetWindowSize                   0x080017f5   Thumb Code    84  stm32f4xx_hal_ltdc.o(i.HAL_LTDC_SetWindowSize)
    HAL_MspInit                              0x08001849   Thumb Code     8  stm32f4xx_hal.o(i.HAL_MspInit)
    HAL_NVIC_EnableIRQ                       0x08001851   Thumb Code    22  stm32f4xx_hal_cortex.o(i.HAL_NVIC_EnableIRQ)
    HAL_NVIC_SetPriority                     0x08001869   Thumb Code    60  stm32f4xx_hal_cortex.o(i.HAL_NVIC_SetPriority)
    HAL_NVIC_SetPriorityGrouping             0x080018a9   Thumb Code    26  stm32f4xx_hal_cortex.o(i.HAL_NVIC_SetPriorityGrouping)
    HAL_PWREx_EnableOverDrive                0x080018cd   Thumb Code   122  stm32f4xx_hal_pwr_ex.o(i.HAL_PWREx_EnableOverDrive)
    HAL_RCCEx_PeriphCLKConfig                0x08001955   Thumb Code   644  stm32f4xx_hal_rcc_ex.o(i.HAL_RCCEx_PeriphCLKConfig)
    HAL_RCC_ClockConfig                      0x08001bfd   Thumb Code   512  stm32f4xx_hal_rcc.o(i.HAL_RCC_ClockConfig)
    HAL_RCC_GetHCLKFreq                      0x08001e05   Thumb Code    38  stm32f4xx_hal_rcc.o(i.HAL_RCC_GetHCLKFreq)
    HAL_RCC_GetPCLK1Freq                     0x08001e39   Thumb Code    36  stm32f4xx_hal_rcc.o(i.HAL_RCC_GetPCLK1Freq)
    HAL_RCC_GetPCLK2Freq                     0x08001e65   Thumb Code    36  stm32f4xx_hal_rcc.o(i.HAL_RCC_GetPCLK2Freq)
    HAL_RCC_GetSysClockFreq                  0x08001e91   Thumb Code   104  stm32f4xx_hal_rcc.o(i.HAL_RCC_GetSysClockFreq)
    HAL_RCC_OscConfig                        0x08001f05   Thumb Code   774  stm32f4xx_hal_rcc.o(i.HAL_RCC_OscConfig)
    HAL_SDRAM_Init                           0x08002221   Thumb Code    66  stm32f4xx_hal_sdram.o(i.HAL_SDRAM_Init)
    HAL_SDRAM_MspInit                        0x08002265   Thumb Code   194  sdram.o(i.HAL_SDRAM_MspInit)
    HAL_SDRAM_ProgramRefreshRate             0x08002341   Thumb Code    34  stm32f4xx_hal_sdram.o(i.HAL_SDRAM_ProgramRefreshRate)
    HAL_SDRAM_SendCommand                    0x08002363   Thumb Code    46  stm32f4xx_hal_sdram.o(i.HAL_SDRAM_SendCommand)
    HAL_SRAM_Init                            0x08002391   Thumb Code    86  stm32f4xx_hal_sram.o(i.HAL_SRAM_Init)
    HAL_SRAM_MspInit                         0x080023e9   Thumb Code   106  lcd.o(i.HAL_SRAM_MspInit)
    HAL_SYSTICK_CLKSourceConfig              0x08002461   Thumb Code    24  stm32f4xx_hal_cortex.o(i.HAL_SYSTICK_CLKSourceConfig)
    HAL_SYSTICK_Config                       0x08002479   Thumb Code    40  stm32f4xx_hal_cortex.o(i.HAL_SYSTICK_Config)
    HAL_UART_ErrorCallback                   0x080024a1   Thumb Code     2  stm32f4xx_hal_uart.o(i.HAL_UART_ErrorCallback)
    HAL_UART_GetState                        0x080024a3   Thumb Code     6  stm32f4xx_hal_uart.o(i.HAL_UART_GetState)
    HAL_UART_IRQHandler                      0x080024a9   Thumb Code   244  stm32f4xx_hal_uart.o(i.HAL_UART_IRQHandler)
    HAL_UART_Init                            0x0800259d   Thumb Code    94  stm32f4xx_hal_uart.o(i.HAL_UART_Init)
    HAL_UART_MspInit                         0x080025fd   Thumb Code   112  usart.o(i.HAL_UART_MspInit)
    HAL_UART_Receive_IT                      0x08002679   Thumb Code   104  stm32f4xx_hal_uart.o(i.HAL_UART_Receive_IT)
    HAL_UART_RxCpltCallback                  0x080026e1   Thumb Code    76  usart.o(i.HAL_UART_RxCpltCallback)
    HAL_UART_TxCpltCallback                  0x08002739   Thumb Code     2  stm32f4xx_hal_uart.o(i.HAL_UART_TxCpltCallback)
    HardFault_Handler                        0x0800273b   Thumb Code     2  stm32f4xx_it.o(i.HardFault_Handler)
    KEY_Init                                 0x0800273d   Thumb Code   110  key.o(i.KEY_Init)
    LCD_Clear                                0x080027bd   Thumb Code    58  lcd.o(i.LCD_Clear)
    LCD_Display_Dir                          0x08002805   Thumb Code   234  lcd.o(i.LCD_Display_Dir)
    LCD_Fast_DrawPoint                       0x080028f9   Thumb Code   238  lcd.o(i.LCD_Fast_DrawPoint)
    LCD_Init                                 0x080029f5   Thumb Code  9094  lcd.o(i.LCD_Init)
    LCD_Pow                                  0x08004d81   Thumb Code    16  lcd.o(i.LCD_Pow)
    LCD_RD_DATA                              0x08004d91   Thumb Code    16  lcd.o(i.LCD_RD_DATA)
    LCD_SSD_BackLightSet                     0x08004da5   Thumb Code    72  lcd.o(i.LCD_SSD_BackLightSet)
    LCD_Scan_Dir                             0x08004df5   Thumb Code   434  lcd.o(i.LCD_Scan_Dir)
    LCD_SetCursor                            0x08004fad   Thumb Code   254  lcd.o(i.LCD_SetCursor)
    LCD_ShowChar                             0x080050b1   Thumb Code   196  lcd.o(i.LCD_ShowChar)
    LCD_ShowString                           0x0800518d   Thumb Code    84  lcd.o(i.LCD_ShowString)
    LCD_ShowxNum                             0x080051e1   Thumb Code   134  lcd.o(i.LCD_ShowxNum)
    LCD_WR_DATA                              0x08005269   Thumb Code    20  lcd.o(i.LCD_WR_DATA)
    LCD_WR_REG                               0x08005281   Thumb Code    20  lcd.o(i.LCD_WR_REG)
    LCD_WriteRAM_Prepare                     0x08005299   Thumb Code    10  lcd.o(i.LCD_WriteRAM_Prepare)
    LCD_WriteReg                             0x080052ad   Thumb Code    10  lcd.o(i.LCD_WriteReg)
    LED_Init                                 0x080052bd   Thumb Code   118  led.o(i.LED_Init)
    LTDC_Clear                               0x08005345   Thumb Code    28  ltdc.o(i.LTDC_Clear)
    LTDC_Clk_Set                             0x08005365   Thumb Code    30  ltdc.o(i.LTDC_Clk_Set)
    LTDC_Display_Dir                         0x08005385   Thumb Code    34  ltdc.o(i.LTDC_Display_Dir)
    LTDC_Draw_Point                          0x080053ad   Thumb Code    52  ltdc.o(i.LTDC_Draw_Point)
    LTDC_Fill                                0x080053e9   Thumb Code   162  ltdc.o(i.LTDC_Fill)
    LTDC_Init                                0x0800549d   Thumb Code   410  ltdc.o(i.LTDC_Init)
    LTDC_Layer_Parameter_Config              0x08005651   Thumb Code    86  ltdc.o(i.LTDC_Layer_Parameter_Config)
    LTDC_Layer_Window_Config                 0x080056ad   Thumb Code    32  ltdc.o(i.LTDC_Layer_Window_Config)
    LTDC_PanelID_Read                        0x080056d1   Thumb Code   170  ltdc.o(i.LTDC_PanelID_Read)
    MemManage_Handler                        0x080058eb   Thumb Code     2  stm32f4xx_it.o(i.MemManage_Handler)
    NMI_Handler                              0x080058ed   Thumb Code     2  stm32f4xx_it.o(i.NMI_Handler)
    PendSV_Handler                           0x0800590f   Thumb Code     2  stm32f4xx_it.o(i.PendSV_Handler)
    SDRAM_Init                               0x08005911   Thumb Code    86  sdram.o(i.SDRAM_Init)
    SDRAM_Initialization_Sequence            0x08005971   Thumb Code    74  sdram.o(i.SDRAM_Initialization_Sequence)
    SDRAM_Send_Cmd                           0x080059c1   Thumb Code    48  sdram.o(i.SDRAM_Send_Cmd)
    SVC_Handler                              0x080059f5   Thumb Code     2  stm32f4xx_it.o(i.SVC_Handler)
    Stm32_Clock_Init                         0x080059f9   Thumb Code   122  sys.o(i.Stm32_Clock_Init)
    SysTick_Handler                          0x08005a7d   Thumb Code     4  stm32f4xx_it.o(i.SysTick_Handler)
    SystemInit                               0x08005a81   Thumb Code    66  system_stm32f4xx.o(i.SystemInit)
    USART1_IRQHandler                        0x08005d59   Thumb Code    34  usart.o(i.USART1_IRQHandler)
    USART3_IRQHandler                        0x08005d85   Thumb Code   166  usart3.o(i.USART3_IRQHandler)
    UsageFault_Handler                       0x08005e3d   Thumb Code     2  stm32f4xx_it.o(i.UsageFault_Handler)
    _sys_exit                                0x08005e3f   Thumb Code     2  usart.o(i._sys_exit)
    back                                     0x08005e41   Thumb Code   442  main.o(i.back)
    delay_init                               0x08006035   Thumb Code    16  delay.o(i.delay_init)
    delay_ms                                 0x08006049   Thumb Code    26  delay.o(i.delay_ms)
    delay_us                                 0x08006065   Thumb Code    48  delay.o(i.delay_us)
    dw                                       0x08006099   Thumb Code   620  main.o(i.dw)
    fly2                                     0x08006319   Thumb Code   622  main.o(i.fly2)
    flydw                                    0x080065c1   Thumb Code   596  main.o(i.flydw)
    fputc                                    0x08006825   Thumb Code    14  usart.o(i.fputc)
    jdz                                      0x08006839   Thumb Code    20  main.o(i.jdz)
    jzdw                                     0x0800684d   Thumb Code   574  main.o(i.jzdw)
    jzzx                                     0x08006aa5   Thumb Code   284  main.o(i.jzzx)
    ksdw                                     0x08006bc9   Thumb Code   612  main.o(i.ksdw)
    kszx                                     0x08006e49   Thumb Code  1124  main.o(i.kszx)
    lb                                       0x080072ad   Thumb Code    46  main.o(i.lb)
    lg                                       0x080072e5   Thumb Code    24  main.o(i.lg)
    lt                                       0x08007301   Thumb Code    66  main.o(i.lt)
    main                                     0x0800734d   Thumb Code  1628  main.o(i.main)
    move3                                    0x080079b5   Thumb Code   824  main.o(i.move3)
    rg                                       0x08007d09   Thumb Code    34  main.o(i.rg)
    rt                                       0x08007d35   Thumb Code    92  main.o(i.rt)
    start                                    0x08007d9d   Thumb Code   522  main.o(i.start)
    uart3_init                               0x08007fe1   Thumb Code   142  usart3.o(i.uart3_init)
    uart_init                                0x08008085   Thumb Code    44  usart.o(i.uart_init)
    zxfun                                    0x080080bd   Thumb Code   642  main.o(i.zxfun)
    __aeabi_d2uiz                            0x0800835d   Thumb Code     0  dfixu.o(x$fpl$dfixu)
    _dfixu                                   0x0800835d   Thumb Code    90  dfixu.o(x$fpl$dfixu)
    __aeabi_ui2d                             0x080083b7   Thumb Code     0  dflt_clz.o(x$fpl$dfltu)
    _dfltu                                   0x080083b7   Thumb Code    38  dflt_clz.o(x$fpl$dfltu)
    __aeabi_dmul                             0x080083dd   Thumb Code     0  dmul.o(x$fpl$dmul)
    _dmul                                    0x080083dd   Thumb Code   332  dmul.o(x$fpl$dmul)
    __fpl_dnaninf                            0x08008531   Thumb Code   156  dnaninf.o(x$fpl$dnaninf)
    __fpl_dretinf                            0x080085cd   Thumb Code    12  dretinf.o(x$fpl$dretinf)
    _fp_init                                 0x080085d9   Thumb Code    10  fpinit.o(x$fpl$fpinit)
    __fplib_config_fpu_vfp                   0x080085e1   Thumb Code     0  fpinit.o(x$fpl$fpinit)
    __fplib_config_pureend_doubles           0x080085e1   Thumb Code     0  fpinit.o(x$fpl$fpinit)
    APBAHBPrescTable                         0x080085e2   Data          16  stm32f4xx_hal_rcc.o(.constdata)
    __I$use$fp                               0x080085e2   Number         0  usenofp.o(x$fpl$usenofp)
    asc2_1206                                0x080085f2   Data        1140  lcd.o(.constdata)
    asc2_1608                                0x08008a66   Data        1520  lcd.o(.constdata)
    asc2_2412                                0x08009056   Data        3420  lcd.o(.constdata)
    asc2_3216                                0x08009db2   Data       12160  lcd.o(.constdata)
    Region$$Table$$Base                      0x0800cd5c   Number         0  anon$$obj.o(Region$$Table)
    Region$$Table$$Limit                     0x0800cd7c   Number         0  anon$$obj.o(Region$$Table)
    res                                      0x20000000   Data           4  main.o(.data)
    p1                                       0x20000004   Data           2  main.o(.data)
    p2                                       0x20000006   Data           2  main.o(.data)
    p3                                       0x20000008   Data           2  main.o(.data)
    cnt                                      0x2000000c   Data           4  main.o(.data)
    flycount                                 0x20000010   Data           4  main.o(.data)
    SystemCoreClock                          0x20000014   Data           4  system_stm32f4xx.o(.data)
    AHBPrescTable                            0x20000018   Data          16  system_stm32f4xx.o(.data)
    aRxBuffer                                0x20000030   Data           1  usart.o(.data)
    USART_RX_STA                             0x20000032   Data           2  usart.o(.data)
    __stdout                                 0x20000034   Data           4  usart.o(.data)
    aRxBuffer3                               0x2000003b   Data           1  usart3.o(.data)
    pos_x                                    0x2000003c   Data           4  usart3.o(.data)
    pos_y                                    0x20000040   Data           4  usart3.o(.data)
    zangle                                   0x20000044   Data           4  usart3.o(.data)
    xangle                                   0x20000048   Data           4  usart3.o(.data)
    yangle                                   0x2000004c   Data           4  usart3.o(.data)
    w_z                                      0x20000050   Data           4  usart3.o(.data)
    POINT_COLOR                              0x20000054   Data           4  lcd.o(.data)
    BACK_COLOR                               0x20000058   Data           4  lcd.o(.data)
    ltdc_framebuf                            0x2000005c   Data           8  ltdc.o(.data)
    can_tx_success_flag                      0x20000064   Data           1  can.o(.data)
    CAN_Time_Out                             0x20000068   Data           4  can.o(.data)
    Real_Online                              0x2000006c   Data           4  can.o(.data)
    Real_Ctl1_Value                          0x20000070   Data           4  can.o(.data)
    Real_Ctl2_Value                          0x20000074   Data           4  can.o(.data)
    Real_Current_Value                       0x20000078   Data           8  can.o(.data)
    Real_Velocity_Value                      0x20000080   Data           8  can.o(.data)
    PE2flag                                  0x20000088   Data           1  exti.o(.data)
    PE4flag                                  0x20000089   Data           1  exti.o(.data)
    PE5flag                                  0x2000008a   Data           1  exti.o(.data)
    PG13flag                                 0x2000008b   Data           1  exti.o(.data)
    USART_RX_BUF                             0x2000008c   Data         200  usart.o(.bss)
    UART1_Handler                            0x20000154   Data          64  usart.o(.bss)
    UART3_Handler                            0x200001ac   Data          64  usart3.o(.bss)
    SRAM_Handler                             0x200001ec   Data          80  lcd.o(.bss)
    lcddev                                   0x2000023c   Data          14  lcd.o(.bss)
    LTDC_Handler                             0x2000024c   Data         168  ltdc.o(.bss)
    lcdltdc                                  0x200002f4   Data          32  ltdc.o(.bss)
    SDRAM_Handler                            0x20000314   Data          52  sdram.o(.bss)
    Real_Position_Value                      0x20000348   Data          16  can.o(.bss)
    CAN1_Handler                             0x20000358   Data          64  can.o(.bss)
    TxMessage                                0x20000398   Data          28  can.o(.bss)
    RxMessage                                0x200003b4   Data          36  can.o(.bss)
    __libspace_start                         0x200003d8   Data          96  libspace.o(.bss)
    __temporary_stack_top$libspace           0x20000438   Data           0  libspace.o(.bss)
    ltdc_lcd_framebuf                        0xc0000000   Data       2048000  ltdc.o(.ARM.__AT_0xC0000000)



==============================================================================

Memory Map of the image

  Image Entry point : 0x080001ad

  Load Region LR_IROM1 (Base: 0x08000000, Size: 0x0000ce08, Max: 0x00100000, ABSOLUTE)

    Execution Region ER_IROM1 (Exec base: 0x08000000, Load base: 0x08000000, Size: 0x0000cd7c, Max: 0x00100000, ABSOLUTE)

    Exec Addr    Load Addr    Size         Type   Attr      Idx    E Section Name        Object

    0x08000000   0x08000000   0x000001ac   Data   RO          870    RESET               startup_stm32f429xx.o
    0x080001ac   0x080001ac   0x00000008   Code   RO         4119  * !!!main             c_w.l(__main.o)
    0x080001b4   0x080001b4   0x00000034   Code   RO         4304    !!!scatter          c_w.l(__scatter.o)
    0x080001e8   0x080001e8   0x0000001a   Code   RO         4306    !!handler_copy      c_w.l(__scatter_copy.o)
    0x08000202   0x08000202   0x00000002   PAD
    0x08000204   0x08000204   0x0000001c   Code   RO         4308    !!handler_zi        c_w.l(__scatter_zi.o)
    0x08000220   0x08000220   0x00000000   Code   RO         4114    .ARM.Collect$$_printf_percent$$00000000  c_w.l(_printf_percent.o)
    0x08000220   0x08000220   0x00000006   Code   RO         4113    .ARM.Collect$$_printf_percent$$0000000C  c_w.l(_printf_x.o)
    0x08000226   0x08000226   0x00000004   Code   RO         4140    .ARM.Collect$$_printf_percent$$00000017  c_w.l(_printf_percent_end.o)
    0x0800022a   0x0800022a   0x00000002   Code   RO         4178    .ARM.Collect$$libinit$$00000000  c_w.l(libinit.o)
    0x0800022c   0x0800022c   0x00000004   Code   RO         4184    .ARM.Collect$$libinit$$00000001  c_w.l(libinit2.o)
    0x08000230   0x08000230   0x00000000   Code   RO         4187    .ARM.Collect$$libinit$$00000004  c_w.l(libinit2.o)
    0x08000230   0x08000230   0x00000000   Code   RO         4190    .ARM.Collect$$libinit$$0000000A  c_w.l(libinit2.o)
    0x08000230   0x08000230   0x00000000   Code   RO         4192    .ARM.Collect$$libinit$$0000000C  c_w.l(libinit2.o)
    0x08000230   0x08000230   0x00000000   Code   RO         4194    .ARM.Collect$$libinit$$0000000E  c_w.l(libinit2.o)
    0x08000230   0x08000230   0x00000000   Code   RO         4197    .ARM.Collect$$libinit$$00000011  c_w.l(libinit2.o)
    0x08000230   0x08000230   0x00000000   Code   RO         4199    .ARM.Collect$$libinit$$00000013  c_w.l(libinit2.o)
    0x08000230   0x08000230   0x00000000   Code   RO         4201    .ARM.Collect$$libinit$$00000015  c_w.l(libinit2.o)
    0x08000230   0x08000230   0x00000000   Code   RO         4203    .ARM.Collect$$libinit$$00000017  c_w.l(libinit2.o)
    0x08000230   0x08000230   0x00000000   Code   RO         4205    .ARM.Collect$$libinit$$00000019  c_w.l(libinit2.o)
    0x08000230   0x08000230   0x00000000   Code   RO         4207    .ARM.Collect$$libinit$$0000001B  c_w.l(libinit2.o)
    0x08000230   0x08000230   0x00000000   Code   RO         4209    .ARM.Collect$$libinit$$0000001D  c_w.l(libinit2.o)
    0x08000230   0x08000230   0x00000000   Code   RO         4211    .ARM.Collect$$libinit$$0000001F  c_w.l(libinit2.o)
    0x08000230   0x08000230   0x00000000   Code   RO         4213    .ARM.Collect$$libinit$$00000021  c_w.l(libinit2.o)
    0x08000230   0x08000230   0x00000000   Code   RO         4215    .ARM.Collect$$libinit$$00000023  c_w.l(libinit2.o)
    0x08000230   0x08000230   0x00000000   Code   RO         4217    .ARM.Collect$$libinit$$00000025  c_w.l(libinit2.o)
    0x08000230   0x08000230   0x00000000   Code   RO         4221    .ARM.Collect$$libinit$$0000002C  c_w.l(libinit2.o)
    0x08000230   0x08000230   0x00000000   Code   RO         4223    .ARM.Collect$$libinit$$0000002E  c_w.l(libinit2.o)
    0x08000230   0x08000230   0x00000000   Code   RO         4225    .ARM.Collect$$libinit$$00000030  c_w.l(libinit2.o)
    0x08000230   0x08000230   0x00000000   Code   RO         4227    .ARM.Collect$$libinit$$00000032  c_w.l(libinit2.o)
    0x08000230   0x08000230   0x00000002   Code   RO         4228    .ARM.Collect$$libinit$$00000033  c_w.l(libinit2.o)
    0x08000232   0x08000232   0x00000002   Code   RO         4246    .ARM.Collect$$libshutdown$$00000000  c_w.l(libshutdown.o)
    0x08000234   0x08000234   0x00000000   Code   RO         4256    .ARM.Collect$$libshutdown$$00000002  c_w.l(libshutdown2.o)
    0x08000234   0x08000234   0x00000000   Code   RO         4258    .ARM.Collect$$libshutdown$$00000004  c_w.l(libshutdown2.o)
    0x08000234   0x08000234   0x00000000   Code   RO         4261    .ARM.Collect$$libshutdown$$00000007  c_w.l(libshutdown2.o)
    0x08000234   0x08000234   0x00000000   Code   RO         4264    .ARM.Collect$$libshutdown$$0000000A  c_w.l(libshutdown2.o)
    0x08000234   0x08000234   0x00000000   Code   RO         4266    .ARM.Collect$$libshutdown$$0000000C  c_w.l(libshutdown2.o)
    0x08000234   0x08000234   0x00000000   Code   RO         4269    .ARM.Collect$$libshutdown$$0000000F  c_w.l(libshutdown2.o)
    0x08000234   0x08000234   0x00000002   Code   RO         4270    .ARM.Collect$$libshutdown$$00000010  c_w.l(libshutdown2.o)
    0x08000236   0x08000236   0x00000000   Code   RO         4135    .ARM.Collect$$rtentry$$00000000  c_w.l(__rtentry.o)
    0x08000236   0x08000236   0x00000000   Code   RO         4147    .ARM.Collect$$rtentry$$00000002  c_w.l(__rtentry2.o)
    0x08000236   0x08000236   0x00000006   Code   RO         4159    .ARM.Collect$$rtentry$$00000004  c_w.l(__rtentry4.o)
    0x0800023c   0x0800023c   0x00000000   Code   RO         4149    .ARM.Collect$$rtentry$$00000009  c_w.l(__rtentry2.o)
    0x0800023c   0x0800023c   0x00000004   Code   RO         4150    .ARM.Collect$$rtentry$$0000000A  c_w.l(__rtentry2.o)
    0x08000240   0x08000240   0x00000000   Code   RO         4152    .ARM.Collect$$rtentry$$0000000C  c_w.l(__rtentry2.o)
    0x08000240   0x08000240   0x00000008   Code   RO         4153    .ARM.Collect$$rtentry$$0000000D  c_w.l(__rtentry2.o)
    0x08000248   0x08000248   0x00000002   Code   RO         4182    .ARM.Collect$$rtexit$$00000000  c_w.l(rtexit.o)
    0x0800024a   0x0800024a   0x00000000   Code   RO         4230    .ARM.Collect$$rtexit$$00000002  c_w.l(rtexit2.o)
    0x0800024a   0x0800024a   0x00000004   Code   RO         4231    .ARM.Collect$$rtexit$$00000003  c_w.l(rtexit2.o)
    0x0800024e   0x0800024e   0x00000006   Code   RO         4232    .ARM.Collect$$rtexit$$00000004  c_w.l(rtexit2.o)
    0x08000254   0x08000254   0x00000040   Code   RO          871    .text               startup_stm32f429xx.o
    0x08000294   0x08000294   0x00000002   Code   RO         4064    .text               c_w.l(use_no_semi_2.o)
    0x08000296   0x08000296   0x00000002   PAD
    0x08000298   0x08000298   0x00000018   Code   RO         4068    .text               c_w.l(noretval__2printf.o)
    0x080002b0   0x080002b0   0x00000068   Code   RO         4070    .text               c_w.l(__printf.o)
    0x08000318   0x08000318   0x00000058   Code   RO         4075    .text               c_w.l(_printf_hex_int.o)
    0x08000370   0x08000370   0x00000064   Code   RO         4115    .text               c_w.l(rt_memcpy_w.o)
    0x080003d4   0x080003d4   0x00000006   Code   RO         4117    .text               c_w.l(heapauxi.o)
    0x080003da   0x080003da   0x00000002   Code   RO         4133    .text               c_w.l(use_no_semi.o)
    0x080003dc   0x080003dc   0x000000b2   Code   RO         4136    .text               c_w.l(_printf_intcommon.o)
    0x0800048e   0x0800048e   0x00000002   PAD
    0x08000490   0x08000490   0x00000024   Code   RO         4138    .text               c_w.l(_printf_char_file.o)
    0x080004b4   0x080004b4   0x00000030   Code   RO         4161    .text               c_w.l(_printf_char_common.o)
    0x080004e4   0x080004e4   0x00000008   Code   RO         4163    .text               c_w.l(ferror.o)
    0x080004ec   0x080004ec   0x0000004a   Code   RO         4167    .text               c_w.l(sys_stackheap_outer.o)
    0x08000536   0x08000536   0x00000012   Code   RO         4171    .text               c_w.l(exit.o)
    0x08000548   0x08000548   0x00000008   Code   RO         4179    .text               c_w.l(libspace.o)
    0x08000550   0x08000550   0x00000002   Code   RO          451    i.BusFault_Handler  stm32f4xx_it.o
    0x08000552   0x08000552   0x00000002   PAD
    0x08000554   0x08000554   0x0000003c   Code   RO         3881    i.CAN1_ID_Receive_Msg  can.o
    0x08000590   0x08000590   0x00000044   Code   RO         3882    i.CAN1_ID_Send_Msg  can.o
    0x080005d4   0x080005d4   0x0000006c   Code   RO         3883    i.CAN1_Mode_Init    can.o
    0x08000640   0x08000640   0x00000020   Code   RO         3884    i.CAN1_RX0_IRQHandler  can.o
    0x08000660   0x08000660   0x00000020   Code   RO         3887    i.CAN1_TX_IRQHandler  can.o
    0x08000680   0x08000680   0x00000012   Code   RO         3888    i.CAN_Delay_Us      can.o
    0x08000692   0x08000692   0x00000002   PAD
    0x08000694   0x08000694   0x00000064   Code   RO         3889    i.CAN_RoboModule_DRV_Config  can.o
    0x080006f8   0x080006f8   0x00000058   Code   RO         3890    i.CAN_RoboModule_DRV_Mode_Choice  can.o
    0x08000750   0x08000750   0x00000054   Code   RO         3893    i.CAN_RoboModule_DRV_Reset  can.o
    0x080007a4   0x080007a4   0x0000008c   Code   RO         3894    i.CAN_RoboModule_DRV_Velocity_Mode  can.o
    0x08000830   0x08000830   0x00000208   Code   RO            4    i.DIS               main.o
    0x08000a38   0x08000a38   0x00000002   Code   RO          452    i.DebugMon_Handler  stm32f4xx_it.o
    0x08000a3a   0x08000a3a   0x00000008   Code   RO         3995    i.EXTI15_10_IRQHandler  exti.o
    0x08000a42   0x08000a42   0x00000006   Code   RO         3996    i.EXTI2_IRQHandler  exti.o
    0x08000a48   0x08000a48   0x00000006   Code   RO         3997    i.EXTI3_IRQHandler  exti.o
    0x08000a4e   0x08000a4e   0x00000006   Code   RO         3998    i.EXTI4_IRQHandler  exti.o
    0x08000a54   0x08000a54   0x00000006   Code   RO         3999    i.EXTI9_5_IRQHandler  exti.o
    0x08000a5a   0x08000a5a   0x00000002   PAD
    0x08000a5c   0x08000a5c   0x000000ac   Code   RO         4000    i.EXTI_Init         exti.o
    0x08000b08   0x08000b08   0x00000040   Code   RO         2205    i.FMC_NORSRAM_Extended_Timing_Init  stm32f4xx_ll_fmc.o
    0x08000b48   0x08000b48   0x00000078   Code   RO         2206    i.FMC_NORSRAM_Init  stm32f4xx_ll_fmc.o
    0x08000bc0   0x08000bc0   0x0000005c   Code   RO         2207    i.FMC_NORSRAM_Timing_Init  stm32f4xx_ll_fmc.o
    0x08000c1c   0x08000c1c   0x0000004c   Code   RO         2217    i.FMC_SDRAM_Init    stm32f4xx_ll_fmc.o
    0x08000c68   0x08000c68   0x0000000c   Code   RO         2218    i.FMC_SDRAM_ProgramRefreshRate  stm32f4xx_ll_fmc.o
    0x08000c74   0x08000c74   0x00000048   Code   RO         2219    i.FMC_SDRAM_SendCommand  stm32f4xx_ll_fmc.o
    0x08000cbc   0x08000cbc   0x0000007c   Code   RO         2221    i.FMC_SDRAM_Timing_Init  stm32f4xx_ll_fmc.o
    0x08000d38   0x08000d38   0x000000e4   Code   RO         3113    i.HAL_CAN_ConfigFilter  stm32f4xx_hal_can.o
    0x08000e1c   0x08000e1c   0x00000144   Code   RO         3119    i.HAL_CAN_Init      stm32f4xx_hal_can.o
    0x08000f60   0x08000f60   0x00000054   Code   RO         3895    i.HAL_CAN_MspInit   can.o
    0x08000fb4   0x08000fb4   0x00000140   Code   RO         3122    i.HAL_CAN_Receive   stm32f4xx_hal_can.o
    0x080010f4   0x080010f4   0x00000174   Code   RO         3126    i.HAL_CAN_Transmit  stm32f4xx_hal_can.o
    0x08001268   0x08001268   0x0000007c   Code   RO         4001    i.HAL_GPIO_EXTI_Callback  exti.o
    0x080012e4   0x080012e4   0x00000018   Code   RO         1161    i.HAL_GPIO_EXTI_IRQHandler  stm32f4xx_hal_gpio.o
    0x080012fc   0x080012fc   0x000001dc   Code   RO         1162    i.HAL_GPIO_Init     stm32f4xx_hal_gpio.o
    0x080014d8   0x080014d8   0x0000000a   Code   RO         1164    i.HAL_GPIO_ReadPin  stm32f4xx_hal_gpio.o
    0x080014e2   0x080014e2   0x0000000a   Code   RO         1166    i.HAL_GPIO_WritePin  stm32f4xx_hal_gpio.o
    0x080014ec   0x080014ec   0x0000000c   Code   RO          893    i.HAL_GetTick       stm32f4xx_hal.o
    0x080014f8   0x080014f8   0x00000010   Code   RO          894    i.HAL_IncTick       stm32f4xx_hal.o
    0x08001508   0x08001508   0x00000034   Code   RO          895    i.HAL_Init          stm32f4xx_hal.o
    0x0800153c   0x0800153c   0x00000022   Code   RO          896    i.HAL_InitTick      stm32f4xx_hal.o
    0x0800155e   0x0800155e   0x00000052   Code   RO         2646    i.HAL_LTDC_ConfigLayer  stm32f4xx_hal_ltdc.o
    0x080015b0   0x080015b0   0x000000fc   Code   RO         2658    i.HAL_LTDC_Init     stm32f4xx_hal_ltdc.o
    0x080016ac   0x080016ac   0x000000f4   Code   RO         3703    i.HAL_LTDC_MspInit  ltdc.o
    0x080017a0   0x080017a0   0x00000054   Code   RO         2667    i.HAL_LTDC_SetWindowPosition  stm32f4xx_hal_ltdc.o
    0x080017f4   0x080017f4   0x00000054   Code   RO         2668    i.HAL_LTDC_SetWindowSize  stm32f4xx_hal_ltdc.o
    0x08001848   0x08001848   0x00000008   Code   RO          898    i.HAL_MspInit       stm32f4xx_hal.o
    0x08001850   0x08001850   0x00000016   Code   RO         1039    i.HAL_NVIC_EnableIRQ  stm32f4xx_hal_cortex.o
    0x08001866   0x08001866   0x00000002   PAD
    0x08001868   0x08001868   0x00000040   Code   RO         1045    i.HAL_NVIC_SetPriority  stm32f4xx_hal_cortex.o
    0x080018a8   0x080018a8   0x00000024   Code   RO         1046    i.HAL_NVIC_SetPriorityGrouping  stm32f4xx_hal_cortex.o
    0x080018cc   0x080018cc   0x00000088   Code   RO         1351    i.HAL_PWREx_EnableOverDrive  stm32f4xx_hal_pwr_ex.o
    0x08001954   0x08001954   0x000002a8   Code   RO         1523    i.HAL_RCCEx_PeriphCLKConfig  stm32f4xx_hal_rcc_ex.o
    0x08001bfc   0x08001bfc   0x00000208   Code   RO         1418    i.HAL_RCC_ClockConfig  stm32f4xx_hal_rcc.o
    0x08001e04   0x08001e04   0x00000034   Code   RO         1423    i.HAL_RCC_GetHCLKFreq  stm32f4xx_hal_rcc.o
    0x08001e38   0x08001e38   0x0000002c   Code   RO         1425    i.HAL_RCC_GetPCLK1Freq  stm32f4xx_hal_rcc.o
    0x08001e64   0x08001e64   0x0000002c   Code   RO         1426    i.HAL_RCC_GetPCLK2Freq  stm32f4xx_hal_rcc.o
    0x08001e90   0x08001e90   0x00000074   Code   RO         1427    i.HAL_RCC_GetSysClockFreq  stm32f4xx_hal_rcc.o
    0x08001f04   0x08001f04   0x0000031c   Code   RO         1430    i.HAL_RCC_OscConfig  stm32f4xx_hal_rcc.o
    0x08002220   0x08002220   0x00000042   Code   RO         2841    i.HAL_SDRAM_Init    stm32f4xx_hal_sdram.o
    0x08002262   0x08002262   0x00000002   PAD
    0x08002264   0x08002264   0x000000dc   Code   RO         3823    i.HAL_SDRAM_MspInit  sdram.o
    0x08002340   0x08002340   0x00000022   Code   RO         2844    i.HAL_SDRAM_ProgramRefreshRate  stm32f4xx_hal_sdram.o
    0x08002362   0x08002362   0x0000002e   Code   RO         2850    i.HAL_SDRAM_SendCommand  stm32f4xx_hal_sdram.o
    0x08002390   0x08002390   0x00000056   Code   RO         2995    i.HAL_SRAM_Init     stm32f4xx_hal_sram.o
    0x080023e6   0x080023e6   0x00000002   PAD
    0x080023e8   0x080023e8   0x00000078   Code   RO         3480    i.HAL_SRAM_MspInit  lcd.o
    0x08002460   0x08002460   0x00000018   Code   RO         1048    i.HAL_SYSTICK_CLKSourceConfig  stm32f4xx_hal_cortex.o
    0x08002478   0x08002478   0x00000028   Code   RO         1050    i.HAL_SYSTICK_Config  stm32f4xx_hal_cortex.o
    0x080024a0   0x080024a0   0x00000002   Code   RO         1570    i.HAL_UART_ErrorCallback  stm32f4xx_hal_uart.o
    0x080024a2   0x080024a2   0x00000006   Code   RO         1572    i.HAL_UART_GetState  stm32f4xx_hal_uart.o
    0x080024a8   0x080024a8   0x000000f4   Code   RO         1573    i.HAL_UART_IRQHandler  stm32f4xx_hal_uart.o
    0x0800259c   0x0800259c   0x0000005e   Code   RO         1574    i.HAL_UART_Init     stm32f4xx_hal_uart.o
    0x080025fa   0x080025fa   0x00000002   PAD
    0x080025fc   0x080025fc   0x0000007c   Code   RO         3313    i.HAL_UART_MspInit  usart.o
    0x08002678   0x08002678   0x00000068   Code   RO         1579    i.HAL_UART_Receive_IT  stm32f4xx_hal_uart.o
    0x080026e0   0x080026e0   0x00000058   Code   RO         3314    i.HAL_UART_RxCpltCallback  usart.o
    0x08002738   0x08002738   0x00000002   Code   RO         1585    i.HAL_UART_TxCpltCallback  stm32f4xx_hal_uart.o
    0x0800273a   0x0800273a   0x00000002   Code   RO          453    i.HardFault_Handler  stm32f4xx_it.o
    0x0800273c   0x0800273c   0x00000080   Code   RO         3406    i.KEY_Init          key.o
    0x080027bc   0x080027bc   0x00000048   Code   RO         3482    i.LCD_Clear         lcd.o
    0x08002804   0x08002804   0x000000f4   Code   RO         3486    i.LCD_Display_Dir   lcd.o
    0x080028f8   0x080028f8   0x000000fc   Code   RO         3491    i.LCD_Fast_DrawPoint  lcd.o
    0x080029f4   0x080029f4   0x0000238c   Code   RO         3493    i.LCD_Init          lcd.o
    0x08004d80   0x08004d80   0x00000010   Code   RO         3494    i.LCD_Pow           lcd.o
    0x08004d90   0x08004d90   0x00000014   Code   RO         3495    i.LCD_RD_DATA       lcd.o
    0x08004da4   0x08004da4   0x00000050   Code   RO         3498    i.LCD_SSD_BackLightSet  lcd.o
    0x08004df4   0x08004df4   0x000001b8   Code   RO         3499    i.LCD_Scan_Dir      lcd.o
    0x08004fac   0x08004fac   0x00000104   Code   RO         3500    i.LCD_SetCursor     lcd.o
    0x080050b0   0x080050b0   0x000000dc   Code   RO         3502    i.LCD_ShowChar      lcd.o
    0x0800518c   0x0800518c   0x00000054   Code   RO         3504    i.LCD_ShowString    lcd.o
    0x080051e0   0x080051e0   0x00000086   Code   RO         3505    i.LCD_ShowxNum      lcd.o
    0x08005266   0x08005266   0x00000002   PAD
    0x08005268   0x08005268   0x00000018   Code   RO         3506    i.LCD_WR_DATA       lcd.o
    0x08005280   0x08005280   0x00000018   Code   RO         3507    i.LCD_WR_REG        lcd.o
    0x08005298   0x08005298   0x00000014   Code   RO         3509    i.LCD_WriteRAM_Prepare  lcd.o
    0x080052ac   0x080052ac   0x00000010   Code   RO         3510    i.LCD_WriteReg      lcd.o
    0x080052bc   0x080052bc   0x00000088   Code   RO         3379    i.LED_Init          led.o
    0x08005344   0x08005344   0x00000020   Code   RO         3704    i.LTDC_Clear        ltdc.o
    0x08005364   0x08005364   0x0000001e   Code   RO         3705    i.LTDC_Clk_Set      ltdc.o
    0x08005382   0x08005382   0x00000002   PAD
    0x08005384   0x08005384   0x00000028   Code   RO         3707    i.LTDC_Display_Dir  ltdc.o
    0x080053ac   0x080053ac   0x0000003c   Code   RO         3708    i.LTDC_Draw_Point   ltdc.o
    0x080053e8   0x080053e8   0x000000b4   Code   RO         3709    i.LTDC_Fill         ltdc.o
    0x0800549c   0x0800549c   0x000001b4   Code   RO         3710    i.LTDC_Init         ltdc.o
    0x08005650   0x08005650   0x0000005c   Code   RO         3711    i.LTDC_Layer_Parameter_Config  ltdc.o
    0x080056ac   0x080056ac   0x00000024   Code   RO         3713    i.LTDC_Layer_Window_Config  ltdc.o
    0x080056d0   0x080056d0   0x000000b8   Code   RO         3714    i.LTDC_PanelID_Read  ltdc.o
    0x08005788   0x08005788   0x00000162   Code   RO         2669    i.LTDC_SetConfig    stm32f4xx_hal_ltdc.o
    0x080058ea   0x080058ea   0x00000002   Code   RO          454    i.MemManage_Handler  stm32f4xx_it.o
    0x080058ec   0x080058ec   0x00000002   Code   RO          455    i.NMI_Handler       stm32f4xx_it.o
    0x080058ee   0x080058ee   0x00000020   Code   RO         1052    i.NVIC_SetPriority  stm32f4xx_hal_cortex.o
    0x0800590e   0x0800590e   0x00000002   Code   RO          456    i.PendSV_Handler    stm32f4xx_it.o
    0x08005910   0x08005910   0x00000060   Code   RO         3824    i.SDRAM_Init        sdram.o
    0x08005970   0x08005970   0x00000050   Code   RO         3825    i.SDRAM_Initialization_Sequence  sdram.o
    0x080059c0   0x080059c0   0x00000034   Code   RO         3826    i.SDRAM_Send_Cmd    sdram.o
    0x080059f4   0x080059f4   0x00000002   Code   RO          457    i.SVC_Handler       stm32f4xx_it.o
    0x080059f6   0x080059f6   0x00000002   PAD
    0x080059f8   0x080059f8   0x00000084   Code   RO         3286    i.Stm32_Clock_Init  sys.o
    0x08005a7c   0x08005a7c   0x00000004   Code   RO          458    i.SysTick_Handler   stm32f4xx_it.o
    0x08005a80   0x08005a80   0x00000054   Code   RO          736    i.SystemInit        system_stm32f4xx.o
    0x08005ad4   0x08005ad4   0x000000a6   Code   RO         1592    i.UART_Receive_IT   stm32f4xx_hal_uart.o
    0x08005b7a   0x08005b7a   0x00000002   PAD
    0x08005b7c   0x08005b7c   0x00000174   Code   RO         1593    i.UART_SetConfig    stm32f4xx_hal_uart.o
    0x08005cf0   0x08005cf0   0x00000066   Code   RO         1594    i.UART_Transmit_IT  stm32f4xx_hal_uart.o
    0x08005d56   0x08005d56   0x00000002   PAD
    0x08005d58   0x08005d58   0x0000002c   Code   RO         3315    i.USART1_IRQHandler  usart.o
    0x08005d84   0x08005d84   0x000000b8   Code   RO         3440    i.USART3_IRQHandler  usart3.o
    0x08005e3c   0x08005e3c   0x00000002   Code   RO          459    i.UsageFault_Handler  stm32f4xx_it.o
    0x08005e3e   0x08005e3e   0x00000002   Code   RO         3316    i._sys_exit         usart.o
    0x08005e40   0x08005e40   0x000001f4   Code   RO            5    i.back              main.o
    0x08006034   0x08006034   0x00000014   Code   RO         3241    i.delay_init        delay.o
    0x08006048   0x08006048   0x0000001a   Code   RO         3242    i.delay_ms          delay.o
    0x08006062   0x08006062   0x00000002   PAD
    0x08006064   0x08006064   0x00000034   Code   RO         3243    i.delay_us          delay.o
    0x08006098   0x08006098   0x00000280   Code   RO            6    i.dw                main.o
    0x08006318   0x08006318   0x000002a8   Code   RO            8    i.fly2              main.o
    0x080065c0   0x080065c0   0x00000264   Code   RO            9    i.flydw             main.o
    0x08006824   0x08006824   0x00000014   Code   RO         3317    i.fputc             usart.o
    0x08006838   0x08006838   0x00000014   Code   RO           11    i.jdz               main.o
    0x0800684c   0x0800684c   0x00000258   Code   RO           13    i.jzdw              main.o
    0x08006aa4   0x08006aa4   0x00000124   Code   RO           14    i.jzzx              main.o
    0x08006bc8   0x08006bc8   0x00000280   Code   RO           15    i.ksdw              main.o
    0x08006e48   0x08006e48   0x00000464   Code   RO           16    i.kszx              main.o
    0x080072ac   0x080072ac   0x00000038   Code   RO           17    i.lb                main.o
    0x080072e4   0x080072e4   0x0000001c   Code   RO           18    i.lg                main.o
    0x08007300   0x08007300   0x0000004c   Code   RO           19    i.lt                main.o
    0x0800734c   0x0800734c   0x00000668   Code   RO           20    i.main              main.o
    0x080079b4   0x080079b4   0x00000354   Code   RO           23    i.move3             main.o
    0x08007d08   0x08007d08   0x0000002c   Code   RO           24    i.rg                main.o
    0x08007d34   0x08007d34   0x00000068   Code   RO           25    i.rt                main.o
    0x08007d9c   0x08007d9c   0x00000244   Code   RO           26    i.start             main.o
    0x08007fe0   0x08007fe0   0x000000a4   Code   RO         3441    i.uart3_init        usart3.o
    0x08008084   0x08008084   0x00000038   Code   RO         3318    i.uart_init         usart.o
    0x080080bc   0x080080bc   0x000002a0   Code   RO           29    i.zxfun             main.o
    0x0800835c   0x0800835c   0x0000005a   Code   RO         4121    x$fpl$dfixu         fz_wm.l(dfixu.o)
    0x080083b6   0x080083b6   0x00000026   Code   RO         4125    x$fpl$dfltu         fz_wm.l(dflt_clz.o)
    0x080083dc   0x080083dc   0x00000154   Code   RO         4131    x$fpl$dmul          fz_wm.l(dmul.o)
    0x08008530   0x08008530   0x0000009c   Code   RO         4141    x$fpl$dnaninf       fz_wm.l(dnaninf.o)
    0x080085cc   0x080085cc   0x0000000c   Code   RO         4143    x$fpl$dretinf       fz_wm.l(dretinf.o)
    0x080085d8   0x080085d8   0x0000000a   Code   RO         4238    x$fpl$fpinit        fz_wm.l(fpinit.o)
    0x080085e2   0x080085e2   0x00000000   Code   RO         4145    x$fpl$usenofp       fz_wm.l(usenofp.o)
    0x080085e2   0x080085e2   0x00000010   Data   RO         1431    .constdata          stm32f4xx_hal_rcc.o
    0x080085f2   0x080085f2   0x00004740   Data   RO         3513    .constdata          lcd.o
    0x0800cd32   0x0800cd32   0x00000028   Data   RO         4076    .constdata          c_w.l(_printf_hex_int.o)
    0x0800cd5a   0x0800cd5a   0x00000002   PAD
    0x0800cd5c   0x0800cd5c   0x00000020   Data   RO         4302    Region$$Table       anon$$obj.o


    Execution Region RW_IRAM1 (Exec base: 0x20000000, Load base: 0x0800cd7c, Size: 0x00000a38, Max: 0x00030000, ABSOLUTE)

    Exec Addr    Load Addr    Size         Type   Attr      Idx    E Section Name        Object

    0x20000000   0x0800cd7c   0x00000004   Data   RW           31    .data               main.o
    0x20000004   0x0800cd80   0x00000010   Data   RW           32    .data               main.o
    0x20000014   0x0800cd90   0x00000014   Data   RW          737    .data               system_stm32f4xx.o
    0x20000028   0x0800cda4   0x00000004   Data   RW          901    .data               stm32f4xx_hal.o
    0x2000002c   0x0800cda8   0x00000004   Data   RW         3244    .data               delay.o
    0x20000030   0x0800cdac   0x00000004   Data   RW         3320    .data               usart.o
    0x20000034   0x0800cdb0   0x00000004   Data   RW         3321    .data               usart.o
    0x20000038   0x0800cdb4   0x0000001c   Data   RW         3444    .data               usart3.o
    0x20000054   0x0800cdd0   0x00000008   Data   RW         3514    .data               lcd.o
    0x2000005c   0x0800cdd8   0x00000008   Data   RW         3721    .data               ltdc.o
    0x20000064   0x0800cde0   0x00000024   Data   RW         3897    .data               can.o
    0x20000088   0x0800ce04   0x00000004   Data   RW         4002    .data               exti.o
    0x2000008c        -       0x00000108   Zero   RW         3319    .bss                usart.o
    0x20000194        -       0x00000058   Zero   RW         3442    .bss                usart3.o
    0x200001ec        -       0x0000005e   Zero   RW         3512    .bss                lcd.o
    0x2000024a   0x0800ce08   0x00000002   PAD
    0x2000024c        -       0x000000c8   Zero   RW         3719    .bss                ltdc.o
    0x20000314        -       0x00000034   Zero   RW         3827    .bss                sdram.o
    0x20000348        -       0x00000090   Zero   RW         3896    .bss                can.o
    0x200003d8        -       0x00000060   Zero   RW         4180    .bss                c_w.l(libspace.o)
    0x20000438        -       0x00000200   Zero   RW          869    HEAP                startup_stm32f429xx.o
    0x20000638        -       0x00000400   Zero   RW          868    STACK               startup_stm32f429xx.o



  Load Region LR$$.ARM.__AT_0xC0000000 (Base: 0xc0000000, Size: 0x00000000, Max: 0x001f4000, ABSOLUTE)

    Execution Region ER$$.ARM.__AT_0xC0000000 (Exec base: 0xc0000000, Load base: 0xc0000000, Size: 0x001f4000, Max: 0x001f4000, ABSOLUTE, UNINIT)

    Exec Addr    Load Addr    Size         Type   Attr      Idx    E Section Name        Object

    0xc0000000        -       0x001f4000   Zero   RW         3718    .ARM.__AT_0xC0000000  ltdc.o


==============================================================================

Image component sizes


      Code (inc. data)   RO Data    RW Data    ZI Data      Debug   Object Name

       814         92          0         36        144       9293   can.o
        98          8          0          4          0       4407   delay.o
       328         30          0          4          0       4721   exti.o
       128         18          0          0          0        991   key.o
     11126        178      18240          8         94      20448   lcd.o
       136         18          0          0          0        967   led.o
      1334        112          0          8    2048200       9404   ltdc.o
      9680        598          0         20          0      27193   main.o
       448         46          0          0         52       3446   sdram.o
        64         26        428          0       1536        832   startup_stm32f429xx.o
       122         16          0          4          0       4184   stm32f4xx_hal.o
      1244         22          0          0          0       4703   stm32f4xx_hal_can.o
       218         14          0          0          0      30941   stm32f4xx_hal_cortex.o
       520         60          0          0          0       3974   stm32f4xx_hal_gpio.o
       856          4          0          0          0       4789   stm32f4xx_hal_ltdc.o
       136         14          0          0          0       1316   stm32f4xx_hal_pwr_ex.o
      1572         72         16          0          0       6403   stm32f4xx_hal_rcc.o
       680         36          0          0          0       1688   stm32f4xx_hal_rcc_ex.o
       146          0          0          0          0       2752   stm32f4xx_hal_sdram.o
        86          0          0          0          0       1228   stm32f4xx_hal_sram.o
      1092          8          0          0          0       7451   stm32f4xx_hal_uart.o
        20          0          0          0          0     411302   stm32f4xx_it.o
       560         20          0          0          0       6036   stm32f4xx_ll_fmc.o
       132         10          0          0          0       1155   sys.o
        84         18          0         20          0       1061   system_stm32f4xx.o
       334         52          0          8        264       5449   usart.o
       348         46          0         28         88       2479   usart3.o

    ----------------------------------------------------------------------
     32332       1518      18716        140    2050380     578613   Object Totals
         0          0         32          0          0          0   (incl. Generated)
        26          0          0          0          2          0   (incl. Padding)

    ----------------------------------------------------------------------

      Code (inc. data)   RO Data    RW Data    ZI Data      Debug   Library Member Name

         8          0          0          0          0         68   __main.o
       104          0          0          0          0         84   __printf.o
         0          0          0          0          0          0   __rtentry.o
        12          0          0          0          0          0   __rtentry2.o
         6          0          0          0          0          0   __rtentry4.o
        52          8          0          0          0          0   __scatter.o
        26          0          0          0          0          0   __scatter_copy.o
        28          0          0          0          0          0   __scatter_zi.o
        48          6          0          0          0         96   _printf_char_common.o
        36          4          0          0          0         80   _printf_char_file.o
        88          4         40          0          0         88   _printf_hex_int.o
       178          0          0          0          0         88   _printf_intcommon.o
         0          0          0          0          0          0   _printf_percent.o
         4          0          0          0          0          0   _printf_percent_end.o
         6          0          0          0          0          0   _printf_x.o
        18          0          0          0          0         80   exit.o
         8          0          0          0          0         68   ferror.o
         6          0          0          0          0        152   heapauxi.o
         2          0          0          0          0          0   libinit.o
         6          0          0          0          0          0   libinit2.o
         2          0          0          0          0          0   libshutdown.o
         2          0          0          0          0          0   libshutdown2.o
         8          4          0          0         96         68   libspace.o
        24          4          0          0          0         84   noretval__2printf.o
       100          0          0          0          0         80   rt_memcpy_w.o
         2          0          0          0          0          0   rtexit.o
        10          0          0          0          0          0   rtexit2.o
        74          0          0          0          0         80   sys_stackheap_outer.o
         2          0          0          0          0         68   use_no_semi.o
         2          0          0          0          0         68   use_no_semi_2.o
        90          4          0          0          0        140   dfixu.o
        38          0          0          0          0        116   dflt_clz.o
       340         12          0          0          0        152   dmul.o
       156          4          0          0          0        140   dnaninf.o
        12          0          0          0          0        116   dretinf.o
        10          0          0          0          0        116   fpinit.o
         0          0          0          0          0          0   usenofp.o

    ----------------------------------------------------------------------
      1514         50         42          0         96       2032   Library Totals
         6          0          2          0          0          0   (incl. Padding)

    ----------------------------------------------------------------------

      Code (inc. data)   RO Data    RW Data    ZI Data      Debug   Library Name

       862         30         40          0         96       1252   c_w.l
       646         20          0          0          0        780   fz_wm.l

    ----------------------------------------------------------------------
      1514         50         42          0         96       2032   Library Totals

    ----------------------------------------------------------------------

==============================================================================


      Code (inc. data)   RO Data    RW Data    ZI Data      Debug   

     33846       1568      18758        140    2050476     566173   Grand Totals
     33846       1568      18758        140    2050476     566173   ELF Image Totals
     33846       1568      18758        140          0          0   ROM Totals

==============================================================================

    Total RO  Size (Code + RO Data)                52604 (  51.37kB)
    Total RW  Size (RW Data + ZI Data)           2050616 (2002.55kB)
    Total ROM Size (Code + RO Data + RW Data)      52744 (  51.51kB)

==============================================================================

