Component: ARM Compiler 5.06 update 5 (build 528) Tool: armlink [4d35e2]

==============================================================================

Section Cross References

    main.o(i.DIS) refers to lcd.o(i.LCD_ShowString) for LCD_ShowString
    main.o(i.DIS) refers to lcd.o(i.LCD_ShowxNum) for LCD_ShowxNum
    main.o(i.DIS) refers to usart3.o(.data) for pos_x
    main.o(i.DIS) refers to main.o(.data) for .data
    main.o(i.back) refers to can.o(i.CAN_RoboModule_DRV_Velocity_Mode) for CAN_RoboModule_DRV_Velocity_Mode
    main.o(i.back) refers to main.o(i.kszx) for kszx
    main.o(i.back) refers to main.o(i.jzzx) for jzzx
    main.o(i.back) refers to delay.o(i.delay_ms) for delay_ms
    main.o(i.back) refers to main.o(.data) for .data
    main.o(i.back) refers to usart3.o(.data) for pos_y
    main.o(i.down) refers to pstwo.o(i.PS2_DataKey) for PS2_DataKey
    main.o(i.down) refers to delay.o(i.delay_ms) for delay_ms
    main.o(i.down) refers to can.o(i.CAN_RoboModule_DRV_Velocity_Mode) for CAN_RoboModule_DRV_Velocity_Mode
    main.o(i.down) refers to main.o(.data) for .data
    main.o(i.gback) refers to delay.o(i.delay_ms) for delay_ms
    main.o(i.gback) refers to stm32f4xx_hal_gpio.o(i.HAL_GPIO_WritePin) for HAL_GPIO_WritePin
    main.o(i.gup) refers to delay.o(i.delay_ms) for delay_ms
    main.o(i.gup) refers to stm32f4xx_hal_gpio.o(i.HAL_GPIO_WritePin) for HAL_GPIO_WritePin
    main.o(i.jzzx) refers to delay.o(i.delay_ms) for delay_ms
    main.o(i.jzzx) refers to can.o(i.CAN_RoboModule_DRV_Velocity_Mode) for CAN_RoboModule_DRV_Velocity_Mode
    main.o(i.jzzx) refers to usart3.o(.data) for zangle
    main.o(i.jzzx) refers to main.o(.data) for .data
    main.o(i.kszx) refers to delay.o(i.delay_ms) for delay_ms
    main.o(i.kszx) refers to can.o(i.CAN_RoboModule_DRV_Velocity_Mode) for CAN_RoboModule_DRV_Velocity_Mode
    main.o(i.kszx) refers to main.o(i.jdz) for jdz
    main.o(i.kszx) refers to main.o(.data) for .data
    main.o(i.kszx) refers to usart3.o(.data) for zangle
    main.o(i.lback) refers to delay.o(i.delay_ms) for delay_ms
    main.o(i.lback) refers to stm32f4xx_hal_gpio.o(i.HAL_GPIO_WritePin) for HAL_GPIO_WritePin
    main.o(i.left) refers to pstwo.o(i.PS2_DataKey) for PS2_DataKey
    main.o(i.left) refers to delay.o(i.delay_ms) for delay_ms
    main.o(i.left) refers to can.o(i.CAN_RoboModule_DRV_Velocity_Mode) for CAN_RoboModule_DRV_Velocity_Mode
    main.o(i.left) refers to usart3.o(.data) for zangle
    main.o(i.left) refers to main.o(.data) for .data
    main.o(i.lrup) refers to main.o(i.lup) for lup
    main.o(i.lrup) refers to main.o(i.rup) for rup
    main.o(i.lup) refers to delay.o(i.delay_ms) for delay_ms
    main.o(i.lup) refers to stm32f4xx_hal_gpio.o(i.HAL_GPIO_WritePin) for HAL_GPIO_WritePin
    main.o(i.main) refers to stm32f4xx_hal.o(i.HAL_Init) for HAL_Init
    main.o(i.main) refers to sys.o(i.Stm32_Clock_Init) for Stm32_Clock_Init
    main.o(i.main) refers to delay.o(i.delay_init) for delay_init
    main.o(i.main) refers to led.o(i.LED_Init) for LED_Init
    main.o(i.main) refers to usart.o(i.uart_init) for uart_init
    main.o(i.main) refers to usart3.o(i.uart3_init) for uart3_init
    main.o(i.main) refers to pstwo.o(i.PS2_Init) for PS2_Init
    main.o(i.main) refers to pstwo.o(i.PS2_SetInit) for PS2_SetInit
    main.o(i.main) refers to sdram.o(i.SDRAM_Init) for SDRAM_Init
    main.o(i.main) refers to lcd.o(i.LCD_Init) for LCD_Init
    main.o(i.main) refers to exti.o(i.EXTI_Init) for EXTI_Init
    main.o(i.main) refers to can.o(i.CAN1_Mode_Init) for CAN1_Mode_Init
    main.o(i.main) refers to delay.o(i.delay_ms) for delay_ms
    main.o(i.main) refers to can.o(i.CAN_RoboModule_DRV_Reset) for CAN_RoboModule_DRV_Reset
    main.o(i.main) refers to can.o(i.CAN_RoboModule_DRV_Config) for CAN_RoboModule_DRV_Config
    main.o(i.main) refers to delay.o(i.delay_us) for delay_us
    main.o(i.main) refers to can.o(i.CAN_RoboModule_DRV_Mode_Choice) for CAN_RoboModule_DRV_Mode_Choice
    main.o(i.main) refers to stm32f4xx_hal_gpio.o(i.HAL_GPIO_WritePin) for HAL_GPIO_WritePin
    main.o(i.main) refers to pstwo.o(i.PS2_DataKey) for PS2_DataKey
    main.o(i.main) refers to main.o(i.DIS) for DIS
    main.o(i.main) refers to main.o(i.zx0) for zx0
    main.o(i.main) refers to main.o(i.zx90) for zx90
    main.o(i.main) refers to main.o(i.lrup) for lrup
    main.o(i.main) refers to main.o(i.left) for left
    main.o(i.main) refers to main.o(i.up) for up
    main.o(i.main) refers to main.o(i.right) for right
    main.o(i.main) refers to main.o(i.down) for down
    main.o(i.main) refers to main.o(i.totz2) for totz2
    main.o(i.main) refers to main.o(i.back) for back
    main.o(i.main) refers to main.o(i.totz1) for totz1
    main.o(i.main) refers to main.o(i.start) for start
    main.o(i.main) refers to main.o(i.gup) for gup
    main.o(i.main) refers to main.o(i.rback) for rback
    main.o(i.main) refers to main.o(i.gback) for gback
    main.o(i.main) refers to main.o(i.lback) for lback
[...]
    i.HAL_SYSTICK_Config                     0x0800241c   Section        0  stm32f4xx_hal_cortex.o(i.HAL_SYSTICK_Config)
    i.HAL_UART_ErrorCallback                 0x08002444   Section        0  stm32f4xx_hal_uart.o(i.HAL_UART_ErrorCallback)
    i.HAL_UART_GetState                      0x08002446   Section        0  stm32f4xx_hal_uart.o(i.HAL_UART_GetState)
    i.HAL_UART_IRQHandler                    0x0800244c   Section        0  stm32f4xx_hal_uart.o(i.HAL_UART_IRQHandler)
    i.HAL_UART_Init                          0x08002540   Section        0  stm32f4xx_hal_uart.o(i.HAL_UART_Init)
    i.HAL_UART_MspInit                       0x080025a0   Section        0  usart.o(i.HAL_UART_MspInit)
    i.HAL_UART_Receive_IT                    0x0800261c   Section        0  stm32f4xx_hal_uart.o(i.HAL_UART_Receive_IT)
    i.HAL_UART_RxCpltCallback                0x08002684   Section        0  usart.o(i.HAL_UART_RxCpltCallback)
    i.HAL_UART_TxCpltCallback                0x080026dc   Section        0  stm32f4xx_hal_uart.o(i.HAL_UART_TxCpltCallback)
    i.HardFault_Handler                      0x080026de   Section        0  stm32f4xx_it.o(i.HardFault_Handler)
    i.LCD_Clear                              0x080026e0   Section        0  lcd.o(i.LCD_Clear)
    i.LCD_Display_Dir                        0x08002728   Section        0  lcd.o(i.LCD_Display_Dir)
    i.LCD_Fast_DrawPoint                     0x0800281c   Section        0  lcd.o(i.LCD_Fast_DrawPoint)
    i.LCD_Init                               0x08002918   Section        0  lcd.o(i.LCD_Init)
    i.LCD_Pow                                0x08004ca4   Section        0  lcd.o(i.LCD_Pow)
    i.LCD_RD_DATA                            0x08004cb4   Section        0  lcd.o(i.LCD_RD_DATA)
    i.LCD_SSD_BackLightSet                   0x08004cc8   Section        0  lcd.o(i.LCD_SSD_BackLightSet)
    i.LCD_Scan_Dir                           0x08004d18   Section        0  lcd.o(i.LCD_Scan_Dir)
    i.LCD_SetCursor                          0x08004ed0   Section        0  lcd.o(i.LCD_SetCursor)
    i.LCD_ShowChar                           0x08004fd4   Section        0  lcd.o(i.LCD_ShowChar)
    i.LCD_ShowString                         0x080050b0   Section        0  lcd.o(i.LCD_ShowString)
    i.LCD_ShowxNum                           0x08005104   Section        0  lcd.o(i.LCD_ShowxNum)
    i.LCD_WR_DATA                            0x0800518c   Section        0  lcd.o(i.LCD_WR_DATA)
    i.LCD_WR_REG                             0x080051a4   Section        0  lcd.o(i.LCD_WR_REG)
    i.LCD_WriteRAM_Prepare                   0x080051bc   Section        0  lcd.o(i.LCD_WriteRAM_Prepare)
    i.LCD_WriteReg                           0x080051d0   Section        0  lcd.o(i.LCD_WriteReg)
    i.LED_Init                               0x080051e0   Section        0  led.o(i.LED_Init)
    i.LTDC_Clear                             0x08005268   Section        0  ltdc.o(i.LTDC_Clear)
    i.LTDC_Clk_Set                           0x08005288   Section        0  ltdc.o(i.LTDC_Clk_Set)
    i.LTDC_Display_Dir                       0x080052a8   Section        0  ltdc.o(i.LTDC_Display_Dir)
    i.LTDC_Draw_Point                        0x080052d0   Section        0  ltdc.o(i.LTDC_Draw_Point)
    i.LTDC_Fill                              0x0800530c   Section        0  ltdc.o(i.LTDC_Fill)
    i.LTDC_Init                              0x080053c0   Section        0  ltdc.o(i.LTDC_Init)
    i.LTDC_Layer_Parameter_Config            0x08005574   Section        0  ltdc.o(i.LTDC_Layer_Parameter_Config)
    i.LTDC_Layer_Window_Config               0x080055d0   Section        0  ltdc.o(i.LTDC_Layer_Window_Config)
    i.LTDC_PanelID_Read                      0x080055f4   Section        0  ltdc.o(i.LTDC_PanelID_Read)
    i.LTDC_SetConfig                         0x080056ac   Section        0  stm32f4xx_hal_ltdc.o(i.LTDC_SetConfig)
    LTDC_SetConfig                           0x080056ad   Thumb Code   354  stm32f4xx_hal_ltdc.o(i.LTDC_SetConfig)
    i.MemManage_Handler                      0x0800580e   Section        0  stm32f4xx_it.o(i.MemManage_Handler)
    i.NMI_Handler                            0x08005810   Section        0  stm32f4xx_it.o(i.NMI_Handler)
    i.NVIC_SetPriority                       0x08005812   Section        0  stm32f4xx_hal_cortex.o(i.NVIC_SetPriority)
    NVIC_SetPriority                         0x08005813   Thumb Code    32  stm32f4xx_hal_cortex.o(i.NVIC_SetPriority)
    i.PS2_ClearData                          0x08005834   Section        0  pstwo.o(i.PS2_ClearData)
    i.PS2_Cmd                                0x0800584c   Section        0  pstwo.o(i.PS2_Cmd)
    i.PS2_DataKey                            0x080058d8   Section        0  pstwo.o(i.PS2_DataKey)
    i.PS2_EnterConfing                       0x08005918   Section        0  pstwo.o(i.PS2_EnterConfing)
    i.PS2_ExitConfing                        0x08005974   Section        0  pstwo.o(i.PS2_ExitConfing)
    i.PS2_Init                               0x080059d0   Section        0  pstwo.o(i.PS2_Init)
    i.PS2_ReadData                           0x08005a34   Section        0  pstwo.o(i.PS2_ReadData)
    i.PS2_SetInit                            0x08005ae4   Section        0  pstwo.o(i.PS2_SetInit)
    i.PS2_ShortPoll                          0x08005b08   Section        0  pstwo.o(i.PS2_ShortPoll)
    i.PS2_TurnOnAnalogMode                   0x08005b4c   Section        0  pstwo.o(i.PS2_TurnOnAnalogMode)
    i.PS2_VibrationMode                      0x08005ba4   Section        0  pstwo.o(i.PS2_VibrationMode)
    i.PendSV_Handler                         0x08005be8   Section        0  stm32f4xx_it.o(i.PendSV_Handler)
    i.SDRAM_Init                             0x08005bec   Section        0  sdram.o(i.SDRAM_Init)
    i.SDRAM_Initialization_Sequence          0x08005c4c   Section        0  sdram.o(i.SDRAM_Initialization_Sequence)
    i.SDRAM_Send_Cmd                         0x08005c9c   Section        0  sdram.o(i.SDRAM_Send_Cmd)
    i.SVC_Handler                            0x08005cd0   Section        0  stm32f4xx_it.o(i.SVC_Handler)
    i.Stm32_Clock_Init                       0x08005cd4   Section        0  sys.o(i.Stm32_Clock_Init)
    i.SysTick_Handler                        0x08005d58   Section        0  stm32f4xx_it.o(i.SysTick_Handler)
    i.SystemInit                             0x08005d5c   Section        0  system_stm32f4xx.o(i.SystemInit)
    i.UART_Receive_IT                        0x08005db0   Section        0  stm32f4xx_hal_uart.o(i.UART_Receive_IT)
    UART_Receive_IT                          0x08005db1   Thumb Code   166  stm32f4xx_hal_uart.o(i.UART_Receive_IT)
    i.UART_SetConfig                         0x08005e58   Section        0  stm32f4xx_hal_uart.o(i.UART_SetConfig)
    UART_SetConfig                           0x08005e59   Thumb Code   364  stm32f4xx_hal_uart.o(i.UART_SetConfig)
    i.UART_Transmit_IT                       0x08005fcc   Section        0  stm32f4xx_hal_uart.o(i.UART_Transmit_IT)
    UART_Transmit_IT                         0x08005fcd   Thumb Code   102  stm32f4xx_hal_uart.o(i.UART_Transmit_IT)
    i.USART1_IRQHandler                      0x08006034   Section        0  usart.o(i.USART1_IRQHandler)
    i.USART3_IRQHandler                      0x08006060   Section        0  usart3.o(i.USART3_IRQHandler)
    i.UsageFault_Handler                     0x08006118   Section        0  stm32f4xx_it.o(i.UsageFault_Handler)
    i._sys_exit                              0x0800611a   Section        0  usart.o(i._sys_exit)
    i.back                                   0x0800611c   Section        0  main.o(i.back)
    i.delay_init                             0x0800635c   Section        0  delay.o(i.delay_init)
    i.delay_ms                               0x08006370   Section        0  delay.o(i.delay_ms)
    i.delay_us                               0x0800638c   Section        0  delay.o(i.delay_us)
    i.down                                   0x080063c0   Section        0  main.o(i.down)
    i.fputc                                  0x08006424   Section        0  usart.o(i.fputc)
    i.gback                                  0x08006438   Section        0  main.o(i.gback)
    i.gup                                    0x08006460   Section        0  main.o(i.gup)
    i.jdz                                    0x08006488   Section        0  main.o(i.jdz)
    i.jzzx                                   0x0800649c   Section        0  main.o(i.jzzx)
    i.kszx                                   0x080065c0   Section        0  main.o(i.kszx)
    i.lback                                  0x08006a24   Section        0  main.o(i.lback)
    i.left                                   0x08006a40   Section        0  main.o(i.left)
    i.lrup                                   0x08006b44   Section        0  main.o(i.lrup)
    i.lup                                    0x08006b54   Section        0  main.o(i.lup)
    i.main                                   0x08006b70   Section        0  main.o(i.main)
    i.rback                                  0x08006d18   Section        0  main.o(i.rback)
    i.right                                  0x08006d34   Section        0  main.o(i.right)
    i.rup                                    0x08006e40   Section        0  main.o(i.rup)
    i.start                                  0x08006e5c   Section        0  main.o(i.start)
    i.totz1                                  0x08006ff0   Section        0  main.o(i.totz1)
    i.totz2                                  0x08007208   Section        0  main.o(i.totz2)
    i.uart3_init                             0x08007478   Section        0  usart3.o(i.uart3_init)
    i.uart_init                              0x0800751c   Section        0  usart.o(i.uart_init)
    i.up                                     0x08007554   Section        0  main.o(i.up)
    i.zx0                                    0x080075b8   Section        0  main.o(i.zx0)
    i.zx90                                   0x080075d4   Section        0  main.o(i.zx90)
    x$fpl$dfixu                              0x080075f4   Section       90  dfixu.o(x$fpl$dfixu)
    $v0                                      0x080075f4   Number         0  dfixu.o(x$fpl$dfixu)
    x$fpl$dfltu                              0x0800764e   Section       38  dflt_clz.o(x$fpl$dfltu)
    $v0                                      0x0800764e   Number         0  dflt_clz.o(x$fpl$dfltu)
    x$fpl$dmul                               0x08007674   Section      340  dmul.o(x$fpl$dmul)
    $v0                                      0x08007674   Number         0  dmul.o(x$fpl$dmul)
    x$fpl$dnaninf                            0x080077c8   Section      156  dnaninf.o(x$fpl$dnaninf)
    $v0                                      0x080077c8   Number         0  dnaninf.o(x$fpl$dnaninf)
    x$fpl$dretinf                            0x08007864   Section       12  dretinf.o(x$fpl$dretinf)
    $v0                                      0x08007864   Number         0  dretinf.o(x$fpl$dretinf)
    x$fpl$fpinit                             0x08007870   Section       10  fpinit.o(x$fpl$fpinit)
    $v0                                      0x08007870   Number         0  fpinit.o(x$fpl$fpinit)
    .constdata                               0x0800787a   Section       16  stm32f4xx_hal_rcc.o(.constdata)
    x$fpl$usenofp                            0x0800787a   Section        0  usenofp.o(x$fpl$usenofp)
    .constdata                               0x0800788a   Section    18240  lcd.o(.constdata)
    .constdata                               0x0800bfca   Section       40  _printf_hex_int.o(.constdata)
    uc_hextab                                0x0800bfca   Data          20  _printf_hex_int.o(.constdata)
    lc_hextab                                0x0800bfde   Data          20  _printf_hex_int.o(.constdata)
    .data                                    0x20000000   Section        4  main.o(.data)
    .data                                    0x20000004   Section       12  main.o(.data)
    .data                                    0x20000010   Section       20  system_stm32f4xx.o(.data)
    .data                                    0x20000024   Section        4  stm32f4xx_hal.o(.data)
    uwTick                                   0x20000024   Data           4  stm32f4xx_hal.o(.data)
    .data                                    0x20000028   Section        4  delay.o(.data)
    fac_us                                   0x20000028   Data           4  delay.o(.data)
    .data                                    0x2000002c   Section        4  usart.o(.data)
    .data                                    0x20000030   Section        4  usart.o(.data)
    .data                                    0x20000034   Section       28  usart3.o(.data)
    ch                                       0x20000034   Data           1  usart3.o(.data)
    count                                    0x20000035   Data           1  usart3.o(.data)
    i                                        0x20000036   Data           1  usart3.o(.data)
    .data                                    0x20000050   Section        8  lcd.o(.data)
    .data                                    0x20000058   Section        8  ltdc.o(.data)
    .data                                    0x20000060   Section       36  can.o(.data)
    .data                                    0x20000084   Section        5  exti.o(.data)
    .data                                    0x2000008a   Section       40  pstwo.o(.data)
    lastkey                                  0x2000008a   Data           1  pstwo.o(.data)
    .bss                                     0x200000b4   Section      264  usart.o(.bss)
    .bss                                     0x200001bc   Section       88  usart3.o(.bss)
    posture                                  0x200001bc   Data          24  usart3.o(.bss)
    .bss                                     0x20000214   Section       94  lcd.o(.bss)
    .bss                                     0x20000274   Section      200  ltdc.o(.bss)
    .bss                                     0x2000033c   Section       52  sdram.o(.bss)
    .bss                                     0x20000370   Section      144  can.o(.bss)
    .bss                                     0x20000400   Section        9  pstwo.o(.bss)
    .bss                                     0x2000040c   Section       96  libspace.o(.bss)
    HEAP                                     0x20000470   Section      512  startup_stm32f429xx.o(HEAP)
    Heap_Mem                                 0x20000470   Data         512  startup_stm32f429xx.o(HEAP)
    STACK                                    0x20000670   Section     1024  startup_stm32f429xx.o(STACK)
    Stack_Mem                                0x20000670   Data        1024  startup_stm32f429xx.o(STACK)
    __initial_sp                             0x20000a70   Data           0  startup_stm32f429xx.o(STACK)
    .ARM.__AT_0xC0000000                     0xc0000000   Section    2048000  ltdc.o(.ARM.__AT_0xC0000000)

    Global Symbols

    Symbol Name                              Value     Ov Type        Size  Object(Section)

    BuildAttributes$$THM_ISAv4$E$P$D$K$B$S$7EM$VFPi3$EXTD16$VFPS$VFMA$PE$A:L22UL41UL21$X:L11$S22US41US21$IEEE1$IW$USESV6$~STKCKD$USESV7$~SHL$OSPACE$ROPI$EBA8$UX$STANDARDLIB$REQ8$PRES8$EABIv2 0x00000000   Number         0  anon$$obj.o ABSOLUTE
    __ARM_use_no_argv                        0x00000000   Number         0  main.o ABSOLUTE
    __ARM_exceptions_init                     - Undefined Weak Reference
    __alloca_initialize                       - Undefined Weak Reference
    __arm_preinit_                            - Undefined Weak Reference
    __cpp_initialize__aeabi_                  - Undefined Weak Reference
    __cxa_finalize                            - Undefined Weak Reference
    __rt_locale                               - Undefined Weak Reference
    __sigvec_lookup                           - Undefined Weak Reference
    _atexit_init                              - Undefined Weak Reference
    _call_atexit_fns                          - Undefined Weak Reference
    _clock_init                               - Undefined Weak Reference
    _fp_trap_init                             - Undefined Weak Reference
    _fp_trap_shutdown                         - Undefined Weak Reference
    _get_lc_collate                           - Undefined Weak Reference
    _get_lc_ctype                             - Undefined Weak Reference
    _get_lc_monetary                          - Undefined Weak Reference
    _get_lc_numeric                           - Undefined Weak Reference
    _get_lc_time                              - Undefined Weak Reference
    _getenv_init                              - Undefined Weak Reference
    _handle_redirection                       - Undefined Weak Reference
    _init_alloc                               - Undefined Weak Reference
    _init_user_alloc                          - Undefined Weak Reference
    _initio                                   - Undefined Weak Reference
    _mutex_acquire                            - Undefined Weak Reference
    _mutex_release                            - Undefined Weak Reference
    _printf_post_padding                      - Undefined Weak Reference
    _printf_pre_padding                       - Undefined Weak Reference
    _printf_truncate_unsigned                 - Undefined Weak Reference
    _rand_init                                - Undefined Weak Reference
    _signal_finish                            - Undefined Weak Reference
    _signal_init                              - Undefined Weak Reference
    _terminate_alloc                          - Undefined Weak Reference
    _terminate_user_alloc                     - Undefined Weak Reference
    _terminateio                              - Undefined Weak Reference
    __Vectors_Size                           0x000001ac   Number         0  startup_stm32f429xx.o ABSOLUTE
    __Vectors                                0x08000000   Data           4  startup_stm32f429xx.o(RESET)
    __Vectors_End                            0x080001ac   Data           0  startup_stm32f429xx.o(RESET)
    __main                                   0x080001ad   Thumb Code     8  __main.o(!!!main)
    __scatterload                            0x080001b5   Thumb Code     0  __scatter.o(!!!scatter)
    __scatterload_rt2                        0x080001b5   Thumb Code    44  __scatter.o(!!!scatter)
    __scatterload_rt2_thumb_only             0x080001b5   Thumb Code     0  __scatter.o(!!!scatter)
    __scatterload_null                       0x080001c3   Thumb Code     0  __scatter.o(!!!scatter)
    __scatterload_copy                       0x080001e9   Thumb Code    26  __scatter_copy.o(!!handler_copy)
    __scatterload_zeroinit                   0x08000205   Thumb Code    28  __scatter_zi.o(!!handler_zi)
    _printf_percent                          0x08000221   Thumb Code     0  _printf_percent.o(.ARM.Collect$$_printf_percent$$00000000)
    _printf_x                                0x08000221   Thumb Code     0  _printf_x.o(.ARM.Collect$$_printf_percent$$0000000C)
    _printf_percent_end                      0x08000227   Thumb Code     0  _printf_percent_end.o(.ARM.Collect$$_printf_percent$$00000017)
    __rt_lib_init                            0x0800022b   Thumb Code     0  libinit.o(.ARM.Collect$$libinit$$00000000)
    __rt_lib_init_fp_1                       0x0800022d   Thumb Code     0  libinit2.o(.ARM.Collect$$libinit$$00000001)
    __rt_lib_init_alloca_1                   0x08000231   Thumb Code     0  libinit2.o(.ARM.Collect$$libinit$$0000002E)
    __rt_lib_init_argv_1                     0x08000231   Thumb Code     0  libinit2.o(.ARM.Collect$$libinit$$0000002C)
    __rt_lib_init_atexit_1                   0x08000231   Thumb Code     0  libinit2.o(.ARM.Collect$$libinit$$0000001B)
    __rt_lib_init_clock_1                    0x08000231   Thumb Code     0  libinit2.o(.ARM.Collect$$libinit$$00000021)
    __rt_lib_init_cpp_1                      0x08000231   Thumb Code     0  libinit2.o(.ARM.Collect$$libinit$$00000032)
    __rt_lib_init_exceptions_1               0x08000231   Thumb Code     0  libinit2.o(.ARM.Collect$$libinit$$00000030)
    __rt_lib_init_fp_trap_1                  0x08000231   Thumb Code     0  libinit2.o(.ARM.Collect$$libinit$$0000001F)
    __rt_lib_init_getenv_1                   0x08000231   Thumb Code     0  libinit2.o(.ARM.Collect$$libinit$$00000023)
    __rt_lib_init_heap_1                     0x08000231   Thumb Code     0  libinit2.o(.ARM.Collect$$libinit$$0000000A)
    __rt_lib_init_lc_collate_1               0x08000231   Thumb Code     0  libinit2.o(.ARM.Collect$$libinit$$00000011)
    __rt_lib_init_lc_ctype_1                 0x08000231   Thumb Code     0  libinit2.o(.ARM.Collect$$libinit$$00000013)
    __rt_lib_init_lc_monetary_1              0x08000231   Thumb Code     0  libinit2.o(.ARM.Collect$$libinit$$00000015)
    __rt_lib_init_lc_numeric_1               0x08000231   Thumb Code     0  libinit2.o(.ARM.Collect$$libinit$$00000017)
    __rt_lib_init_lc_time_1                  0x08000231   Thumb Code     0  libinit2.o(.ARM.Collect$$libinit$$00000019)
    __rt_lib_init_preinit_1                  0x08000231   Thumb Code     0  libinit2.o(.ARM.Collect$$libinit$$00000004)
    __rt_lib_init_rand_1                     0x08000231   Thumb Code     0  libinit2.o(.ARM.Collect$$libinit$$0000000E)
    __rt_lib_init_return                     0x08000231   Thumb Code     0  libinit2.o(.ARM.Collect$$libinit$$00000033)
    __rt_lib_init_signal_1                   0x08000231   Thumb Code     0  libinit2.o(.ARM.Collect$$libinit$$0000001D)
    __rt_lib_init_stdio_1                    0x08000231   Thumb Code     0  libinit2.o(.ARM.Collect$$libinit$$00000025)
    __rt_lib_init_user_alloc_1               0x08000231   Thumb Code     0  libinit2.o(.ARM.Collect$$libinit$$0000000C)
    __rt_lib_shutdown                        0x08000233   Thumb Code     0  libshutdown.o(.ARM.Collect$$libshutdown$$00000000)
    __rt_lib_shutdown_cpp_1                  0x08000235   Thumb Code     0  libshutdown2.o(.ARM.Collect$$libshutdown$$00000002)
    __rt_lib_shutdown_fp_trap_1              0x08000235   Thumb Code     0  libshutdown2.o(.ARM.Collect$$libshutdown$$00000007)
    __rt_lib_shutdown_heap_1                 0x08000235   Thumb Code     0  libshutdown2.o(.ARM.Collect$$libshutdown$$0000000F)
    __rt_lib_shutdown_return                 0x08000235   Thumb Code     0  libshutdown2.o(.ARM.Collect$$libshutdown$$00000010)
    __rt_lib_shutdown_signal_1               0x08000235   Thumb Code     0  libshutdown2.o(.ARM.Collect$$libshutdown$$0000000A)
    __rt_lib_shutdown_stdio_1                0x08000235   Thumb Code     0  libshutdown2.o(.ARM.Collect$$libshutdown$$00000004)
    __rt_lib_shutdown_user_alloc_1           0x08000235   Thumb Code     0  libshutdown2.o(.ARM.Collect$$libshutdown$$0000000C)
    __rt_entry                               0x08000237   Thumb Code     0  __rtentry.o(.ARM.Collect$$rtentry$$00000000)
    __rt_entry_presh_1                       0x08000237   Thumb Code     0  __rtentry2.o(.ARM.Collect$$rtentry$$00000002)
    __rt_entry_sh                            0x08000237   Thumb Code     0  __rtentry4.o(.ARM.Collect$$rtentry$$00000004)
    __rt_entry_li                            0x0800023d   Thumb Code     0  __rtentry2.o(.ARM.Collect$$rtentry$$0000000A)
    __rt_entry_postsh_1                      0x0800023d   Thumb Code     0  __rtentry2.o(.ARM.Collect$$rtentry$$00000009)
    __rt_entry_main                          0x08000241   Thumb Code     0  __rtentry2.o(.ARM.Collect$$rtentry$$0000000D)
    __rt_entry_postli_1                      0x08000241   Thumb Code     0  __rtentry2.o(.ARM.Collect$$rtentry$$0000000C)
    __rt_exit                                0x08000249   Thumb Code     0  rtexit.o(.ARM.Collect$$rtexit$$00000000)
    __rt_exit_ls                             0x0800024b   Thumb Code     0  rtexit2.o(.ARM.Collect$$rtexit$$00000003)
    __rt_exit_prels_1                        0x0800024b   Thumb Code     0  rtexit2.o(.ARM.Collect$$rtexit$$00000002)
    __rt_exit_exit                           0x0800024f   Thumb Code     0  rtexit2.o(.ARM.Collect$$rtexit$$00000004)
    Reset_Handler                            0x08000255   Thumb Code     8  startup_stm32f429xx.o(.text)
    ADC_IRQHandler                           0x0800026f   Thumb Code     0  startup_stm32f429xx.o(.text)
    CAN1_RX1_IRQHandler                      0x0800026f   Thumb Code     0  startup_stm32f429xx.o(.text)
    CAN1_SCE_IRQHandler                      0x0800026f   Thumb Code     0  startup_stm32f429xx.o(.text)
    CAN2_RX0_IRQHandler                      0x0800026f   Thumb Code     0  startup_stm32f429xx.o(.text)
    CAN2_RX1_IRQHandler                      0x0800026f   Thumb Code     0  startup_stm32f429xx.o(.text)
    CAN2_SCE_IRQHandler                      0x0800026f   Thumb Code     0  startup_stm32f429xx.o(.text)
    CAN2_TX_IRQHandler                       0x0800026f   Thumb Code     0  startup_stm32f429xx.o(.text)
    DCMI_IRQHandler                          0x0800026f   Thumb Code     0  startup_stm32f429xx.o(.text)
    DMA1_Stream0_IRQHandler                  0x0800026f   Thumb Code     0  startup_stm32f429xx.o(.text)
    DMA1_Stream1_IRQHandler                  0x0800026f   Thumb Code     0  startup_stm32f429xx.o(.text)
    DMA1_Stream2_IRQHandler                  0x0800026f   Thumb Code     0  startup_stm32f429xx.o(.text)
    DMA1_Stream3_IRQHandler                  0x0800026f   Thumb Code     0  startup_stm32f429xx.o(.text)
    DMA1_Stream4_IRQHandler                  0x0800026f   Thumb Code     0  startup_stm32f429xx.o(.text)
    DMA1_Stream5_IRQHandler                  0x0800026f   Thumb Code     0  startup_stm32f429xx.o(.text)
    DMA1_Stream6_IRQHandler                  0x0800026f   Thumb Code     0  startup_stm32f429xx.o(.text)
    DMA1_Stream7_IRQHandler                  0x0800026f   Thumb Code     0  startup_stm32f429xx.o(.text)
    DMA2D_IRQHandler                         0x0800026f   Thumb Code     0  startup_stm32f429xx.o(.text)
    DMA2_Stream0_IRQHandler                  0x0800026f   Thumb Code     0  startup_stm32f429xx.o(.text)
    DMA2_Stream1_IRQHandler                  0x0800026f   Thumb Code     0  startup_stm32f429xx.o(.text)
    DMA2_Stream2_IRQHandler                  0x0800026f   Thumb Code     0  startup_stm32f429xx.o(.text)
    DMA2_Stream3_IRQHandler                  0x0800026f   Thumb Code     0  startup_stm32f429xx.o(.text)
    DMA2_Stream4_IRQHandler                  0x0800026f   Thumb Code     0  startup_stm32f429xx.o(.text)
    DMA2_Stream5_IRQHandler                  0x0800026f   Thumb Code     0  startup_stm32f429xx.o(.text)
    DMA2_Stream6_IRQHandler                  0x0800026f   Thumb Code     0  startup_stm32f429xx.o(.text)
    DMA2_Stream7_IRQHandler                  0x0800026f   Thumb Code     0  startup_stm32f429xx.o(.text)
    ETH_IRQHandler                           0x0800026f   Thumb Code     0  startup_stm32f429xx.o(.text)
    ETH_WKUP_IRQHandler                      0x0800026f   Thumb Code     0  startup_stm32f429xx.o(.text)
    EXTI0_IRQHandler                         0x0800026f   Thumb Code     0  startup_stm32f429xx.o(.text)
    EXTI1_IRQHandler                         0x0800026f   Thumb Code     0  startup_stm32f429xx.o(.text)
    FLASH_IRQHandler                         0x0800026f   Thumb Code     0  startup_stm32f429xx.o(.text)
    FMC_IRQHandler                           0x0800026f   Thumb Code     0  startup_stm32f429xx.o(.text)
    FPU_IRQHandler                           0x0800026f   Thumb Code     0  startup_stm32f429xx.o(.text)
    HASH_RNG_IRQHandler                      0x0800026f   Thumb Code     0  startup_stm32f429xx.o(.text)
    I2C1_ER_IRQHandler                       0x0800026f   Thumb Code     0  startup_stm32f429xx.o(.text)
    I2C1_EV_IRQHandler                       0x0800026f   Thumb Code     0  startup_stm32f429xx.o(.text)
    I2C2_ER_IRQHandler                       0x0800026f   Thumb Code     0  startup_stm32f429xx.o(.text)
    I2C2_EV_IRQHandler                       0x0800026f   Thumb Code     0  startup_stm32f429xx.o(.text)
    I2C3_ER_IRQHandler                       0x0800026f   Thumb Code     0  startup_stm32f429xx.o(.text)
    I2C3_EV_IRQHandler                       0x0800026f   Thumb Code     0  startup_stm32f429xx.o(.text)
    LTDC_ER_IRQHandler                       0x0800026f   Thumb Code     0  startup_stm32f429xx.o(.text)
    LTDC_IRQHandler                          0x0800026f   Thumb Code     0  startup_stm32f429xx.o(.text)
    OTG_FS_IRQHandler                        0x0800026f   Thumb Code     0  startup_stm32f429xx.o(.text)
    OTG_FS_WKUP_IRQHandler                   0x0800026f   Thumb Code     0  startup_stm32f429xx.o(.text)
    OTG_HS_EP1_IN_IRQHandler                 0x0800026f   Thumb Code     0  startup_stm32f429xx.o(.text)
    OTG_HS_EP1_OUT_IRQHandler                0x0800026f   Thumb Code     0  startup_stm32f429xx.o(.text)
    OTG_HS_IRQHandler                        0x0800026f   Thumb Code     0  startup_stm32f429xx.o(.text)
    OTG_HS_WKUP_IRQHandler                   0x0800026f   Thumb Code     0  startup_stm32f429xx.o(.text)
    PVD_IRQHandler                           0x0800026f   Thumb Code     0  startup_stm32f429xx.o(.text)
    RCC_IRQHandler                           0x0800026f   Thumb Code     0  startup_stm32f429xx.o(.text)
    RTC_Alarm_IRQHandler                     0x0800026f   Thumb Code     0  startup_stm32f429xx.o(.text)
    RTC_WKUP_IRQHandler                      0x0800026f   Thumb Code     0  startup_stm32f429xx.o(.text)
    SAI1_IRQHandler                          0x0800026f   Thumb Code     0  startup_stm32f429xx.o(.text)
    SDIO_IRQHandler                          0x0800026f   Thumb Code     0  startup_stm32f429xx.o(.text)
    SPI1_IRQHandler                          0x0800026f   Thumb Code     0  startup_stm32f429xx.o(.text)
    SPI2_IRQHandler                          0x0800026f   Thumb Code     0  startup_stm32f429xx.o(.text)
    SPI3_IRQHandler                          0x0800026f   Thumb Code     0  startup_stm32f429xx.o(.text)
    SPI4_IRQHandler                          0x0800026f   Thumb Code     0  startup_stm32f429xx.o(.text)
    SPI5_IRQHandler                          0x0800026f   Thumb Code     0  startup_stm32f429xx.o(.text)
    SPI6_IRQHandler                          0x0800026f   Thumb Code     0  startup_stm32f429xx.o(.text)
    TAMP_STAMP_IRQHandler                    0x0800026f   Thumb Code     0  startup_stm32f429xx.o(.text)
    TIM1_BRK_TIM9_IRQHandler                 0x0800026f   Thumb Code     0  startup_stm32f429xx.o(.text)
    TIM1_CC_IRQHandler                       0x0800026f   Thumb Code     0  startup_stm32f429xx.o(.text)
    TIM1_TRG_COM_TIM11_IRQHandler            0x0800026f   Thumb Code     0  startup_stm32f429xx.o(.text)
    TIM1_UP_TIM10_IRQHandler                 0x0800026f   Thumb Code     0  startup_stm32f429xx.o(.text)
    TIM2_IRQHandler                          0x0800026f   Thumb Code     0  startup_stm32f429xx.o(.text)
    TIM3_IRQHandler                          0x0800026f   Thumb Code     0  startup_stm32f429xx.o(.text)
    TIM4_IRQHandler                          0x0800026f   Thumb Code     0  startup_stm32f429xx.o(.text)
    TIM5_IRQHandler                          0x0800026f   Thumb Code     0  startup_stm32f429xx.o(.text)
    TIM6_DAC_IRQHandler                      0x0800026f   Thumb Code     0  startup_stm32f429xx.o(.text)
    TIM7_IRQHandler                          0x0800026f   Thumb Code     0  startup_stm32f429xx.o(.text)
    TIM8_BRK_TIM12_IRQHandler                0x0800026f   Thumb Code     0  startup_stm32f429xx.o(.text)
    TIM8_CC_IRQHandler                       0x0800026f   Thumb Code     0  startup_stm32f429xx.o(.text)
    TIM8_TRG_COM_TIM14_IRQHandler            0x0800026f   Thumb Code     0  startup_stm32f429xx.o(.text)
    TIM8_UP_TIM13_IRQHandler                 0x0800026f   Thumb Code     0  startup_stm32f429xx.o(.text)
    UART4_IRQHandler                         0x0800026f   Thumb Code     0  startup_stm32f429xx.o(.text)
    UART5_IRQHandler                         0x0800026f   Thumb Code     0  startup_stm32f429xx.o(.text)
    UART7_IRQHandler                         0x0800026f   Thumb Code     0  startup_stm32f429xx.o(.text)
    UART8_IRQHandler                         0x0800026f   Thumb Code     0  startup_stm32f429xx.o(.text)
    USART2_IRQHandler                        0x0800026f   Thumb Code     0  startup_stm32f429xx.o(.text)
    USART6_IRQHandler                        0x0800026f   Thumb Code     0  startup_stm32f429xx.o(.text)
    WWDG_IRQHandler                          0x0800026f   Thumb Code     0  startup_stm32f429xx.o(.text)
    __user_initial_stackheap                 0x08000271   Thumb Code     0  startup_stm32f429xx.o(.text)
    __use_no_semihosting                     0x08000295   Thumb Code     2  use_no_semi_2.o(.text)
    __2printf                                0x08000299   Thumb Code    20  noretval__2printf.o(.text)
    __printf                                 0x080002b1   Thumb Code   104  __printf.o(.text)
    _printf_int_hex                          0x08000319   Thumb Code    84  _printf_hex_int.o(.text)
    _printf_longlong_hex                     0x08000319   Thumb Code     0  _printf_hex_int.o(.text)
    __aeabi_memcpy4                          0x08000371   Thumb Code     0  rt_memcpy_w.o(.text)
    __aeabi_memcpy8                          0x08000371   Thumb Code     0  rt_memcpy_w.o(.text)
    __rt_memcpy_w                            0x08000371   Thumb Code   100  rt_memcpy_w.o(.text)
    _memcpy_lastbytes_aligned                0x080003b9   Thumb Code     0  rt_memcpy_w.o(.text)
    __use_two_region_memory                  0x080003d5   Thumb Code     2  heapauxi.o(.text)
    __rt_heap_escrow$2region                 0x080003d7   Thumb Code     2  heapauxi.o(.text)
    __rt_heap_expand$2region                 0x080003d9   Thumb Code     2  heapauxi.o(.text)
    __I$use$semihosting                      0x080003db   Thumb Code     0  use_no_semi.o(.text)
    __use_no_semihosting_swi                 0x080003db   Thumb Code     2  use_no_semi.o(.text)
    _printf_int_common                       0x080003dd   Thumb Code   178  _printf_intcommon.o(.text)
    _printf_char_file                        0x08000491   Thumb Code    32  _printf_char_file.o(.text)
    _printf_char_common                      0x080004bf   Thumb Code    32  _printf_char_common.o(.text)
    ferror                                   0x080004e5   Thumb Code     8  ferror.o(.text)
    __user_setup_stackheap                   0x080004ed   Thumb Code    74  sys_stackheap_outer.o(.text)
    exit                                     0x08000537   Thumb Code    18  exit.o(.text)
    __user_libspace                          0x08000549   Thumb Code     8  libspace.o(.text)
    __user_perproc_libspace                  0x08000549   Thumb Code     0  libspace.o(.text)
    __user_perthread_libspace                0x08000549   Thumb Code     0  libspace.o(.text)
    BusFault_Handler                         0x08000551   Thumb Code     2  stm32f4xx_it.o(i.BusFault_Handler)
    CAN1_ID_Receive_Msg                      0x08000555   Thumb Code    56  can.o(i.CAN1_ID_Receive_Msg)
    CAN1_ID_Send_Msg                         0x08000591   Thumb Code    64  can.o(i.CAN1_ID_Send_Msg)
    CAN1_Mode_Init                           0x080005d5   Thumb Code   100  can.o(i.CAN1_Mode_Init)
    CAN1_RX0_IRQHandler                      0x08000641   Thumb Code    28  can.o(i.CAN1_RX0_IRQHandler)
    CAN1_TX_IRQHandler                       0x08000661   Thumb Code    24  can.o(i.CAN1_TX_IRQHandler)
    CAN_RoboModule_DRV_Config                0x08000695   Thumb Code    88  can.o(i.CAN_RoboModule_DRV_Config)
    CAN_RoboModule_DRV_Mode_Choice           0x080006f9   Thumb Code    76  can.o(i.CAN_RoboModule_DRV_Mode_Choice)
    CAN_RoboModule_DRV_Reset                 0x08000751   Thumb Code    72  can.o(i.CAN_RoboModule_DRV_Reset)
    CAN_RoboModule_DRV_Velocity_Mode         0x080007a5   Thumb Code   122  can.o(i.CAN_RoboModule_DRV_Velocity_Mode)
    DIS                                      0x08000831   Thumb Code   352  main.o(i.DIS)
    DebugMon_Handler                         0x080009d9   Thumb Code     2  stm32f4xx_it.o(i.DebugMon_Handler)
    EXTI15_10_IRQHandler                     0x080009db   Thumb Code     8  exti.o(i.EXTI15_10_IRQHandler)
    EXTI2_IRQHandler                         0x080009e3   Thumb Code     6  exti.o(i.EXTI2_IRQHandler)
    EXTI3_IRQHandler                         0x080009e9   Thumb Code     6  exti.o(i.EXTI3_IRQHandler)
    EXTI4_IRQHandler                         0x080009ef   Thumb Code     6  exti.o(i.EXTI4_IRQHandler)
    EXTI9_5_IRQHandler                       0x080009f5   Thumb Code     6  exti.o(i.EXTI9_5_IRQHandler)
    EXTI_Init                                0x080009fd   Thumb Code   156  exti.o(i.EXTI_Init)
    FMC_NORSRAM_Extended_Timing_Init         0x08000aa9   Thumb Code    60  stm32f4xx_ll_fmc.o(i.FMC_NORSRAM_Extended_Timing_Init)
    FMC_NORSRAM_Init                         0x08000ae9   Thumb Code   110  stm32f4xx_ll_fmc.o(i.FMC_NORSRAM_Init)
    FMC_NORSRAM_Timing_Init                  0x08000b61   Thumb Code    86  stm32f4xx_ll_fmc.o(i.FMC_NORSRAM_Timing_Init)
    FMC_SDRAM_Init                           0x08000bbd   Thumb Code    76  stm32f4xx_ll_fmc.o(i.FMC_SDRAM_Init)
    FMC_SDRAM_ProgramRefreshRate             0x08000c09   Thumb Code    12  stm32f4xx_ll_fmc.o(i.FMC_SDRAM_ProgramRefreshRate)
    FMC_SDRAM_SendCommand                    0x08000c15   Thumb Code    72  stm32f4xx_ll_fmc.o(i.FMC_SDRAM_SendCommand)
    FMC_SDRAM_Timing_Init                    0x08000c5d   Thumb Code   124  stm32f4xx_ll_fmc.o(i.FMC_SDRAM_Timing_Init)
    HAL_CAN_ConfigFilter                     0x08000cd9   Thumb Code   218  stm32f4xx_hal_can.o(i.HAL_CAN_ConfigFilter)
    HAL_CAN_Init                             0x08000dbd   Thumb Code   324  stm32f4xx_hal_can.o(i.HAL_CAN_Init)
    HAL_CAN_MspInit                          0x08000f01   Thumb Code    74  can.o(i.HAL_CAN_MspInit)
    HAL_CAN_Receive                          0x08000f55   Thumb Code   320  stm32f4xx_hal_can.o(i.HAL_CAN_Receive)
    HAL_CAN_Transmit                         0x08001095   Thumb Code   360  stm32f4xx_hal_can.o(i.HAL_CAN_Transmit)
    HAL_GPIO_EXTI_Callback                   0x08001209   Thumb Code   114  exti.o(i.HAL_GPIO_EXTI_Callback)
    HAL_GPIO_EXTI_IRQHandler                 0x08001289   Thumb Code    18  stm32f4xx_hal_gpio.o(i.HAL_GPIO_EXTI_IRQHandler)
    HAL_GPIO_Init                            0x080012a1   Thumb Code   422  stm32f4xx_hal_gpio.o(i.HAL_GPIO_Init)
    HAL_GPIO_ReadPin                         0x0800147d   Thumb Code    10  stm32f4xx_hal_gpio.o(i.HAL_GPIO_ReadPin)
    HAL_GPIO_WritePin                        0x08001487   Thumb Code    10  stm32f4xx_hal_gpio.o(i.HAL_GPIO_WritePin)
    HAL_GetTick                              0x08001491   Thumb Code     6  stm32f4xx_hal.o(i.HAL_GetTick)
    HAL_IncTick                              0x0800149d   Thumb Code    10  stm32f4xx_hal.o(i.HAL_IncTick)
    HAL_Init                                 0x080014ad   Thumb Code    48  stm32f4xx_hal.o(i.HAL_Init)
    HAL_InitTick                             0x080014e1   Thumb Code    34  stm32f4xx_hal.o(i.HAL_InitTick)
    HAL_LTDC_ConfigLayer                     0x08001503   Thumb Code    82  stm32f4xx_hal_ltdc.o(i.HAL_LTDC_ConfigLayer)
    HAL_LTDC_Init                            0x08001555   Thumb Code   248  stm32f4xx_hal_ltdc.o(i.HAL_LTDC_Init)
    HAL_LTDC_MspInit                         0x08001651   Thumb Code   218  ltdc.o(i.HAL_LTDC_MspInit)
    HAL_LTDC_SetWindowPosition               0x08001745   Thumb Code    84  stm32f4xx_hal_ltdc.o(i.HAL_LTDC_SetWindowPosition)
    HAL_LTDC_SetWindowSize                   0x08001799   Thumb Code    84  stm32f4xx_hal_ltdc.o(i.HAL_LTDC_SetWindowSize)
    HAL_MspInit                              0x080017ed   Thumb Code     8  stm32f4xx_hal.o(i.HAL_MspInit)
    HAL_NVIC_EnableIRQ                       0x080017f5   Thumb Code    22  stm32f4xx_hal_cortex.o(i.HAL_NVIC_EnableIRQ)
    HAL_NVIC_SetPriority                     0x0800180d   Thumb Code    60  stm32f4xx_hal_cortex.o(i.HAL_NVIC_SetPriority)
    HAL_NVIC_SetPriorityGrouping             0x0800184d   Thumb Code    26  stm32f4xx_hal_cortex.o(i.HAL_NVIC_SetPriorityGrouping)
    HAL_PWREx_EnableOverDrive                0x08001871   Thumb Code   122  stm32f4xx_hal_pwr_ex.o(i.HAL_PWREx_EnableOverDrive)
    HAL_RCCEx_PeriphCLKConfig                0x080018f9   Thumb Code   644  stm32f4xx_hal_rcc_ex.o(i.HAL_RCCEx_PeriphCLKConfig)
    HAL_RCC_ClockConfig                      0x08001ba1   Thumb Code   512  stm32f4xx_hal_rcc.o(i.HAL_RCC_ClockConfig)
    HAL_RCC_GetHCLKFreq                      0x08001da9   Thumb Code    38  stm32f4xx_hal_rcc.o(i.HAL_RCC_GetHCLKFreq)
    HAL_RCC_GetPCLK1Freq                     0x08001ddd   Thumb Code    36  stm32f4xx_hal_rcc.o(i.HAL_RCC_GetPCLK1Freq)
    HAL_RCC_GetPCLK2Freq                     0x08001e09   Thumb Code    36  stm32f4xx_hal_rcc.o(i.HAL_RCC_GetPCLK2Freq)
    HAL_RCC_GetSysClockFreq                  0x08001e35   Thumb Code   104  stm32f4xx_hal_rcc.o(i.HAL_RCC_GetSysClockFreq)
    HAL_RCC_OscConfig                        0x08001ea9   Thumb Code   774  stm32f4xx_hal_rcc.o(i.HAL_RCC_OscConfig)
    HAL_SDRAM_Init                           0x080021c5   Thumb Code    66  stm32f4xx_hal_sdram.o(i.HAL_SDRAM_Init)
    HAL_SDRAM_MspInit                        0x08002209   Thumb Code   194  sdram.o(i.HAL_SDRAM_MspInit)
    HAL_SDRAM_ProgramRefreshRate             0x080022e5   Thumb Code    34  stm32f4xx_hal_sdram.o(i.HAL_SDRAM_ProgramRefreshRate)
    HAL_SDRAM_SendCommand                    0x08002307   Thumb Code    46  stm32f4xx_hal_sdram.o(i.HAL_SDRAM_SendCommand)
    HAL_SRAM_Init                            0x08002335   Thumb Code    86  stm32f4xx_hal_sram.o(i.HAL_SRAM_Init)
    HAL_SRAM_MspInit                         0x0800238d   Thumb Code   106  lcd.o(i.HAL_SRAM_MspInit)
    HAL_SYSTICK_CLKSourceConfig              0x08002405   Thumb Code    24  stm32f4xx_hal_cortex.o(i.HAL_SYSTICK_CLKSourceConfig)
    HAL_SYSTICK_Config                       0x0800241d   Thumb Code    40  stm32f4xx_hal_cortex.o(i.HAL_SYSTICK_Config)
    HAL_UART_ErrorCallback                   0x08002445   Thumb Code     2  stm32f4xx_hal_uart.o(i.HAL_UART_ErrorCallback)
    HAL_UART_GetState                        0x08002447   Thumb Code     6  stm32f4xx_hal_uart.o(i.HAL_UART_GetState)
    HAL_UART_IRQHandler                      0x0800244d   Thumb Code   244  stm32f4xx_hal_uart.o(i.HAL_UART_IRQHandler)
    HAL_UART_Init                            0x08002541   Thumb Code    94  stm32f4xx_hal_uart.o(i.HAL_UART_Init)
    HAL_UART_MspInit                         0x080025a1   Thumb Code   112  usart.o(i.HAL_UART_MspInit)
    HAL_UART_Receive_IT                      0x0800261d   Thumb Code   104  stm32f4xx_hal_uart.o(i.HAL_UART_Receive_IT)
    HAL_UART_RxCpltCallback                  0x08002685   Thumb Code    76  usart.o(i.HAL_UART_RxCpltCallback)
    HAL_UART_TxCpltCallback                  0x080026dd   Thumb Code     2  stm32f4xx_hal_uart.o(i.HAL_UART_TxCpltCallback)
    HardFault_Handler                        0x080026df   Thumb Code     2  stm32f4xx_it.o(i.HardFault_Handler)
    LCD_Clear                                0x080026e1   Thumb Code    58  lcd.o(i.LCD_Clear)
    LCD_Display_Dir                          0x08002729   Thumb Code   234  lcd.o(i.LCD_Display_Dir)
    LCD_Fast_DrawPoint                       0x0800281d   Thumb Code   238  lcd.o(i.LCD_Fast_DrawPoint)
    LCD_Init                                 0x08002919   Thumb Code  9094  lcd.o(i.LCD_Init)
    LCD_Pow                                  0x08004ca5   Thumb Code    16  lcd.o(i.LCD_Pow)
    LCD_RD_DATA                              0x08004cb5   Thumb Code    16  lcd.o(i.LCD_RD_DATA)
    LCD_SSD_BackLightSet                     0x08004cc9   Thumb Code    72  lcd.o(i.LCD_SSD_BackLightSet)
    LCD_Scan_Dir                             0x08004d19   Thumb Code   434  lcd.o(i.LCD_Scan_Dir)
    LCD_SetCursor                            0x08004ed1   Thumb Code   254  lcd.o(i.LCD_SetCursor)
    LCD_ShowChar                             0x08004fd5   Thumb Code   196  lcd.o(i.LCD_ShowChar)
    LCD_ShowString                           0x080050b1   Thumb Code    84  lcd.o(i.LCD_ShowString)
    LCD_ShowxNum                             0x08005105   Thumb Code   134  lcd.o(i.LCD_ShowxNum)
    LCD_WR_DATA                              0x0800518d   Thumb Code    20  lcd.o(i.LCD_WR_DATA)
    LCD_WR_REG                               0x080051a5   Thumb Code    20  lcd.o(i.LCD_WR_REG)
    LCD_WriteRAM_Prepare                     0x080051bd   Thumb Code    10  lcd.o(i.LCD_WriteRAM_Prepare)
    LCD_WriteReg                             0x080051d1   Thumb Code    10  lcd.o(i.LCD_WriteReg)
    LED_Init                                 0x080051e1   Thumb Code   118  led.o(i.LED_Init)
    LTDC_Clear                               0x08005269   Thumb Code    28  ltdc.o(i.LTDC_Clear)
    LTDC_Clk_Set                             0x08005289   Thumb Code    30  ltdc.o(i.LTDC_Clk_Set)
    LTDC_Display_Dir                         0x080052a9   Thumb Code    34  ltdc.o(i.LTDC_Display_Dir)
    LTDC_Draw_Point                          0x080052d1   Thumb Code    52  ltdc.o(i.LTDC_Draw_Point)
    LTDC_Fill                                0x0800530d   Thumb Code   162  ltdc.o(i.LTDC_Fill)
    LTDC_Init                                0x080053c1   Thumb Code   410  ltdc.o(i.LTDC_Init)
    LTDC_Layer_Parameter_Config              0x08005575   Thumb Code    86  ltdc.o(i.LTDC_Layer_Parameter_Config)
    LTDC_Layer_Window_Config                 0x080055d1   Thumb Code    32  ltdc.o(i.LTDC_Layer_Window_Config)
    LTDC_PanelID_Read                        0x080055f5   Thumb Code   170  ltdc.o(i.LTDC_PanelID_Read)
    MemManage_Handler                        0x0800580f   Thumb Code     2  stm32f4xx_it.o(i.MemManage_Handler)
    NMI_Handler                              0x08005811   Thumb Code     2  stm32f4xx_it.o(i.NMI_Handler)
    PS2_ClearData                            0x08005835   Thumb Code    18  pstwo.o(i.PS2_ClearData)
    PS2_Cmd                                  0x0800584d   Thumb Code   128  pstwo.o(i.PS2_Cmd)
    PS2_DataKey                              0x080058d9   Thumb Code    56  pstwo.o(i.PS2_DataKey)
    PS2_EnterConfing                         0x08005919   Thumb Code    88  pstwo.o(i.PS2_EnterConfing)
    PS2_ExitConfing                          0x08005975   Thumb Code    88  pstwo.o(i.PS2_ExitConfing)
    PS2_Init                                 0x080059d1   Thumb Code    86  pstwo.o(i.PS2_Init)
    PS2_ReadData                             0x08005a35   Thumb Code   160  pstwo.o(i.PS2_ReadData)
    PS2_SetInit                              0x08005ae5   Thumb Code    34  pstwo.o(i.PS2_SetInit)
    PS2_ShortPoll                            0x08005b09   Thumb Code    64  pstwo.o(i.PS2_ShortPoll)
    PS2_TurnOnAnalogMode                     0x08005b4d   Thumb Code    82  pstwo.o(i.PS2_TurnOnAnalogMode)
    PS2_VibrationMode                        0x08005ba5   Thumb Code    64  pstwo.o(i.PS2_VibrationMode)
    PendSV_Handler                           0x08005be9   Thumb Code     2  stm32f4xx_it.o(i.PendSV_Handler)
    SDRAM_Init                               0x08005bed   Thumb Code    86  sdram.o(i.SDRAM_Init)
    SDRAM_Initialization_Sequence            0x08005c4d   Thumb Code    74  sdram.o(i.SDRAM_Initialization_Sequence)
    SDRAM_Send_Cmd                           0x08005c9d   Thumb Code    48  sdram.o(i.SDRAM_Send_Cmd)
    SVC_Handler                              0x08005cd1   Thumb Code     2  stm32f4xx_it.o(i.SVC_Handler)
    Stm32_Clock_Init                         0x08005cd5   Thumb Code   122  sys.o(i.Stm32_Clock_Init)
    SysTick_Handler                          0x08005d59   Thumb Code     4  stm32f4xx_it.o(i.SysTick_Handler)
    SystemInit                               0x08005d5d   Thumb Code    66  system_stm32f4xx.o(i.SystemInit)
    USART1_IRQHandler                        0x08006035   Thumb Code    34  usart.o(i.USART1_IRQHandler)
    USART3_IRQHandler                        0x08006061   Thumb Code   166  usart3.o(i.USART3_IRQHandler)
    UsageFault_Handler                       0x08006119   Thumb Code     2  stm32f4xx_it.o(i.UsageFault_Handler)
    _sys_exit                                0x0800611b   Thumb Code     2  usart.o(i._sys_exit)
    back                                     0x0800611d   Thumb Code   540  main.o(i.back)
    delay_init                               0x0800635d   Thumb Code    16  delay.o(i.delay_init)
    delay_ms                                 0x08006371   Thumb Code    26  delay.o(i.delay_ms)
    delay_us                                 0x0800638d   Thumb Code    48  delay.o(i.delay_us)
    down                                     0x080063c1   Thumb Code    92  main.o(i.down)
    fputc                                    0x08006425   Thumb Code    14  usart.o(i.fputc)
    gback                                    0x08006439   Thumb Code    34  main.o(i.gback)
    gup                                      0x08006461   Thumb Code    34  main.o(i.gup)
    jdz                                      0x08006489   Thumb Code    20  main.o(i.jdz)
    jzzx                                     0x0800649d   Thumb Code   284  main.o(i.jzzx)
    kszx                                     0x080065c1   Thumb Code  1124  main.o(i.kszx)
    lback                                    0x08006a25   Thumb Code    22  main.o(i.lback)
    left                                     0x08006a41   Thumb Code   252  main.o(i.left)
    lrup                                     0x08006b45   Thumb Code    14  main.o(i.lrup)
    lup                                      0x08006b55   Thumb Code    22  main.o(i.lup)
    main                                     0x08006b71   Thumb Code   410  main.o(i.main)
    rback                                    0x08006d19   Thumb Code    22  main.o(i.rback)
    right                                    0x08006d35   Thumb Code   258  main.o(i.right)
    rup                                      0x08006e41   Thumb Code    22  main.o(i.rup)
    start                                    0x08006e5d   Thumb Code   386  main.o(i.start)
    totz1                                    0x08006ff1   Thumb Code   514  main.o(i.totz1)
    totz2                                    0x08007209   Thumb Code   604  main.o(i.totz2)
    uart3_init                               0x08007479   Thumb Code   142  usart3.o(i.uart3_init)
    uart_init                                0x0800751d   Thumb Code    44  usart.o(i.uart_init)
    up                                       0x08007555   Thumb Code    94  main.o(i.up)
    zx0                                      0x080075b9   Thumb Code    22  main.o(i.zx0)
    zx90                                     0x080075d5   Thumb Code    22  main.o(i.zx90)
    __aeabi_d2uiz                            0x080075f5   Thumb Code     0  dfixu.o(x$fpl$dfixu)
    _dfixu                                   0x080075f5   Thumb Code    90  dfixu.o(x$fpl$dfixu)
    __aeabi_ui2d                             0x0800764f   Thumb Code     0  dflt_clz.o(x$fpl$dfltu)
    _dfltu                                   0x0800764f   Thumb Code    38  dflt_clz.o(x$fpl$dfltu)
    __aeabi_dmul                             0x08007675   Thumb Code     0  dmul.o(x$fpl$dmul)
    _dmul                                    0x08007675   Thumb Code   332  dmul.o(x$fpl$dmul)
    __fpl_dnaninf                            0x080077c9   Thumb Code   156  dnaninf.o(x$fpl$dnaninf)
    __fpl_dretinf                            0x08007865   Thumb Code    12  dretinf.o(x$fpl$dretinf)
    _fp_init                                 0x08007871   Thumb Code    10  fpinit.o(x$fpl$fpinit)
    __fplib_config_fpu_vfp                   0x08007879   Thumb Code     0  fpinit.o(x$fpl$fpinit)
    __fplib_config_pureend_doubles           0x08007879   Thumb Code     0  fpinit.o(x$fpl$fpinit)
    APBAHBPrescTable                         0x0800787a   Data          16  stm32f4xx_hal_rcc.o(.constdata)
    __I$use$fp                               0x0800787a   Number         0  usenofp.o(x$fpl$usenofp)
    asc2_1206                                0x0800788a   Data        1140  lcd.o(.constdata)
    asc2_1608                                0x08007cfe   Data        1520  lcd.o(.constdata)
    asc2_2412                                0x080082ee   Data        3420  lcd.o(.constdata)
    asc2_3216                                0x0800904a   Data       12160  lcd.o(.constdata)
    Region$$Table$$Base                      0x0800bff4   Number         0  anon$$obj.o(Region$$Table)
    Region$$Table$$Limit                     0x0800c014   Number         0  anon$$obj.o(Region$$Table)
    res                                      0x20000000   Data           4  main.o(.data)
    p1                                       0x20000004   Data           2  main.o(.data)
    p2                                       0x20000006   Data           2  main.o(.data)
    p3                                       0x20000008   Data           2  main.o(.data)
    flage_mode                               0x2000000c   Data           4  main.o(.data)
    SystemCoreClock                          0x20000010   Data           4  system_stm32f4xx.o(.data)
    AHBPrescTable                            0x20000014   Data          16  system_stm32f4xx.o(.data)
    aRxBuffer                                0x2000002c   Data           1  usart.o(.data)
    USART_RX_STA                             0x2000002e   Data           2  usart.o(.data)
    __stdout                                 0x20000030   Data           4  usart.o(.data)
    aRxBuffer3                               0x20000037   Data           1  usart3.o(.data)
    pos_x                                    0x20000038   Data           4  usart3.o(.data)
    pos_y                                    0x2000003c   Data           4  usart3.o(.data)
    zangle                                   0x20000040   Data           4  usart3.o(.data)
    xangle                                   0x20000044   Data           4  usart3.o(.data)
    yangle                                   0x20000048   Data           4  usart3.o(.data)
    w_z                                      0x2000004c   Data           4  usart3.o(.data)
    POINT_COLOR                              0x20000050   Data           4  lcd.o(.data)
    BACK_COLOR                               0x20000054   Data           4  lcd.o(.data)
    ltdc_framebuf                            0x20000058   Data           8  ltdc.o(.data)
    can_tx_success_flag                      0x20000060   Data           1  can.o(.data)
    CAN_Time_Out                             0x20000064   Data           4  can.o(.data)
    Real_Online                              0x20000068   Data           4  can.o(.data)
    Real_Ctl1_Value                          0x2000006c   Data           4  can.o(.data)
    Real_Ctl2_Value                          0x20000070   Data           4  can.o(.data)
    Real_Current_Value                       0x20000074   Data           8  can.o(.data)
    Real_Velocity_Value                      0x2000007c   Data           8  can.o(.data)
    PE2flag                                  0x20000084   Data           1  exti.o(.data)
    PE4flag                                  0x20000085   Data           1  exti.o(.data)
    PE5flag                                  0x20000086   Data           1  exti.o(.data)
    PG3flag                                  0x20000087   Data           1  exti.o(.data)
    PG13flag                                 0x20000088   Data           1  exti.o(.data)
    Comd                                     0x2000008b   Data           2  pstwo.o(.data)
    LastHandkey                              0x2000008e   Data           2  pstwo.o(.data)
    Handkey                                  0x20000090   Data           2  pstwo.o(.data)
    MASK                                     0x20000092   Data          32  pstwo.o(.data)
    USART_RX_BUF                             0x200000b4   Data         200  usart.o(.bss)
    UART1_Handler                            0x2000017c   Data          64  usart.o(.bss)
    UART3_Handler                            0x200001d4   Data          64  usart3.o(.bss)
    SRAM_Handler                             0x20000214   Data          80  lcd.o(.bss)
    lcddev                                   0x20000264   Data          14  lcd.o(.bss)
    LTDC_Handler                             0x20000274   Data         168  ltdc.o(.bss)
    lcdltdc                                  0x2000031c   Data          32  ltdc.o(.bss)
    SDRAM_Handler                            0x2000033c   Data          52  sdram.o(.bss)
    Real_Position_Value                      0x20000370   Data          16  can.o(.bss)
    CAN1_Handler                             0x20000380   Data          64  can.o(.bss)
    TxMessage                                0x200003c0   Data          28  can.o(.bss)
    RxMessage                                0x200003dc   Data          36  can.o(.bss)
    Data                                     0x20000400   Data           9  pstwo.o(.bss)
    __libspace_start                         0x2000040c   Data          96  libspace.o(.bss)
    __temporary_stack_top$libspace           0x2000046c   Data           0  libspace.o(.bss)
    ltdc_lcd_framebuf                        0xc0000000   Data       2048000  ltdc.o(.ARM.__AT_0xC0000000)



==============================================================================

Memory Map of the image

  Image Entry point : 0x080001ad

  Load Region LR_IROM1 (Base: 0x08000000, Size: 0x0000c0c8, Max: 0x00100000, ABSOLUTE)

    Execution Region ER_IROM1 (Exec base: 0x08000000, Load base: 0x08000000, Size: 0x0000c014, Max: 0x00100000, ABSOLUTE)

    Exec Addr    Load Addr    Size         Type   Attr      Idx    E Section Name        Object

    0x08000000   0x08000000   0x000001ac   Data   RO          835    RESET               startup_stm32f429xx.o
    0x080001ac   0x080001ac   0x00000008   Code   RO         4218  * !!!main             c_w.l(__main.o)
    0x080001b4   0x080001b4   0x00000034   Code   RO         4403    !!!scatter          c_w.l(__scatter.o)
    0x080001e8   0x080001e8   0x0000001a   Code   RO         4405    !!handler_copy      c_w.l(__scatter_copy.o)
    0x08000202   0x08000202   0x00000002   PAD
    0x08000204   0x08000204   0x0000001c   Code   RO         4407    !!handler_zi        c_w.l(__scatter_zi.o)
    0x08000220   0x08000220   0x00000000   Code   RO         4213    .ARM.Collect$$_printf_percent$$00000000  c_w.l(_printf_percent.o)
    0x08000220   0x08000220   0x00000006   Code   RO         4212    .ARM.Collect$$_printf_percent$$0000000C  c_w.l(_printf_x.o)
    0x08000226   0x08000226   0x00000004   Code   RO         4239    .ARM.Collect$$_printf_percent$$00000017  c_w.l(_printf_percent_end.o)
    0x0800022a   0x0800022a   0x00000002   Code   RO         4277    .ARM.Collect$$libinit$$00000000  c_w.l(libinit.o)
    0x0800022c   0x0800022c   0x00000004   Code   RO         4283    .ARM.Collect$$libinit$$00000001  c_w.l(libinit2.o)
    0x08000230   0x08000230   0x00000000   Code   RO         4286    .ARM.Collect$$libinit$$00000004  c_w.l(libinit2.o)
    0x08000230   0x08000230   0x00000000   Code   RO         4289    .ARM.Collect$$libinit$$0000000A  c_w.l(libinit2.o)
    0x08000230   0x08000230   0x00000000   Code   RO         4291    .ARM.Collect$$libinit$$0000000C  c_w.l(libinit2.o)
    0x08000230   0x08000230   0x00000000   Code   RO         4293    .ARM.Collect$$libinit$$0000000E  c_w.l(libinit2.o)
    0x08000230   0x08000230   0x00000000   Code   RO         4296    .ARM.Collect$$libinit$$00000011  c_w.l(libinit2.o)
    0x08000230   0x08000230   0x00000000   Code   RO         4298    .ARM.Collect$$libinit$$00000013  c_w.l(libinit2.o)
    0x08000230   0x08000230   0x00000000   Code   RO         4300    .ARM.Collect$$libinit$$00000015  c_w.l(libinit2.o)
    0x08000230   0x08000230   0x00000000   Code   RO         4302    .ARM.Collect$$libinit$$00000017  c_w.l(libinit2.o)
    0x08000230   0x08000230   0x00000000   Code   RO         4304    .ARM.Collect$$libinit$$00000019  c_w.l(libinit2.o)
    0x08000230   0x08000230   0x00000000   Code   RO         4306    .ARM.Collect$$libinit$$0000001B  c_w.l(libinit2.o)
    0x08000230   0x08000230   0x00000000   Code   RO         4308    .ARM.Collect$$libinit$$0000001D  c_w.l(libinit2.o)
    0x08000230   0x08000230   0x00000000   Code   RO         4310    .ARM.Collect$$libinit$$0000001F  c_w.l(libinit2.o)
    0x08000230   0x08000230   0x00000000   Code   RO         4312    .ARM.Collect$$libinit$$00000021  c_w.l(libinit2.o)
    0x08000230   0x08000230   0x00000000   Code   RO         4314    .ARM.Collect$$libinit$$00000023  c_w.l(libinit2.o)
    0x08000230   0x08000230   0x00000000   Code   RO         4316    .ARM.Collect$$libinit$$00000025  c_w.l(libinit2.o)
    0x08000230   0x08000230   0x00000000   Code   RO         4320    .ARM.Collect$$libinit$$0000002C  c_w.l(libinit2.o)
    0x08000230   0x08000230   0x00000000   Code   RO         4322    .ARM.Collect$$libinit$$0000002E  c_w.l(libinit2.o)
    0x08000230   0x08000230   0x00000000   Code   RO         4324    .ARM.Collect$$libinit$$00000030  c_w.l(libinit2.o)
    0x08000230   0x08000230   0x00000000   Code   RO         4326    .ARM.Collect$$libinit$$00000032  c_w.l(libinit2.o)
    0x08000230   0x08000230   0x00000002   Code   RO         4327    .ARM.Collect$$libinit$$00000033  c_w.l(libinit2.o)
    0x08000232   0x08000232   0x00000002   Code   RO         4345    .ARM.Collect$$libshutdown$$00000000  c_w.l(libshutdown.o)
    0x08000234   0x08000234   0x00000000   Code   RO         4355    .ARM.Collect$$libshutdown$$00000002  c_w.l(libshutdown2.o)
    0x08000234   0x08000234   0x00000000   Code   RO         4357    .ARM.Collect$$libshutdown$$00000004  c_w.l(libshutdown2.o)
    0x08000234   0x08000234   0x00000000   Code   RO         4360    .ARM.Collect$$libshutdown$$00000007  c_w.l(libshutdown2.o)
    0x08000234   0x08000234   0x00000000   Code   RO         4363    .ARM.Collect$$libshutdown$$0000000A  c_w.l(libshutdown2.o)
    0x08000234   0x08000234   0x00000000   Code   RO         4365    .ARM.Collect$$libshutdown$$0000000C  c_w.l(libshutdown2.o)
    0x08000234   0x08000234   0x00000000   Code   RO         4368    .ARM.Collect$$libshutdown$$0000000F  c_w.l(libshutdown2.o)
    0x08000234   0x08000234   0x00000002   Code   RO         4369    .ARM.Collect$$libshutdown$$00000010  c_w.l(libshutdown2.o)
    0x08000236   0x08000236   0x00000000   Code   RO         4234    .ARM.Collect$$rtentry$$00000000  c_w.l(__rtentry.o)
    0x08000236   0x08000236   0x00000000   Code   RO         4246    .ARM.Collect$$rtentry$$00000002  c_w.l(__rtentry2.o)
    0x08000236   0x08000236   0x00000006   Code   RO         4258    .ARM.Collect$$rtentry$$00000004  c_w.l(__rtentry4.o)
    0x0800023c   0x0800023c   0x00000000   Code   RO         4248    .ARM.Collect$$rtentry$$00000009  c_w.l(__rtentry2.o)
    0x0800023c   0x0800023c   0x00000004   Code   RO         4249    .ARM.Collect$$rtentry$$0000000A  c_w.l(__rtentry2.o)
    0x08000240   0x08000240   0x00000000   Code   RO         4251    .ARM.Collect$$rtentry$$0000000C  c_w.l(__rtentry2.o)
    0x08000240   0x08000240   0x00000008   Code   RO         4252    .ARM.Collect$$rtentry$$0000000D  c_w.l(__rtentry2.o)
    0x08000248   0x08000248   0x00000002   Code   RO         4281    .ARM.Collect$$rtexit$$00000000  c_w.l(rtexit.o)
    0x0800024a   0x0800024a   0x00000000   Code   RO         4329    .ARM.Collect$$rtexit$$00000002  c_w.l(rtexit2.o)
    0x0800024a   0x0800024a   0x00000004   Code   RO         4330    .ARM.Collect$$rtexit$$00000003  c_w.l(rtexit2.o)
    0x0800024e   0x0800024e   0x00000006   Code   RO         4331    .ARM.Collect$$rtexit$$00000004  c_w.l(rtexit2.o)
    0x08000254   0x08000254   0x00000040   Code   RO          836    .text               startup_stm32f429xx.o
    0x08000294   0x08000294   0x00000002   Code   RO         4163    .text               c_w.l(use_no_semi_2.o)
    0x08000296   0x08000296   0x00000002   PAD
    0x08000298   0x08000298   0x00000018   Code   RO         4167    .text               c_w.l(noretval__2printf.o)
    0x080002b0   0x080002b0   0x00000068   Code   RO         4169    .text               c_w.l(__printf.o)
    0x08000318   0x08000318   0x00000058   Code   RO         4174    .text               c_w.l(_printf_hex_int.o)
    0x08000370   0x08000370   0x00000064   Code   RO         4214    .text               c_w.l(rt_memcpy_w.o)
    0x080003d4   0x080003d4   0x00000006   Code   RO         4216    .text               c_w.l(heapauxi.o)
    0x080003da   0x080003da   0x00000002   Code   RO         4232    .text               c_w.l(use_no_semi.o)
    0x080003dc   0x080003dc   0x000000b2   Code   RO         4235    .text               c_w.l(_printf_intcommon.o)
    0x0800048e   0x0800048e   0x00000002   PAD
    0x08000490   0x08000490   0x00000024   Code   RO         4237    .text               c_w.l(_printf_char_file.o)
    0x080004b4   0x080004b4   0x00000030   Code   RO         4260    .text               c_w.l(_printf_char_common.o)
    0x080004e4   0x080004e4   0x00000008   Code   RO         4262    .text               c_w.l(ferror.o)
    0x080004ec   0x080004ec   0x0000004a   Code   RO         4266    .text               c_w.l(sys_stackheap_outer.o)
    0x08000536   0x08000536   0x00000012   Code   RO         4270    .text               c_w.l(exit.o)
    0x08000548   0x08000548   0x00000008   Code   RO         4278    .text               c_w.l(libspace.o)
    0x08000550   0x08000550   0x00000002   Code   RO          416    i.BusFault_Handler  stm32f4xx_it.o
    0x08000552   0x08000552   0x00000002   PAD
    0x08000554   0x08000554   0x0000003c   Code   RO         3846    i.CAN1_ID_Receive_Msg  can.o
    0x08000590   0x08000590   0x00000044   Code   RO         3847    i.CAN1_ID_Send_Msg  can.o
    0x080005d4   0x080005d4   0x0000006c   Code   RO         3848    i.CAN1_Mode_Init    can.o
    0x08000640   0x08000640   0x00000020   Code   RO         3849    i.CAN1_RX0_IRQHandler  can.o
    0x08000660   0x08000660   0x00000020   Code   RO         3852    i.CAN1_TX_IRQHandler  can.o
    0x08000680   0x08000680   0x00000012   Code   RO         3853    i.CAN_Delay_Us      can.o
    0x08000692   0x08000692   0x00000002   PAD
    0x08000694   0x08000694   0x00000064   Code   RO         3854    i.CAN_RoboModule_DRV_Config  can.o
    0x080006f8   0x080006f8   0x00000058   Code   RO         3855    i.CAN_RoboModule_DRV_Mode_Choice  can.o
    0x08000750   0x08000750   0x00000054   Code   RO         3858    i.CAN_RoboModule_DRV_Reset  can.o
    0x080007a4   0x080007a4   0x0000008c   Code   RO         3859    i.CAN_RoboModule_DRV_Velocity_Mode  can.o
    0x08000830   0x08000830   0x000001a8   Code   RO            4    i.DIS               main.o
    0x080009d8   0x080009d8   0x00000002   Code   RO          417    i.DebugMon_Handler  stm32f4xx_it.o
    0x080009da   0x080009da   0x00000008   Code   RO         3960    i.EXTI15_10_IRQHandler  exti.o
    0x080009e2   0x080009e2   0x00000006   Code   RO         3961    i.EXTI2_IRQHandler  exti.o
    0x080009e8   0x080009e8   0x00000006   Code   RO         3962    i.EXTI3_IRQHandler  exti.o
    0x080009ee   0x080009ee   0x00000006   Code   RO         3963    i.EXTI4_IRQHandler  exti.o
    0x080009f4   0x080009f4   0x00000006   Code   RO         3964    i.EXTI9_5_IRQHandler  exti.o
    0x080009fa   0x080009fa   0x00000002   PAD
    0x080009fc   0x080009fc   0x000000ac   Code   RO         3965    i.EXTI_Init         exti.o
    0x08000aa8   0x08000aa8   0x00000040   Code   RO         2170    i.FMC_NORSRAM_Extended_Timing_Init  stm32f4xx_ll_fmc.o
    0x08000ae8   0x08000ae8   0x00000078   Code   RO         2171    i.FMC_NORSRAM_Init  stm32f4xx_ll_fmc.o
    0x08000b60   0x08000b60   0x0000005c   Code   RO         2172    i.FMC_NORSRAM_Timing_Init  stm32f4xx_ll_fmc.o
    0x08000bbc   0x08000bbc   0x0000004c   Code   RO         2182    i.FMC_SDRAM_Init    stm32f4xx_ll_fmc.o
    0x08000c08   0x08000c08   0x0000000c   Code   RO         2183    i.FMC_SDRAM_ProgramRefreshRate  stm32f4xx_ll_fmc.o
    0x08000c14   0x08000c14   0x00000048   Code   RO         2184    i.FMC_SDRAM_SendCommand  stm32f4xx_ll_fmc.o
    0x08000c5c   0x08000c5c   0x0000007c   Code   RO         2186    i.FMC_SDRAM_Timing_Init  stm32f4xx_ll_fmc.o
    0x08000cd8   0x08000cd8   0x000000e4   Code   RO         3078    i.HAL_CAN_ConfigFilter  stm32f4xx_hal_can.o
    0x08000dbc   0x08000dbc   0x00000144   Code   RO         3084    i.HAL_CAN_Init      stm32f4xx_hal_can.o
    0x08000f00   0x08000f00   0x00000054   Code   RO         3860    i.HAL_CAN_MspInit   can.o
    0x08000f54   0x08000f54   0x00000140   Code   RO         3087    i.HAL_CAN_Receive   stm32f4xx_hal_can.o
    0x08001094   0x08001094   0x00000174   Code   RO         3091    i.HAL_CAN_Transmit  stm32f4xx_hal_can.o
    0x08001208   0x08001208   0x00000080   Code   RO         3966    i.HAL_GPIO_EXTI_Callback  exti.o
    0x08001288   0x08001288   0x00000018   Code   RO         1126    i.HAL_GPIO_EXTI_IRQHandler  stm32f4xx_hal_gpio.o
    0x080012a0   0x080012a0   0x000001dc   Code   RO         1127    i.HAL_GPIO_Init     stm32f4xx_hal_gpio.o
    0x0800147c   0x0800147c   0x0000000a   Code   RO         1129    i.HAL_GPIO_ReadPin  stm32f4xx_hal_gpio.o
    0x08001486   0x08001486   0x0000000a   Code   RO         1131    i.HAL_GPIO_WritePin  stm32f4xx_hal_gpio.o
    0x08001490   0x08001490   0x0000000c   Code   RO          858    i.HAL_GetTick       stm32f4xx_hal.o
    0x0800149c   0x0800149c   0x00000010   Code   RO          859    i.HAL_IncTick       stm32f4xx_hal.o
    0x080014ac   0x080014ac   0x00000034   Code   RO          860    i.HAL_Init          stm32f4xx_hal.o
    0x080014e0   0x080014e0   0x00000022   Code   RO          861    i.HAL_InitTick      stm32f4xx_hal.o
    0x08001502   0x08001502   0x00000052   Code   RO         2611    i.HAL_LTDC_ConfigLayer  stm32f4xx_hal_ltdc.o
    0x08001554   0x08001554   0x000000fc   Code   RO         2623    i.HAL_LTDC_Init     stm32f4xx_hal_ltdc.o
    0x08001650   0x08001650   0x000000f4   Code   RO         3668    i.HAL_LTDC_MspInit  ltdc.o
    0x08001744   0x08001744   0x00000054   Code   RO         2632    i.HAL_LTDC_SetWindowPosition  stm32f4xx_hal_ltdc.o
    0x08001798   0x08001798   0x00000054   Code   RO         2633    i.HAL_LTDC_SetWindowSize  stm32f4xx_hal_ltdc.o
    0x080017ec   0x080017ec   0x00000008   Code   RO          863    i.HAL_MspInit       stm32f4xx_hal.o
    0x080017f4   0x080017f4   0x00000016   Code   RO         1004    i.HAL_NVIC_EnableIRQ  stm32f4xx_hal_cortex.o
    0x0800180a   0x0800180a   0x00000002   PAD
    0x0800180c   0x0800180c   0x00000040   Code   RO         1010    i.HAL_NVIC_SetPriority  stm32f4xx_hal_cortex.o
    0x0800184c   0x0800184c   0x00000024   Code   RO         1011    i.HAL_NVIC_SetPriorityGrouping  stm32f4xx_hal_cortex.o
    0x08001870   0x08001870   0x00000088   Code   RO         1316    i.HAL_PWREx_EnableOverDrive  stm32f4xx_hal_pwr_ex.o
    0x080018f8   0x080018f8   0x000002a8   Code   RO         1488    i.HAL_RCCEx_PeriphCLKConfig  stm32f4xx_hal_rcc_ex.o
    0x08001ba0   0x08001ba0   0x00000208   Code   RO         1383    i.HAL_RCC_ClockConfig  stm32f4xx_hal_rcc.o
    0x08001da8   0x08001da8   0x00000034   Code   RO         1388    i.HAL_RCC_GetHCLKFreq  stm32f4xx_hal_rcc.o
    0x08001ddc   0x08001ddc   0x0000002c   Code   RO         1390    i.HAL_RCC_GetPCLK1Freq  stm32f4xx_hal_rcc.o
    0x08001e08   0x08001e08   0x0000002c   Code   RO         1391    i.HAL_RCC_GetPCLK2Freq  stm32f4xx_hal_rcc.o
    0x08001e34   0x08001e34   0x00000074   Code   RO         1392    i.HAL_RCC_GetSysClockFreq  stm32f4xx_hal_rcc.o
    0x08001ea8   0x08001ea8   0x0000031c   Code   RO         1395    i.HAL_RCC_OscConfig  stm32f4xx_hal_rcc.o
    0x080021c4   0x080021c4   0x00000042   Code   RO         2806    i.HAL_SDRAM_Init    stm32f4xx_hal_sdram.o
    0x08002206   0x08002206   0x00000002   PAD
    0x08002208   0x08002208   0x000000dc   Code   RO         3788    i.HAL_SDRAM_MspInit  sdram.o
    0x080022e4   0x080022e4   0x00000022   Code   RO         2809    i.HAL_SDRAM_ProgramRefreshRate  stm32f4xx_hal_sdram.o
    0x08002306   0x08002306   0x0000002e   Code   RO         2815    i.HAL_SDRAM_SendCommand  stm32f4xx_hal_sdram.o
    0x08002334   0x08002334   0x00000056   Code   RO         2960    i.HAL_SRAM_Init     stm32f4xx_hal_sram.o
    0x0800238a   0x0800238a   0x00000002   PAD
    0x0800238c   0x0800238c   0x00000078   Code   RO         3445    i.HAL_SRAM_MspInit  lcd.o
    0x08002404   0x08002404   0x00000018   Code   RO         1013    i.HAL_SYSTICK_CLKSourceConfig  stm32f4xx_hal_cortex.o
    0x0800241c   0x0800241c   0x00000028   Code   RO         1015    i.HAL_SYSTICK_Config  stm32f4xx_hal_cortex.o
    0x08002444   0x08002444   0x00000002   Code   RO         1535    i.HAL_UART_ErrorCallback  stm32f4xx_hal_uart.o
    0x08002446   0x08002446   0x00000006   Code   RO         1537    i.HAL_UART_GetState  stm32f4xx_hal_uart.o
    0x0800244c   0x0800244c   0x000000f4   Code   RO         1538    i.HAL_UART_IRQHandler  stm32f4xx_hal_uart.o
    0x08002540   0x08002540   0x0000005e   Code   RO         1539    i.HAL_UART_Init     stm32f4xx_hal_uart.o
    0x0800259e   0x0800259e   0x00000002   PAD
    0x080025a0   0x080025a0   0x0000007c   Code   RO         3278    i.HAL_UART_MspInit  usart.o
    0x0800261c   0x0800261c   0x00000068   Code   RO         1544    i.HAL_UART_Receive_IT  stm32f4xx_hal_uart.o
    0x08002684   0x08002684   0x00000058   Code   RO         3279    i.HAL_UART_RxCpltCallback  usart.o
    0x080026dc   0x080026dc   0x00000002   Code   RO         1550    i.HAL_UART_TxCpltCallback  stm32f4xx_hal_uart.o
    0x080026de   0x080026de   0x00000002   Code   RO          418    i.HardFault_Handler  stm32f4xx_it.o
    0x080026e0   0x080026e0   0x00000048   Code   RO         3447    i.LCD_Clear         lcd.o
    0x08002728   0x08002728   0x000000f4   Code   RO         3451    i.LCD_Display_Dir   lcd.o
    0x0800281c   0x0800281c   0x000000fc   Code   RO         3456    i.LCD_Fast_DrawPoint  lcd.o
    0x08002918   0x08002918   0x0000238c   Code   RO         3458    i.LCD_Init          lcd.o
    0x08004ca4   0x08004ca4   0x00000010   Code   RO         3459    i.LCD_Pow           lcd.o
    0x08004cb4   0x08004cb4   0x00000014   Code   RO         3460    i.LCD_RD_DATA       lcd.o
    0x08004cc8   0x08004cc8   0x00000050   Code   RO         3463    i.LCD_SSD_BackLightSet  lcd.o
    0x08004d18   0x08004d18   0x000001b8   Code   RO         3464    i.LCD_Scan_Dir      lcd.o
    0x08004ed0   0x08004ed0   0x00000104   Code   RO         3465    i.LCD_SetCursor     lcd.o
    0x08004fd4   0x08004fd4   0x000000dc   Code   RO         3467    i.LCD_ShowChar      lcd.o
    0x080050b0   0x080050b0   0x00000054   Code   RO         3469    i.LCD_ShowString    lcd.o
    0x08005104   0x08005104   0x00000086   Code   RO         3470    i.LCD_ShowxNum      lcd.o
    0x0800518a   0x0800518a   0x00000002   PAD
    0x0800518c   0x0800518c   0x00000018   Code   RO         3471    i.LCD_WR_DATA       lcd.o
    0x080051a4   0x080051a4   0x00000018   Code   RO         3472    i.LCD_WR_REG        lcd.o
    0x080051bc   0x080051bc   0x00000014   Code   RO         3474    i.LCD_WriteRAM_Prepare  lcd.o
    0x080051d0   0x080051d0   0x00000010   Code   RO         3475    i.LCD_WriteReg      lcd.o
    0x080051e0   0x080051e0   0x00000088   Code   RO         3344    i.LED_Init          led.o
    0x08005268   0x08005268   0x00000020   Code   RO         3669    i.LTDC_Clear        ltdc.o
    0x08005288   0x08005288   0x0000001e   Code   RO         3670    i.LTDC_Clk_Set      ltdc.o
    0x080052a6   0x080052a6   0x00000002   PAD
    0x080052a8   0x080052a8   0x00000028   Code   RO         3672    i.LTDC_Display_Dir  ltdc.o
    0x080052d0   0x080052d0   0x0000003c   Code   RO         3673    i.LTDC_Draw_Point   ltdc.o
    0x0800530c   0x0800530c   0x000000b4   Code   RO         3674    i.LTDC_Fill         ltdc.o
    0x080053c0   0x080053c0   0x000001b4   Code   RO         3675    i.LTDC_Init         ltdc.o
    0x08005574   0x08005574   0x0000005c   Code   RO         3676    i.LTDC_Layer_Parameter_Config  ltdc.o
    0x080055d0   0x080055d0   0x00000024   Code   RO         3678    i.LTDC_Layer_Window_Config  ltdc.o
    0x080055f4   0x080055f4   0x000000b8   Code   RO         3679    i.LTDC_PanelID_Read  ltdc.o
    0x080056ac   0x080056ac   0x00000162   Code   RO         2634    i.LTDC_SetConfig    stm32f4xx_hal_ltdc.o
    0x0800580e   0x0800580e   0x00000002   Code   RO          419    i.MemManage_Handler  stm32f4xx_it.o
    0x08005810   0x08005810   0x00000002   Code   RO          420    i.NMI_Handler       stm32f4xx_it.o
    0x08005812   0x08005812   0x00000020   Code   RO         1017    i.NVIC_SetPriority  stm32f4xx_hal_cortex.o
    0x08005832   0x08005832   0x00000002   PAD
    0x08005834   0x08005834   0x00000018   Code   RO         4030    i.PS2_ClearData     pstwo.o
    0x0800584c   0x0800584c   0x0000008c   Code   RO         4031    i.PS2_Cmd           pstwo.o
    0x080058d8   0x080058d8   0x00000040   Code   RO         4032    i.PS2_DataKey       pstwo.o
    0x08005918   0x08005918   0x0000005c   Code   RO         4034    i.PS2_EnterConfing  pstwo.o
    0x08005974   0x08005974   0x0000005c   Code   RO         4035    i.PS2_ExitConfing   pstwo.o
    0x080059d0   0x080059d0   0x00000064   Code   RO         4036    i.PS2_Init          pstwo.o
    0x08005a34   0x08005a34   0x000000b0   Code   RO         4038    i.PS2_ReadData      pstwo.o
    0x08005ae4   0x08005ae4   0x00000022   Code   RO         4040    i.PS2_SetInit       pstwo.o
    0x08005b06   0x08005b06   0x00000002   PAD
    0x08005b08   0x08005b08   0x00000044   Code   RO         4041    i.PS2_ShortPoll     pstwo.o
    0x08005b4c   0x08005b4c   0x00000058   Code   RO         4042    i.PS2_TurnOnAnalogMode  pstwo.o
    0x08005ba4   0x08005ba4   0x00000044   Code   RO         4044    i.PS2_VibrationMode  pstwo.o
    0x08005be8   0x08005be8   0x00000002   Code   RO          421    i.PendSV_Handler    stm32f4xx_it.o
    0x08005bea   0x08005bea   0x00000002   PAD
    0x08005bec   0x08005bec   0x00000060   Code   RO         3789    i.SDRAM_Init        sdram.o
    0x08005c4c   0x08005c4c   0x00000050   Code   RO         3790    i.SDRAM_Initialization_Sequence  sdram.o
    0x08005c9c   0x08005c9c   0x00000034   Code   RO         3791    i.SDRAM_Send_Cmd    sdram.o
    0x08005cd0   0x08005cd0   0x00000002   Code   RO          422    i.SVC_Handler       stm32f4xx_it.o
    0x08005cd2   0x08005cd2   0x00000002   PAD
    0x08005cd4   0x08005cd4   0x00000084   Code   RO         3251    i.Stm32_Clock_Init  sys.o
    0x08005d58   0x08005d58   0x00000004   Code   RO          423    i.SysTick_Handler   stm32f4xx_it.o
    0x08005d5c   0x08005d5c   0x00000054   Code   RO          701    i.SystemInit        system_stm32f4xx.o
    0x08005db0   0x08005db0   0x000000a6   Code   RO         1557    i.UART_Receive_IT   stm32f4xx_hal_uart.o
    0x08005e56   0x08005e56   0x00000002   PAD
    0x08005e58   0x08005e58   0x00000174   Code   RO         1558    i.UART_SetConfig    stm32f4xx_hal_uart.o
    0x08005fcc   0x08005fcc   0x00000066   Code   RO         1559    i.UART_Transmit_IT  stm32f4xx_hal_uart.o
    0x08006032   0x08006032   0x00000002   PAD
    0x08006034   0x08006034   0x0000002c   Code   RO         3280    i.USART1_IRQHandler  usart.o
    0x08006060   0x08006060   0x000000b8   Code   RO         3405    i.USART3_IRQHandler  usart3.o
    0x08006118   0x08006118   0x00000002   Code   RO          424    i.UsageFault_Handler  stm32f4xx_it.o
    0x0800611a   0x0800611a   0x00000002   Code   RO         3281    i._sys_exit         usart.o
    0x0800611c   0x0800611c   0x00000240   Code   RO            5    i.back              main.o
    0x0800635c   0x0800635c   0x00000014   Code   RO         3206    i.delay_init        delay.o
    0x08006370   0x08006370   0x0000001a   Code   RO         3207    i.delay_ms          delay.o
    0x0800638a   0x0800638a   0x00000002   PAD
    0x0800638c   0x0800638c   0x00000034   Code   RO         3208    i.delay_us          delay.o
    0x080063c0   0x080063c0   0x00000064   Code   RO            6    i.down              main.o
    0x08006424   0x08006424   0x00000014   Code   RO         3282    i.fputc             usart.o
    0x08006438   0x08006438   0x00000028   Code   RO            7    i.gback             main.o
    0x08006460   0x08006460   0x00000028   Code   RO            8    i.gup               main.o
    0x08006488   0x08006488   0x00000014   Code   RO            9    i.jdz               main.o
    0x0800649c   0x0800649c   0x00000124   Code   RO           10    i.jzzx              main.o
    0x080065c0   0x080065c0   0x00000464   Code   RO           11    i.kszx              main.o
    0x08006a24   0x08006a24   0x0000001c   Code   RO           12    i.lback             main.o
    0x08006a40   0x08006a40   0x00000104   Code   RO           13    i.left              main.o
    0x08006b44   0x08006b44   0x0000000e   Code   RO           14    i.lrup              main.o
    0x08006b52   0x08006b52   0x00000002   PAD
    0x08006b54   0x08006b54   0x0000001c   Code   RO           15    i.lup               main.o
    0x08006b70   0x08006b70   0x000001a8   Code   RO           16    i.main              main.o
    0x08006d18   0x08006d18   0x0000001c   Code   RO           17    i.rback             main.o
    0x08006d34   0x08006d34   0x0000010c   Code   RO           18    i.right             main.o
    0x08006e40   0x08006e40   0x0000001c   Code   RO           19    i.rup               main.o
    0x08006e5c   0x08006e5c   0x00000194   Code   RO           20    i.start             main.o
    0x08006ff0   0x08006ff0   0x00000218   Code   RO           21    i.totz1             main.o
    0x08007208   0x08007208   0x00000270   Code   RO           22    i.totz2             main.o
    0x08007478   0x08007478   0x000000a4   Code   RO         3406    i.uart3_init        usart3.o
    0x0800751c   0x0800751c   0x00000038   Code   RO         3283    i.uart_init         usart.o
    0x08007554   0x08007554   0x00000064   Code   RO           23    i.up                main.o
    0x080075b8   0x080075b8   0x0000001c   Code   RO           24    i.zx0               main.o
    0x080075d4   0x080075d4   0x00000020   Code   RO           25    i.zx90              main.o
    0x080075f4   0x080075f4   0x0000005a   Code   RO         4220    x$fpl$dfixu         fz_wm.l(dfixu.o)
    0x0800764e   0x0800764e   0x00000026   Code   RO         4224    x$fpl$dfltu         fz_wm.l(dflt_clz.o)
    0x08007674   0x08007674   0x00000154   Code   RO         4230    x$fpl$dmul          fz_wm.l(dmul.o)
    0x080077c8   0x080077c8   0x0000009c   Code   RO         4240    x$fpl$dnaninf       fz_wm.l(dnaninf.o)
    0x08007864   0x08007864   0x0000000c   Code   RO         4242    x$fpl$dretinf       fz_wm.l(dretinf.o)
    0x08007870   0x08007870   0x0000000a   Code   RO         4337    x$fpl$fpinit        fz_wm.l(fpinit.o)
    0x0800787a   0x0800787a   0x00000000   Code   RO         4244    x$fpl$usenofp       fz_wm.l(usenofp.o)
    0x0800787a   0x0800787a   0x00000010   Data   RO         1396    .constdata          stm32f4xx_hal_rcc.o
    0x0800788a   0x0800788a   0x00004740   Data   RO         3478    .constdata          lcd.o
    0x0800bfca   0x0800bfca   0x00000028   Data   RO         4175    .constdata          c_w.l(_printf_hex_int.o)
    0x0800bff2   0x0800bff2   0x00000002   PAD
    0x0800bff4   0x0800bff4   0x00000020   Data   RO         4401    Region$$Table       anon$$obj.o


    Execution Region RW_IRAM1 (Exec base: 0x20000000, Load base: 0x0800c014, Size: 0x00000a70, Max: 0x00030000, ABSOLUTE)

    Exec Addr    Load Addr    Size         Type   Attr      Idx    E Section Name        Object

    0x20000000   0x0800c014   0x00000004   Data   RW           27    .data               main.o
    0x20000004   0x0800c018   0x0000000c   Data   RW           28    .data               main.o
    0x20000010   0x0800c024   0x00000014   Data   RW          702    .data               system_stm32f4xx.o
    0x20000024   0x0800c038   0x00000004   Data   RW          866    .data               stm32f4xx_hal.o
    0x20000028   0x0800c03c   0x00000004   Data   RW         3209    .data               delay.o
    0x2000002c   0x0800c040   0x00000004   Data   RW         3285    .data               usart.o
    0x20000030   0x0800c044   0x00000004   Data   RW         3286    .data               usart.o
    0x20000034   0x0800c048   0x0000001c   Data   RW         3409    .data               usart3.o
    0x20000050   0x0800c064   0x00000008   Data   RW         3479    .data               lcd.o
    0x20000058   0x0800c06c   0x00000008   Data   RW         3686    .data               ltdc.o
    0x20000060   0x0800c074   0x00000024   Data   RW         3862    .data               can.o
    0x20000084   0x0800c098   0x00000005   Data   RW         3967    .data               exti.o
    0x20000089   0x0800c09d   0x00000001   PAD
    0x2000008a   0x0800c09e   0x00000028   Data   RW         4046    .data               pstwo.o
    0x200000b2   0x0800c0c6   0x00000002   PAD
    0x200000b4        -       0x00000108   Zero   RW         3284    .bss                usart.o
    0x200001bc        -       0x00000058   Zero   RW         3407    .bss                usart3.o
    0x20000214        -       0x0000005e   Zero   RW         3477    .bss                lcd.o
    0x20000272   0x0800c0c6   0x00000002   PAD
    0x20000274        -       0x000000c8   Zero   RW         3684    .bss                ltdc.o
    0x2000033c        -       0x00000034   Zero   RW         3792    .bss                sdram.o
    0x20000370        -       0x00000090   Zero   RW         3861    .bss                can.o
    0x20000400        -       0x00000009   Zero   RW         4045    .bss                pstwo.o
    0x20000409   0x0800c0c6   0x00000003   PAD
    0x2000040c        -       0x00000060   Zero   RW         4279    .bss                c_w.l(libspace.o)
    0x2000046c   0x0800c0c6   0x00000004   PAD
    0x20000470        -       0x00000200   Zero   RW          834    HEAP                startup_stm32f429xx.o
    0x20000670        -       0x00000400   Zero   RW          833    STACK               startup_stm32f429xx.o



  Load Region LR$$.ARM.__AT_0xC0000000 (Base: 0xc0000000, Size: 0x00000000, Max: 0x001f4000, ABSOLUTE)

    Execution Region ER$$.ARM.__AT_0xC0000000 (Exec base: 0xc0000000, Load base: 0xc0000000, Size: 0x001f4000, Max: 0x001f4000, ABSOLUTE, UNINIT)

    Exec Addr    Load Addr    Size         Type   Attr      Idx    E Section Name        Object

    0xc0000000        -       0x001f4000   Zero   RW         3683    .ARM.__AT_0xC0000000  ltdc.o


==============================================================================

Image component sizes


      Code (inc. data)   RO Data    RW Data    ZI Data      Debug   Object Name

       814         92          0         36        144       9389   can.o
        98          8          0          4          0       4443   delay.o
       332         30          0          5          0       4501   exti.o
     11126        178      18240          8         94      20584   lcd.o
       136         18          0          0          0        983   led.o
      1334        112          0          8    2048200       9492   ltdc.o
      5418        350          0         16          0      19642   main.o
       946         78          0         40          9       8071   pstwo.o
       448         46          0          0         52       3494   sdram.o
        64         26        428          0       1536        836   startup_stm32f429xx.o
       122         16          0          4          0       4236   stm32f4xx_hal.o
      1244         22          0          0          0       4739   stm32f4xx_hal_can.o
       218         14          0          0          0      30989   stm32f4xx_hal_cortex.o
       520         60          0          0          0       4002   stm32f4xx_hal_gpio.o
       856          4          0          0          0       4825   stm32f4xx_hal_ltdc.o
       136         14          0          0          0       1328   stm32f4xx_hal_pwr_ex.o
      1572         72         16          0          0       6467   stm32f4xx_hal_rcc.o
       680         36          0          0          0       1700   stm32f4xx_hal_rcc_ex.o
       146          0          0          0          0       2776   stm32f4xx_hal_sdram.o
        86          0          0          0          0       1244   stm32f4xx_hal_sram.o
      1092          8          0          0          0       7519   stm32f4xx_hal_uart.o
        20          0          0          0          0     411466   stm32f4xx_it.o
       560         20          0          0          0       6092   stm32f4xx_ll_fmc.o
       132         10          0          0          0       1167   sys.o
        84         18          0         20          0       1081   system_stm32f4xx.o
       334         52          0          8        264       5509   usart.o
       348         46          0         28         88       2511   usart3.o

    ----------------------------------------------------------------------
     28900       1330      18716        180    2050392     579086   Object Totals
         0          0         32          0          0          0   (incl. Generated)
        34          0          0          3          5          0   (incl. Padding)

    ----------------------------------------------------------------------

      Code (inc. data)   RO Data    RW Data    ZI Data      Debug   Library Member Name

         8          0          0          0          0         68   __main.o
       104          0          0          0          0         84   __printf.o
         0          0          0          0          0          0   __rtentry.o
        12          0          0          0          0          0   __rtentry2.o
         6          0          0          0          0          0   __rtentry4.o
        52          8          0          0          0          0   __scatter.o
        26          0          0          0          0          0   __scatter_copy.o
        28          0          0          0          0          0   __scatter_zi.o
        48          6          0          0          0         96   _printf_char_common.o
        36          4          0          0          0         80   _printf_char_file.o
        88          4         40          0          0         88   _printf_hex_int.o
       178          0          0          0          0         88   _printf_intcommon.o
         0          0          0          0          0          0   _printf_percent.o
         4          0          0          0          0          0   _printf_percent_end.o
         6          0          0          0          0          0   _printf_x.o
        18          0          0          0          0         80   exit.o
         8          0          0          0          0         68   ferror.o
         6          0          0          0          0        152   heapauxi.o
         2          0          0          0          0          0   libinit.o
         6          0          0          0          0          0   libinit2.o
         2          0          0          0          0          0   libshutdown.o
         2          0          0          0          0          0   libshutdown2.o
         8          4          0          0         96         68   libspace.o
        24          4          0          0          0         84   noretval__2printf.o
       100          0          0          0          0         80   rt_memcpy_w.o
         2          0          0          0          0          0   rtexit.o
        10          0          0          0          0          0   rtexit2.o
        74          0          0          0          0         80   sys_stackheap_outer.o
         2          0          0          0          0         68   use_no_semi.o
         2          0          0          0          0         68   use_no_semi_2.o
        90          4          0          0          0        140   dfixu.o
        38          0          0          0          0        116   dflt_clz.o
       340         12          0          0          0        152   dmul.o
       156          4          0          0          0        140   dnaninf.o
        12          0          0          0          0        116   dretinf.o
        10          0          0          0          0        116   fpinit.o
         0          0          0          0          0          0   usenofp.o

    ----------------------------------------------------------------------
      1514         50         42          0        100       2032   Library Totals
         6          0          2          0          4          0   (incl. Padding)

    ----------------------------------------------------------------------

      Code (inc. data)   RO Data    RW Data    ZI Data      Debug   Library Name

       862         30         40          0         96       1252   c_w.l
       646         20          0          0          0        780   fz_wm.l

    ----------------------------------------------------------------------
      1514         50         42          0        100       2032   Library Totals

    ----------------------------------------------------------------------

==============================================================================


      Code (inc. data)   RO Data    RW Data    ZI Data      Debug   

     30414       1380      18758        180    2050492     565346   Grand Totals
     30414       1380      18758        180    2050492     565346   ELF Image Totals
     30414       1380      18758        180          0          0   ROM Totals

==============================================================================

    Total RO  Size (Code + RO Data)                49172 (  48.02kB)
    Total RW  Size (RW Data + ZI Data)           2050672 (2002.61kB)
    Total ROM Size (Code + RO Data + RW Data)      49352 (  48.20kB)

==============================================================================

